Archive member included because of file (symbol)

c:/program files (x86)/atmel/atmel toolchain/avr8 gcc/native/3.4.1061/avr8-gnu-toolchain/bin/../lib/gcc/avr/4.8.1/../../../../avr/lib/avr5\libm.a(addsf3.o)
                              Driver_files/joy_driver.o (__subsf3)
c:/program files (x86)/atmel/atmel toolchain/avr8 gcc/native/3.4.1061/avr8-gnu-toolchain/bin/../lib/gcc/avr/4.8.1/../../../../avr/lib/avr5\libm.a(addsf3x.o)
                              c:/program files (x86)/atmel/atmel toolchain/avr8 gcc/native/3.4.1061/avr8-gnu-toolchain/bin/../lib/gcc/avr/4.8.1/../../../../avr/lib/avr5\libm.a(addsf3.o) (__addsf3x)
c:/program files (x86)/atmel/atmel toolchain/avr8 gcc/native/3.4.1061/avr8-gnu-toolchain/bin/../lib/gcc/avr/4.8.1/../../../../avr/lib/avr5\libm.a(cmpsf2.o)
                              Driver_files/joy_driver.o (__ltsf2)
c:/program files (x86)/atmel/atmel toolchain/avr8 gcc/native/3.4.1061/avr8-gnu-toolchain/bin/../lib/gcc/avr/4.8.1/../../../../avr/lib/avr5\libm.a(divsf3.o)
                              Driver_files/music_driver.o (__divsf3)
c:/program files (x86)/atmel/atmel toolchain/avr8 gcc/native/3.4.1061/avr8-gnu-toolchain/bin/../lib/gcc/avr/4.8.1/../../../../avr/lib/avr5\libm.a(divsf3x.o)
                              c:/program files (x86)/atmel/atmel toolchain/avr8 gcc/native/3.4.1061/avr8-gnu-toolchain/bin/../lib/gcc/avr/4.8.1/../../../../avr/lib/avr5\libm.a(divsf3.o) (__divsf3x)
c:/program files (x86)/atmel/atmel toolchain/avr8 gcc/native/3.4.1061/avr8-gnu-toolchain/bin/../lib/gcc/avr/4.8.1/../../../../avr/lib/avr5\libm.a(fixsfsi.o)
                              Driver_files/music_driver.o (__fixsfsi)
c:/program files (x86)/atmel/atmel toolchain/avr8 gcc/native/3.4.1061/avr8-gnu-toolchain/bin/../lib/gcc/avr/4.8.1/../../../../avr/lib/avr5\libm.a(fixunssfsi.o)
                              c:/program files (x86)/atmel/atmel toolchain/avr8 gcc/native/3.4.1061/avr8-gnu-toolchain/bin/../lib/gcc/avr/4.8.1/../../../../avr/lib/avr5\libm.a(fixsfsi.o) (__fixunssfsi)
c:/program files (x86)/atmel/atmel toolchain/avr8 gcc/native/3.4.1061/avr8-gnu-toolchain/bin/../lib/gcc/avr/4.8.1/../../../../avr/lib/avr5\libm.a(floatsisf.o)
                              Driver_files/music_driver.o (__floatunsisf)
c:/program files (x86)/atmel/atmel toolchain/avr8 gcc/native/3.4.1061/avr8-gnu-toolchain/bin/../lib/gcc/avr/4.8.1/../../../../avr/lib/avr5\libm.a(fp_cmp.o)
                              c:/program files (x86)/atmel/atmel toolchain/avr8 gcc/native/3.4.1061/avr8-gnu-toolchain/bin/../lib/gcc/avr/4.8.1/../../../../avr/lib/avr5\libm.a(cmpsf2.o) (__fp_cmp)
c:/program files (x86)/atmel/atmel toolchain/avr8 gcc/native/3.4.1061/avr8-gnu-toolchain/bin/../lib/gcc/avr/4.8.1/../../../../avr/lib/avr5\libm.a(fp_inf.o)
                              c:/program files (x86)/atmel/atmel toolchain/avr8 gcc/native/3.4.1061/avr8-gnu-toolchain/bin/../lib/gcc/avr/4.8.1/../../../../avr/lib/avr5\libm.a(addsf3x.o) (__fp_inf)
c:/program files (x86)/atmel/atmel toolchain/avr8 gcc/native/3.4.1061/avr8-gnu-toolchain/bin/../lib/gcc/avr/4.8.1/../../../../avr/lib/avr5\libm.a(fp_nan.o)
                              c:/program files (x86)/atmel/atmel toolchain/avr8 gcc/native/3.4.1061/avr8-gnu-toolchain/bin/../lib/gcc/avr/4.8.1/../../../../avr/lib/avr5\libm.a(addsf3x.o) (__fp_nan)
c:/program files (x86)/atmel/atmel toolchain/avr8 gcc/native/3.4.1061/avr8-gnu-toolchain/bin/../lib/gcc/avr/4.8.1/../../../../avr/lib/avr5\libm.a(fp_pscA.o)
                              c:/program files (x86)/atmel/atmel toolchain/avr8 gcc/native/3.4.1061/avr8-gnu-toolchain/bin/../lib/gcc/avr/4.8.1/../../../../avr/lib/avr5\libm.a(addsf3x.o) (__fp_pscA)
c:/program files (x86)/atmel/atmel toolchain/avr8 gcc/native/3.4.1061/avr8-gnu-toolchain/bin/../lib/gcc/avr/4.8.1/../../../../avr/lib/avr5\libm.a(fp_pscB.o)
                              c:/program files (x86)/atmel/atmel toolchain/avr8 gcc/native/3.4.1061/avr8-gnu-toolchain/bin/../lib/gcc/avr/4.8.1/../../../../avr/lib/avr5\libm.a(addsf3x.o) (__fp_pscB)
c:/program files (x86)/atmel/atmel toolchain/avr8 gcc/native/3.4.1061/avr8-gnu-toolchain/bin/../lib/gcc/avr/4.8.1/../../../../avr/lib/avr5\libm.a(fp_round.o)
                              c:/program files (x86)/atmel/atmel toolchain/avr8 gcc/native/3.4.1061/avr8-gnu-toolchain/bin/../lib/gcc/avr/4.8.1/../../../../avr/lib/avr5\libm.a(addsf3.o) (__fp_round)
c:/program files (x86)/atmel/atmel toolchain/avr8 gcc/native/3.4.1061/avr8-gnu-toolchain/bin/../lib/gcc/avr/4.8.1/../../../../avr/lib/avr5\libm.a(fp_split3.o)
                              c:/program files (x86)/atmel/atmel toolchain/avr8 gcc/native/3.4.1061/avr8-gnu-toolchain/bin/../lib/gcc/avr/4.8.1/../../../../avr/lib/avr5\libm.a(addsf3x.o) (__fp_split3)
c:/program files (x86)/atmel/atmel toolchain/avr8 gcc/native/3.4.1061/avr8-gnu-toolchain/bin/../lib/gcc/avr/4.8.1/../../../../avr/lib/avr5\libm.a(fp_zero.o)
[...]
Memory Configuration

Name             Origin             Length             Attributes
text             0x00000000         0x00020000         xr
data             0x00800060         0x0000ffa0         rw !x
eeprom           0x00810000         0x00010000         rw !x
fuse             0x00820000         0x00000400         rw !x
lock             0x00830000         0x00000400         rw !x
signature        0x00840000         0x00000400         rw !x
user_signatures  0x00850000         0x00000400         rw !x
*default*        0x00000000         0xffffffff

Linker script and memory map

Address of section .data set to 0x800100
LOAD c:/program files (x86)/atmel/atmel toolchain/avr8 gcc/native/3.4.1061/avr8-gnu-toolchain/bin/../lib/gcc/avr/4.8.1/../../../../avr/lib/avr5/crtm162.o
LOAD Driver_files/EEPROM_driver.o
LOAD Driver_files/message_handler.o
LOAD Driver_files/music_driver.o
LOAD Driver_files/SPI_driver.o
LOAD Game_files/highscore.o
LOAD Game_files/pingpong.o
LOAD main.o
LOAD Driver_files/adc_driver.o
LOAD Driver_files/CAN_driver.o
LOAD Driver_files/joy_driver.o
LOAD Driver_files/MCP_driver.o
LOAD Driver_files/oled_driver.o
LOAD Driver_files/sram_driver.o
LOAD Driver_files/uart_driver.o
LOAD Game_files/draw.o
LOAD Game_files/pong.o
LOAD Game_files/snake.o
LOAD Interface_files/menu.o
START GROUP
LOAD c:/program files (x86)/atmel/atmel toolchain/avr8 gcc/native/3.4.1061/avr8-gnu-toolchain/bin/../lib/gcc/avr/4.8.1/../../../../avr/lib/avr5\libm.a
END GROUP
START GROUP
LOAD c:/program files (x86)/atmel/atmel toolchain/avr8 gcc/native/3.4.1061/avr8-gnu-toolchain/bin/../lib/gcc/avr/4.8.1/avr5\libgcc.a
LOAD c:/program files (x86)/atmel/atmel toolchain/avr8 gcc/native/3.4.1061/avr8-gnu-toolchain/bin/../lib/gcc/avr/4.8.1/../../../../avr/lib/avr5\libm.a
LOAD c:/program files (x86)/atmel/atmel toolchain/avr8 gcc/native/3.4.1061/avr8-gnu-toolchain/bin/../lib/gcc/avr/4.8.1/../../../../avr/lib/avr5\libc.a
END GROUP

.hash
 *(.hash)

.dynsym
 *(.dynsym)

.dynstr
 *(.dynstr)

.gnu.version
 *(.gnu.version)

.gnu.version_d
 *(.gnu.version_d)

.gnu.version_r
 *(.gnu.version_r)

.rel.init
 *(.rel.init)

.rela.init
 *(.rela.init)

.rel.text
 *(.rel.text)
 *(.rel.text.*)
 *(.rel.gnu.linkonce.t*)

.rela.text
 *(.rela.text)
 *(.rela.text.*)
 *(.rela.gnu.linkonce.t*)

.rel.fini
 *(.rel.fini)

.rela.fini
 *(.rela.fini)

.rel.rodata
 *(.rel.rodata)
 *(.rel.rodata.*)
 *(.rel.gnu.linkonce.r*)

.rela.rodata
 *(.rela.rodata)
 *(.rela.rodata.*)
 *(.rela.gnu.linkonce.r*)

.rel.data
 *(.rel.data)
 *(.rel.data.*)
 *(.rel.gnu.linkonce.d*)

.rela.data
 *(.rela.data)
 *(.rela.data.*)
 *(.rela.gnu.linkonce.d*)

.rel.ctors
 *(.rel.ctors)

.rela.ctors
 *(.rela.ctors)

.rel.dtors
 *(.rel.dtors)

.rela.dtors
 *(.rela.dtors)

.rel.got
 *(.rel.got)

.rela.got
 *(.rela.got)

.rel.bss
 *(.rel.bss)

.rela.bss
 *(.rela.bss)

.rel.plt
 *(.rel.plt)

.rela.plt
 *(.rela.plt)

.text           0x00000000     0x3864
 *(.vectors)
 .vectors       0x00000000       0x70 c:/program files (x86)/atmel/atmel toolchain/avr8 gcc/native/3.4.1061/avr8-gnu-toolchain/bin/../lib/gcc/avr/4.8.1/../../../../avr/lib/avr5/crtm162.o
                0x00000000                __vector_default
                0x00000000                __vectors
 *(.vectors)
 *(.progmem.gcc*)
                0x00000070                . = ALIGN (0x2)
                0x00000070                __trampolines_start = .
 *(.trampolines)
 .trampolines   0x00000070        0x0 linker stubs
 *(.trampolines*)
                0x00000070                __trampolines_end = .
 *(.progmem*)
 .progmem.data.mario_beats
                0x00000070       0x9c Driver_files/music_driver.o
                0x00000070                mario_beats
 .progmem.data.mario_notes
                0x0000010c       0x9c Driver_files/music_driver.o
                0x0000010c                mario_notes
 .progmem.data.font
                0x000001a8      0x2f8 Driver_files/oled_driver.o
                0x000001a8                font
                0x000004a0                . = ALIGN (0x2)
 *(.jumptables)
 *(.jumptables*)
 *(.lowtext)
 *(.lowtext*)
                0x000004a0                __ctors_start = .
 *(.ctors)
                0x000004a0                __ctors_end = .
                0x000004a0                __dtors_start = .
 *(.dtors)
                0x000004a0                __dtors_end = .
 SORT(*)(.ctors)
 SORT(*)(.dtors)
 *(.init0)
 .init0         0x000004a0        0x0 c:/program files (x86)/atmel/atmel toolchain/avr8 gcc/native/3.4.1061/avr8-gnu-toolchain/bin/../lib/gcc/avr/4.8.1/../../../../avr/lib/avr5/crtm162.o
                0x000004a0                __init
 *(.init0)
 *(.init1)
 *(.init1)
 *(.init2)
 .init2         0x000004a0        0xc c:/program files (x86)/atmel/atmel toolchain/avr8 gcc/native/3.4.1061/avr8-gnu-toolchain/bin/../lib/gcc/avr/4.8.1/../../../../avr/lib/avr5/crtm162.o
 *(.init2)
 *(.init3)
 *(.init3)
 *(.init4)
 .init4         0x000004ac       0x16 c:/program files (x86)/atmel/atmel toolchain/avr8 gcc/native/3.4.1061/avr8-gnu-toolchain/bin/../lib/gcc/avr/4.8.1/avr5\libgcc.a(_copy_data.o)
                0x000004ac                __do_copy_data
 .init4         0x000004c2       0x10 c:/program files (x86)/atmel/atmel toolchain/avr8 gcc/native/3.4.1061/avr8-gnu-toolchain/bin/../lib/gcc/avr/4.8.1/avr5\libgcc.a(_clear_bss.o)
                0x000004c2                __do_clear_bss
 *(.init4)
 *(.init5)
 *(.init5)
 *(.init6)
 *(.init6)
 *(.init7)
 *(.init7)
 *(.init8)
 *(.init8)
 *(.init9)
 .init9         0x000004d2        0x8 c:/program files (x86)/atmel/atmel toolchain/avr8 gcc/native/3.4.1061/avr8-gnu-toolchain/bin/../lib/gcc/avr/4.8.1/../../../../avr/lib/avr5/crtm162.o
 *(.init9)
 *(.text)
 .text          0x000004da        0x4 c:/program files (x86)/atmel/atmel toolchain/avr8 gcc/native/3.4.1061/avr8-gnu-toolchain/bin/../lib/gcc/avr/4.8.1/../../../../avr/lib/avr5/crtm162.o
                0x000004da                __vector_22
                0x000004da                __vector_1
                0x000004da                __vector_24
                0x000004da                __vector_12
                0x000004da                __bad_interrupt
                0x000004da                __vector_6
                0x000004da                __vector_3
                0x000004da                __vector_23
                0x000004da                __vector_25
                0x000004da                __vector_11
                0x000004da                __vector_13
                0x000004da                __vector_17
                0x000004da                __vector_19
                0x000004da                __vector_7
                0x000004da                __vector_27
                0x000004da                __vector_5
                0x000004da                __vector_4
                0x000004da                __vector_9
                0x000004da                __vector_21
                0x000004da                __vector_15
                0x000004da                __vector_8
                0x000004da                __vector_26
                0x000004da                __vector_10
                0x000004da                __vector_16
                0x000004da                __vector_18
                0x000004da                __vector_20
                0x000004de                . = ALIGN (0x2)
 *(.text.*)
 .text.EEPROM_read
                0x000004de        0xe Driver_files/EEPROM_driver.o
                0x000004de                EEPROM_read
 .text.EEPROM_write
                0x000004ec       0x14 Driver_files/EEPROM_driver.o
                0x000004ec                EEPROM_write
 .text.init_handler
                0x00000500       0x18 Driver_files/message_handler.o
                0x00000500                init_handler
 .text.send_controlls
                0x00000518       0x4c Driver_files/message_handler.o
                0x00000518                send_controlls
 .text.send_highscore
                0x00000564       0xa0 Driver_files/message_handler.o
                0x00000564                send_highscore
 .text.handle_message
                0x00000604       0x58 Driver_files/message_handler.o
                0x00000604                handle_message
 .text.__vector_2
                0x0000065c       0x48 Driver_files/message_handler.o
                0x0000065c                __vector_2
 .text.music_init
                0x000006a4        0x4 Driver_files/music_driver.o
                0x000006a4                music_init
 .text.delay_us
                0x000006a8       0x12 Driver_files/music_driver.o
                0x000006a8                delay_us
 .text.play_note
                0x000006ba       0x8c Driver_files/music_driver.o
                0x000006ba                play_note
 .text.play_song
                0x00000746      0x100 Driver_files/music_driver.o
                0x00000746                play_song
 .text.play_lisa
                0x00000846       0x62 Driver_files/music_driver.o
                0x00000846                play_lisa
 .text.play_mario
                0x000008a8       0x14 Driver_files/music_driver.o
                0x000008a8                play_mario
 .text.SPI_init
                0x000008bc        0xa Driver_files/SPI_driver.o
                0x000008bc                SPI_init
 .text.SPI_transmit
                0x000008c6        0xa Driver_files/SPI_driver.o
                0x000008c6                SPI_transmit
 .text.SPI_send
                0x000008d0        0x6 Driver_files/SPI_driver.o
                0x000008d0                SPI_send
 .text.SPI_receive
                0x000008d6        0x8 Driver_files/SPI_driver.o
                0x000008d6                SPI_receive
 .text.SPI_ss_high
                0x000008de        0x4 Driver_files/SPI_driver.o
                0x000008de                SPI_ss_high
 .text.SPI_ss_low
                0x000008e2        0x4 Driver_files/SPI_driver.o
                0x000008e2                SPI_ss_low
 .text.highscore_save
                0x000008e6       0x92 Game_files/highscore.o
                0x000008e6                highscore_save
 .text.highscore_get
                0x00000978       0xdc Game_files/highscore.o
                0x00000978                highscore_get
 .text.highscore_leaderboard
                0x00000a54       0x54 Game_files/highscore.o
                0x00000a54                highscore_leaderboard
 .text.highscore_add
                0x00000aa8       0xf8 Game_files/highscore.o
                0x00000aa8                highscore_add
 .text.highscore_clear
                0x00000ba0       0x4a Game_files/highscore.o
                0x00000ba0                highscore_clear
 .text.highscore_clear_all
                0x00000bea       0x14 Game_files/highscore.o
                0x00000bea                highscore_clear_all
 .text.highscore_print
                0x00000bfe      0x100 Game_files/highscore.o
                0x00000bfe                highscore_print
 .text.highscore_print_pingpong
                0x00000cfe        0x8 Game_files/highscore.o
                0x00000cfe                highscore_print_pingpong
 .text.highscore_print_snake
                0x00000d06        0x8 Game_files/highscore.o
                0x00000d06                highscore_print_snake
 .text.highscore_print_pong
                0x00000d0e        0x8 Game_files/highscore.o
                0x00000d0e                highscore_print_pong
 .text.highscore_prompt
                0x00000d16      0x1b0 Game_files/highscore.o
                0x00000d16                highscore_prompt
 .text.play_pingpong
                0x00000ec6      0x10c Game_files/pingpong.o
                0x00000ec6                play_pingpong
 .text.play_pingpong_web
                0x00000fd2        0x8 Game_files/pingpong.o
                0x00000fd2                play_pingpong_web
 .text.play_pingpong_joy
                0x00000fda        0x8 Game_files/pingpong.o
                0x00000fda                play_pingpong_joy
 .text.play_pingpong_self
                0x00000fe2        0x8 Game_files/pingpong.o
                0x00000fe2                play_pingpong_self
 .text.state_set
                0x00000fea        0x6 Game_files/pingpong.o
                0x00000fea                state_set
 .text.score_set
                0x00000ff0        0x6 Game_files/pingpong.o
                0x00000ff0                score_set
 .text.bus_init
                0x00000ff6        0xe main.o
                0x00000ff6                bus_init
 .text.main     0x00001004       0x2e main.o
                0x00001004                main
 .text.get_adc  0x00001032       0x28 Driver_files/adc_driver.o
                0x00001032                get_adc
 .text.CAN_init
                0x0000105a       0x32 Driver_files/CAN_driver.o
                0x0000105a                CAN_init
 .text.CAN_transmit
                0x0000108c       0x66 Driver_files/CAN_driver.o
                0x0000108c                CAN_transmit
 .text.CAN_receive
                0x000010f2       0x76 Driver_files/CAN_driver.o
                0x000010f2                CAN_receive
 .text.get_slider_position
                0x00001168       0x4e Driver_files/joy_driver.o
                0x00001168                get_slider_position
 .text.get_joystick_direction
                0x000011b6       0xac Driver_files/joy_driver.o
                0x000011b6                get_joystick_direction
 .text.get_joystick_position
                0x00001262       0xc0 Driver_files/joy_driver.o
                0x00001262                get_joystick_position
 .text.calibration_visual_countdown
                0x00001322       0x70 Driver_files/joy_driver.o
                0x00001322                calibration_visual_countdown
 .text.calibrate_joystick
                0x00001392      0x120 Driver_files/joy_driver.o
                0x00001392                calibrate_joystick
 .text.MCP_reset
                0x000014b2       0x10 Driver_files/MCP_driver.o
                0x000014b2                MCP_reset
 .text.MCP_read
                0x000014c2       0x24 Driver_files/MCP_driver.o
                0x000014c2                MCP_read
 .text.MCP_init
                0x000014e6       0x38 Driver_files/MCP_driver.o
                0x000014e6                MCP_init
 .text.MCP_write
                0x0000151e       0x28 Driver_files/MCP_driver.o
                0x0000151e                MCP_write
 .text.MCP_rts  0x00001546       0x42 Driver_files/MCP_driver.o
                0x00001546                MCP_rts
 .text.MCP_bit_modify
                0x00001588       0x34 Driver_files/MCP_driver.o
                0x00001588                MCP_bit_modify
 .text.oled_init
                0x000015bc       0x5c Driver_files/oled_driver.o
                0x000015bc                oled_init
 .text.oled_sram_flush
                0x00001618       0x70 Driver_files/oled_driver.o
                0x00001618                oled_sram_flush
 .text.__vector_14
                0x00001688       0x50 Driver_files/oled_driver.o
                0x00001688                __vector_14
 .text.oled_sram_write_string
                0x000016d8       0x9c Driver_files/oled_driver.o
                0x000016d8                oled_sram_write_string
 .text.oled_sram_write_char
                0x00001774       0x68 Driver_files/oled_driver.o
                0x00001774                oled_sram_write_char
 .text.oled_sram_clear_line
                0x000017dc       0x3c Driver_files/oled_driver.o
                0x000017dc                oled_sram_clear_line
 .text.oled_sram_clear_screen
                0x00001818       0x28 Driver_files/oled_driver.o
                0x00001818                oled_sram_clear_screen
 .text.oled_sram_write_bit
                0x00001840       0x78 Driver_files/oled_driver.o
                0x00001840                oled_sram_write_bit
 .text.getSRAM  0x000018b8        0x8 Driver_files/sram_driver.o
                0x000018b8                getSRAM
 .text.setSRAM  0x000018c0        0xa Driver_files/sram_driver.o
                0x000018c0                setSRAM
 .text.uartSend
                0x000018ca        0xc Driver_files/uart_driver.o
                0x000018ca                uartSend
 .text.uartInit
                0x000018d6       0x38 Driver_files/uart_driver.o
                0x000018d6                uartInit
 .text.play_draw
                0x0000190e       0x5e Game_files/draw.o
                0x0000190e                play_draw
 .text.racketHit
                0x0000196c       0x74 Game_files/pong.o
                0x0000196c                racketHit
 .text.updateBallAngle
                0x000019e0       0xb2 Game_files/pong.o
                0x000019e0                updateBallAngle
 .text.ballInit
                0x00001a92       0x3e Game_files/pong.o
                0x00001a92                ballInit
 .text.updateBallPosition
                0x00001ad0       0xea Game_files/pong.o
                0x00001ad0                updateBallPosition
 .text.updateSliderPosition
                0x00001bba       0x3a Game_files/pong.o
                0x00001bba                updateSliderPosition
 .text.updateScreen
                0x00001bf4       0xf0 Game_files/pong.o
                0x00001bf4                updateScreen
 .text.playRound
                0x00001ce4       0xe6 Game_files/pong.o
                0x00001ce4                playRound
 .text.printScore
                0x00001dca       0x82 Game_files/pong.o
                0x00001dca                printScore
 .text.printEndScreen
                0x00001e4c       0x68 Game_files/pong.o
                0x00001e4c                printEndScreen
 .text.playPong
                0x00001eb4       0x5a Game_files/pong.o
                0x00001eb4                playPong
 .text.detectCollision
                0x00001f0e       0x38 Game_files/snake.o
                0x00001f0e                detectCollision
 .text.placeFood
                0x00001f46       0x5a Game_files/snake.o
                0x00001f46                placeFood
 .text.drawBoard
                0x00001fa0       0xee Game_files/snake.o
                0x00001fa0                drawBoard
 .text.playSnake
                0x0000208e      0x3b0 Game_files/snake.o
                0x0000208e                playSnake
 .text.make_screen
                0x0000243e      0x250 Interface_files/menu.o
                0x0000243e                make_screen
 .text.menuSystem
                0x0000268e      0x2d6 Interface_files/menu.o
                0x0000268e                menuSystem
 .text.avr-libc.fplib
                0x00002964        0xa c:/program files (x86)/atmel/atmel toolchain/avr8 gcc/native/3.4.1061/avr8-gnu-toolchain/bin/../lib/gcc/avr/4.8.1/../../../../avr/lib/avr5\libm.a(addsf3.o)
                0x00002964                __subsf3
                0x00002966                __addsf3
 .text.avr-libc.fplib
                0x0000296e       0xc0 c:/program files (x86)/atmel/atmel toolchain/avr8 gcc/native/3.4.1061/avr8-gnu-toolchain/bin/../lib/gcc/avr/4.8.1/../../../../avr/lib/avr5\libm.a(addsf3x.o)
                0x00002988                __addsf3x
 .text.avr-libc.fplib
                0x00002a2e        0x8 c:/program files (x86)/atmel/atmel toolchain/avr8 gcc/native/3.4.1061/avr8-gnu-toolchain/bin/../lib/gcc/avr/4.8.1/../../../../avr/lib/avr5\libm.a(cmpsf2.o)
                0x00002a2e                __nesf2
                0x00002a2e                __eqsf2
                0x00002a2e                __cmpsf2
                0x00002a2e                __ltsf2
                0x00002a2e                __lesf2
 .text.avr-libc.fplib
                0x00002a36        0x4 c:/program files (x86)/atmel/atmel toolchain/avr8 gcc/native/3.4.1061/avr8-gnu-toolchain/bin/../lib/gcc/avr/4.8.1/../../../../avr/lib/avr5\libm.a(divsf3.o)
                0x00002a36                __divsf3
 .text.avr-libc.fplib
                0x00002a3a       0xcc c:/program files (x86)/atmel/atmel toolchain/avr8 gcc/native/3.4.1061/avr8-gnu-toolchain/bin/../lib/gcc/avr/4.8.1/../../../../avr/lib/avr5\libm.a(divsf3x.o)
                0x00002a50                __divsf3x
                0x00002a54                __divsf3_pse
 .text.avr-libc.fplib
                0x00002b06        0xa c:/program files (x86)/atmel/atmel toolchain/avr8 gcc/native/3.4.1061/avr8-gnu-toolchain/bin/../lib/gcc/avr/4.8.1/../../../../avr/lib/avr5\libm.a(fixsfsi.o)
                0x00002b06                __fixsfsi
 .text.avr-libc.fplib
                0x00002b10       0x58 c:/program files (x86)/atmel/atmel toolchain/avr8 gcc/native/3.4.1061/avr8-gnu-toolchain/bin/../lib/gcc/avr/4.8.1/../../../../avr/lib/avr5\libm.a(fixunssfsi.o)
                0x00002b10                __fixunssfsi
 .text.avr-libc.fplib
                0x00002b68       0x7a c:/program files (x86)/atmel/atmel toolchain/avr8 gcc/native/3.4.1061/avr8-gnu-toolchain/bin/../lib/gcc/avr/4.8.1/../../../../avr/lib/avr5\libm.a(floatsisf.o)
                0x00002b68                __floatunsisf
                0x00002b6c                __floatsisf
 .text.avr-libc.fplib
                0x00002be2       0x48 c:/program files (x86)/atmel/atmel toolchain/avr8 gcc/native/3.4.1061/avr8-gnu-toolchain/bin/../lib/gcc/avr/4.8.1/../../../../avr/lib/avr5\libm.a(fp_cmp.o)
                0x00002be2                __fp_cmp
 .text.avr-libc.fplib
                0x00002c2a        0xc c:/program files (x86)/atmel/atmel toolchain/avr8 gcc/native/3.4.1061/avr8-gnu-toolchain/bin/../lib/gcc/avr/4.8.1/../../../../avr/lib/avr5\libm.a(fp_inf.o)
                0x00002c2a                __fp_inf
 .text.avr-libc.fplib
                0x00002c36        0x6 c:/program files (x86)/atmel/atmel toolchain/avr8 gcc/native/3.4.1061/avr8-gnu-toolchain/bin/../lib/gcc/avr/4.8.1/../../../../avr/lib/avr5\libm.a(fp_nan.o)
                0x00002c36                __fp_nan
 .text.avr-libc.fplib
                0x00002c3c        0xe c:/program files (x86)/atmel/atmel toolchain/avr8 gcc/native/3.4.1061/avr8-gnu-toolchain/bin/../lib/gcc/avr/4.8.1/../../../../avr/lib/avr5\libm.a(fp_pscA.o)
                0x00002c3c                __fp_pscA
 .text.avr-libc.fplib
                0x00002c4a        0xe c:/program files (x86)/atmel/atmel toolchain/avr8 gcc/native/3.4.1061/avr8-gnu-toolchain/bin/../lib/gcc/avr/4.8.1/../../../../avr/lib/avr5\libm.a(fp_pscB.o)
                0x00002c4a                __fp_pscB
 .text.avr-libc.fplib
                0x00002c58       0x22 c:/program files (x86)/atmel/atmel toolchain/avr8 gcc/native/3.4.1061/avr8-gnu-toolchain/bin/../lib/gcc/avr/4.8.1/../../../../avr/lib/avr5\libm.a(fp_round.o)
                0x00002c58                __fp_round
 .text.avr-libc.fplib
                0x00002c7a       0x44 c:/program files (x86)/atmel/atmel toolchain/avr8 gcc/native/3.4.1061/avr8-gnu-toolchain/bin/../lib/gcc/avr/4.8.1/../../../../avr/lib/avr5\libm.a(fp_split3.o)
                0x00002c7a                __fp_split3
                0x00002c8a                __fp_splitA
 .text.avr-libc.fplib
                0x00002cbe        0xe c:/program files (x86)/atmel/atmel toolchain/avr8 gcc/native/3.4.1061/avr8-gnu-toolchain/bin/../lib/gcc/avr/4.8.1/../../../../avr/lib/avr5\libm.a(fp_zero.o)
                0x00002cbe                __fp_zero
                0x00002cc0                __fp_szero
 .text.avr-libc.fplib
                0x00002ccc        0x8 c:/program files (x86)/atmel/atmel toolchain/avr8 gcc/native/3.4.1061/avr8-gnu-toolchain/bin/../lib/gcc/avr/4.8.1/../../../../avr/lib/avr5\libm.a(gesf2.o)
                0x00002ccc                __gesf2
                0x00002ccc                __gtsf2
 .text.avr-libc.fplib
                0x00002cd4        0x4 c:/program files (x86)/atmel/atmel toolchain/avr8 gcc/native/3.4.1061/avr8-gnu-toolchain/bin/../lib/gcc/avr/4.8.1/../../../../avr/lib/avr5\libm.a(mulsf3.o)
                0x00002cd4                __mulsf3
 .text.avr-libc.fplib
                0x00002cd8       0xc2 c:/program files (x86)/atmel/atmel toolchain/avr8 gcc/native/3.4.1061/avr8-gnu-toolchain/bin/../lib/gcc/avr/4.8.1/../../../../avr/lib/avr5\libm.a(mulsf3x.o)
                0x00002cec                __mulsf3x
                0x00002cf0                __mulsf3_pse
 .text.libgcc.div
                0x00002d9a       0x28 c:/program files (x86)/atmel/atmel toolchain/avr8 gcc/native/3.4.1061/avr8-gnu-toolchain/bin/../lib/gcc/avr/4.8.1/avr5\libgcc.a(_divmodhi4.o)
                0x00002d9a                _div
                0x00002d9a                __divmodhi4
 .text.libgcc.div
                0x00002dc2       0x2e c:/program files (x86)/atmel/atmel toolchain/avr8 gcc/native/3.4.1061/avr8-gnu-toolchain/bin/../lib/gcc/avr/4.8.1/avr5\libgcc.a(_divmodsi4.o)
                0x00002dc2                __divmodsi4
 .text.libgcc.div
                0x00002df0       0x10 c:/program files (x86)/atmel/atmel toolchain/avr8 gcc/native/3.4.1061/avr8-gnu-toolchain/bin/../lib/gcc/avr/4.8.1/avr5\libgcc.a(_negsi2.o)
                0x00002df0                __negsi2
 .text.libgcc.div
                0x00002e00       0x28 c:/program files (x86)/atmel/atmel toolchain/avr8 gcc/native/3.4.1061/avr8-gnu-toolchain/bin/../lib/gcc/avr/4.8.1/avr5\libgcc.a(_udivmodhi4.o)
                0x00002e00                __udivmodhi4
 .text.libgcc.div
                0x00002e28       0x44 c:/program files (x86)/atmel/atmel toolchain/avr8 gcc/native/3.4.1061/avr8-gnu-toolchain/bin/../lib/gcc/avr/4.8.1/avr5\libgcc.a(_udivmodsi4.o)
                0x00002e28                __udivmodsi4
 .text.avr-libc
                0x00002e6c      0x24e c:/program files (x86)/atmel/atmel toolchain/avr8 gcc/native/3.4.1061/avr8-gnu-toolchain/bin/../lib/gcc/avr/4.8.1/../../../../avr/lib/avr5\libc.a(malloc.o)
                0x00002e6c                malloc
                0x00002f9c                free
 .text.avr-libc
                0x000030ba       0xbc c:/program files (x86)/atmel/atmel toolchain/avr8 gcc/native/3.4.1061/avr8-gnu-toolchain/bin/../lib/gcc/avr/4.8.1/../../../../avr/lib/avr5\libc.a(rand.o)
                0x00003150                rand_r
                0x00003156                rand
                0x00003160                srand
 .text.avr-libc
                0x00003176       0x96 c:/program files (x86)/atmel/atmel toolchain/avr8 gcc/native/3.4.1061/avr8-gnu-toolchain/bin/../lib/gcc/avr/4.8.1/../../../../avr/lib/avr5\libc.a(fdevopen.o)
                0x00003176                fdevopen
 .text.avr-libc
                0x0000320c       0x28 c:/program files (x86)/atmel/atmel toolchain/avr8 gcc/native/3.4.1061/avr8-gnu-toolchain/bin/../lib/gcc/avr/4.8.1/../../../../avr/lib/avr5\libc.a(printf.o)
                0x0000320c                printf
 .text.avr-libc
                0x00003234       0x44 c:/program files (x86)/atmel/atmel toolchain/avr8 gcc/native/3.4.1061/avr8-gnu-toolchain/bin/../lib/gcc/avr/4.8.1/../../../../avr/lib/avr5\libc.a(sprintf.o)
                0x00003234                sprintf
 .text.avr-libc
                0x00003278      0x3a4 c:/program files (x86)/atmel/atmel toolchain/avr8 gcc/native/3.4.1061/avr8-gnu-toolchain/bin/../lib/gcc/avr/4.8.1/../../../../avr/lib/avr5\libc.a(vfprintf_std.o)
                0x00003278                vfprintf
 .text.avr-libc
                0x0000361c       0x38 c:/program files (x86)/atmel/atmel toolchain/avr8 gcc/native/3.4.1061/avr8-gnu-toolchain/bin/../lib/gcc/avr/4.8.1/../../../../avr/lib/avr5\libc.a(calloc.o)
                0x0000361c                calloc
 .text.avr-libc
                0x00003654       0x16 c:/program files (x86)/atmel/atmel toolchain/avr8 gcc/native/3.4.1061/avr8-gnu-toolchain/bin/../lib/gcc/avr/4.8.1/../../../../avr/lib/avr5\libc.a(strnlen_P.o)
                0x00003654                strnlen_P
 .text.avr-libc
                0x0000366a        0xe c:/program files (x86)/atmel/atmel toolchain/avr8 gcc/native/3.4.1061/avr8-gnu-toolchain/bin/../lib/gcc/avr/4.8.1/../../../../avr/lib/avr5\libc.a(memset.o)
                0x0000366a                memset
 .text.avr-libc
                0x00003678       0x16 c:/program files (x86)/atmel/atmel toolchain/avr8 gcc/native/3.4.1061/avr8-gnu-toolchain/bin/../lib/gcc/avr/4.8.1/../../../../avr/lib/avr5\libc.a(strnlen.o)
                0x00003678                strnlen
 .text.avr-libc
                0x0000368e       0x64 c:/program files (x86)/atmel/atmel toolchain/avr8 gcc/native/3.4.1061/avr8-gnu-toolchain/bin/../lib/gcc/avr/4.8.1/../../../../avr/lib/avr5\libc.a(fputc.o)
                0x0000368e                fputc
 .text.avr-libc
                0x000036f2       0xbc c:/program files (x86)/atmel/atmel toolchain/avr8 gcc/native/3.4.1061/avr8-gnu-toolchain/bin/../lib/gcc/avr/4.8.1/../../../../avr/lib/avr5\libc.a(ultoa_invert.o)
                0x000036f2                __ultoa_invert
 .text.libgcc.mul
                0x000037ae       0x16 c:/program files (x86)/atmel/atmel toolchain/avr8 gcc/native/3.4.1061/avr8-gnu-toolchain/bin/../lib/gcc/avr/4.8.1/avr5\libgcc.a(_muluhisi3.o)
                0x000037ae                __muluhisi3
 .text.libgcc.mul
                0x000037c4       0x10 c:/program files (x86)/atmel/atmel toolchain/avr8 gcc/native/3.4.1061/avr8-gnu-toolchain/bin/../lib/gcc/avr/4.8.1/avr5\libgcc.a(_mulshisi3.o)
                0x000037c4                __mulshisi3
                0x000037ca                __mulohisi3
 .text.libgcc.prologue
                0x000037d4       0x38 c:/program files (x86)/atmel/atmel toolchain/avr8 gcc/native/3.4.1061/avr8-gnu-toolchain/bin/../lib/gcc/avr/4.8.1/avr5\libgcc.a(_prologue.o)
                0x000037d4                __prologue_saves__
 .text.libgcc.prologue
                0x0000380c       0x36 c:/program files (x86)/atmel/atmel toolchain/avr8 gcc/native/3.4.1061/avr8-gnu-toolchain/bin/../lib/gcc/avr/4.8.1/avr5\libgcc.a(_epilogue.o)
                0x0000380c                __epilogue_restores__
 .text.libgcc.mul
                0x00003842       0x1e c:/program files (x86)/atmel/atmel toolchain/avr8 gcc/native/3.4.1061/avr8-gnu-toolchain/bin/../lib/gcc/avr/4.8.1/avr5\libgcc.a(_umulhisi3.o)
                0x00003842                __umulhisi3
                0x00003860                . = ALIGN (0x2)
 *(.fini9)
 .fini9         0x00003860        0x0 c:/program files (x86)/atmel/atmel toolchain/avr8 gcc/native/3.4.1061/avr8-gnu-toolchain/bin/../lib/gcc/avr/4.8.1/avr5\libgcc.a(_exit.o)
                0x00003860                _exit
                0x00003860                exit
 *(.fini9)
 *(.fini8)
 *(.fini8)
 *(.fini7)
 *(.fini7)
 *(.fini6)
 *(.fini6)
 *(.fini5)
 *(.fini5)
 *(.fini4)
 *(.fini4)
 *(.fini3)
 *(.fini3)
 *(.fini2)
 *(.fini2)
 *(.fini1)
 *(.fini1)
 *(.fini0)
 .fini0         0x00003860        0x4 c:/program files (x86)/atmel/atmel toolchain/avr8 gcc/native/3.4.1061/avr8-gnu-toolchain/bin/../lib/gcc/avr/4.8.1/avr5\libgcc.a(_exit.o)
 *(.fini0)
                0x00003864                _etext = .

.data           0x00800100      0x1e6 load address 0x00003864
                0x00800100                PROVIDE (__data_start, .)
 *(.data)
 .data          0x00800100        0x6 c:/program files (x86)/atmel/atmel toolchain/avr8 gcc/native/3.4.1061/avr8-gnu-toolchain/bin/../lib/gcc/avr/4.8.1/../../../../avr/lib/avr5\libc.a(malloc.o)
                0x00800100                __malloc_heap_end
                0x00800102                __malloc_heap_start
                0x00800104                __malloc_margin
 .data          0x00800106        0x4 c:/program files (x86)/atmel/atmel toolchain/avr8 gcc/native/3.4.1061/avr8-gnu-toolchain/bin/../lib/gcc/avr/4.8.1/../../../../avr/lib/avr5\libc.a(rand.o)
 *(.data*)
 .data.yMean    0x0080010a        0x4 Driver_files/joy_driver.o
                0x0080010a                yMean
 .data.xMean    0x0080010e        0x4 Driver_files/joy_driver.o
                0x0080010e                xMean
 *(.rodata)
 .rodata        0x00800112       0x58 Driver_files/music_driver.o
 *(.rodata*)
 .rodata.str1.1
                0x0080016a       0x31 Game_files/highscore.o
 .rodata.str1.1
                0x0080019b       0x27 Game_files/pingpong.o
 .rodata.str1.1
                0x008001c2        0x7 main.o
 .rodata.str1.1
                0x008001c9       0x26 Driver_files/joy_driver.o
 .rodata.str1.1
                0x008001ef       0x34 Driver_files/MCP_driver.o
 .rodata.str1.1
                0x00800223       0x23 Game_files/pong.o
 .rodata.str1.1
                0x00800246       0x9f Interface_files/menu.o
                                 0xa6 (size before relaxing)
 *(.gnu.linkonce.d*)
                0x008002e6                . = ALIGN (0x2)
 *fill*         0x008002e5        0x1 
                0x008002e6                _edata = .
                0x008002e6                PROVIDE (__data_end, .)

.bss            0x008002e6        0xc
                0x008002e6                PROVIDE (__bss_start, .)
 *(.bss)
 *(.bss*)
 *(COMMON)
 COMMON         0x008002e6        0x2 Game_files/pingpong.o
                0x008002e6                current_state
                0x008002e7                current_score
 COMMON         0x008002e8        0x4 c:/program files (x86)/atmel/atmel toolchain/avr8 gcc/native/3.4.1061/avr8-gnu-toolchain/bin/../lib/gcc/avr/4.8.1/../../../../avr/lib/avr5\libc.a(malloc.o)
                0x008002e8                __brkval
                0x008002ea                __flp
 COMMON         0x008002ec        0x6 c:/program files (x86)/atmel/atmel toolchain/avr8 gcc/native/3.4.1061/avr8-gnu-toolchain/bin/../lib/gcc/avr/4.8.1/../../../../avr/lib/avr5\libc.a(iob.o)
                0x008002ec                __iob
                0x008002f2                PROVIDE (__bss_end, .)
                0x00003864                __data_load_start = LOADADDR (.data)
                0x00003a4a                __data_load_end = (__data_load_start + SIZEOF (.data))

.noinit         0x008002f2        0x0
                0x008002f2                PROVIDE (__noinit_start, .)
 *(.noinit*)
                0x008002f2                PROVIDE (__noinit_end, .)
                0x008002f2                _end = .
                0x008002f2                PROVIDE (__heap_start, .)

.eeprom         0x00810000        0x0
 *(.eeprom*)
                0x00810000                __eeprom_end = .

.fuse
 *(.fuse)
 *(.lfuse)
 *(.hfuse)
 *(.efuse)

.lock
 *(.lock*)

.signature
 *(.signature*)

.user_signatures
 *(.user_signatures*)

.stab
 *(.stab)

.stabstr
 *(.stabstr)

.stab.excl
 *(.stab.excl)

.stab.exclstr
 *(.stab.exclstr)

.stab.index
 *(.stab.index)

.stab.indexstr
 *(.stab.indexstr)

.comment        0x00000000       0x5c
 *(.comment)
 .comment       0x00000000       0x30 Driver_files/EEPROM_driver.o
                                 0x31 (size before relaxing)
 .comment       0x00000000       0x31 Driver_files/message_handler.o
 .comment       0x00000000       0x31 Driver_files/music_driver.o
 .comment       0x00000000       0x31 Driver_files/SPI_driver.o
 .comment       0x00000000       0x31 Game_files/highscore.o
 .comment       0x00000000       0x31 Game_files/pingpong.o
 .comment       0x00000000       0x31 main.o
 .comment       0x00000000       0x31 Driver_files/adc_driver.o
 .comment       0x00000000       0x31 Driver_files/CAN_driver.o
 .comment       0x00000000       0x31 Driver_files/joy_driver.o
 .comment       0x00000000       0x31 Driver_files/MCP_driver.o
 .comment       0x00000000       0x31 Driver_files/oled_driver.o
 .comment       0x00000000       0x31 Driver_files/sram_driver.o
 .comment       0x00000000       0x31 Driver_files/uart_driver.o
 .comment       0x00000000       0x31 Game_files/draw.o
 .comment       0x00000000       0x31 Game_files/pong.o
 .comment       0x00000000       0x31 Game_files/snake.o
 .comment       0x00000000       0x31 Interface_files/menu.o
 .comment       0x00000000       0x31 c:/program files (x86)/atmel/atmel toolchain/avr8 gcc/native/3.4.1061/avr8-gnu-toolchain/bin/../lib/gcc/avr/4.8.1/../../../../avr/lib/avr5\libc.a(malloc.o)
 .comment       0x00000000       0x31 c:/program files (x86)/atmel/atmel toolchain/avr8 gcc/native/3.4.1061/avr8-gnu-toolchain/bin/../lib/gcc/avr/4.8.1/../../../../avr/lib/avr5\libc.a(rand.o)
 .comment       0x00000000       0x31 c:/program files (x86)/atmel/atmel toolchain/avr8 gcc/native/3.4.1061/avr8-gnu-toolchain/bin/../lib/gcc/avr/4.8.1/../../../../avr/lib/avr5\libc.a(fdevopen.o)
 .comment       0x00000000       0x31 c:/program files (x86)/atmel/atmel toolchain/avr8 gcc/native/3.4.1061/avr8-gnu-toolchain/bin/../lib/gcc/avr/4.8.1/../../../../avr/lib/avr5\libc.a(iob.o)
 .comment       0x00000000       0x31 c:/program files (x86)/atmel/atmel toolchain/avr8 gcc/native/3.4.1061/avr8-gnu-toolchain/bin/../lib/gcc/avr/4.8.1/../../../../avr/lib/avr5\libc.a(printf.o)
 .comment       0x00000000       0x31 c:/program files (x86)/atmel/atmel toolchain/avr8 gcc/native/3.4.1061/avr8-gnu-toolchain/bin/../lib/gcc/avr/4.8.1/../../../../avr/lib/avr5\libc.a(sprintf.o)
 .comment       0x00000030       0x2c c:/program files (x86)/atmel/atmel toolchain/avr8 gcc/native/3.4.1061/avr8-gnu-toolchain/bin/../lib/gcc/avr/4.8.1/../../../../avr/lib/avr5\libc.a(vfprintf_std.o)
                                 0x2d (size before relaxing)
 .comment       0x00000000       0x31 c:/program files (x86)/atmel/atmel toolchain/avr8 gcc/native/3.4.1061/avr8-gnu-toolchain/bin/../lib/gcc/avr/4.8.1/../../../../avr/lib/avr5\libc.a(calloc.o)
 .comment       0x00000000       0x31 c:/program files (x86)/atmel/atmel toolchain/avr8 gcc/native/3.4.1061/avr8-gnu-toolchain/bin/../lib/gcc/avr/4.8.1/../../../../avr/lib/avr5\libc.a(fputc.o)

.note.gnu.build-id
 *(.note.gnu.build-id)

.debug
 *(.debug)

.line
 *(.line)

.debug_srcinfo
 *(.debug_srcinfo)

.debug_sfnames
 *(.debug_sfnames)

.debug_aranges  0x00000000      0x4d0
 *(.debug_aranges)
 .debug_aranges
                0x00000000       0x28 Driver_files/EEPROM_driver.o
 .debug_aranges
                0x00000028       0x40 Driver_files/message_handler.o
 .debug_aranges
                0x00000068       0x48 Driver_files/music_driver.o
 .debug_aranges
                0x000000b0       0x48 Driver_files/SPI_driver.o
 .debug_aranges
                0x000000f8       0x70 Game_files/highscore.o
 .debug_aranges
                0x00000168       0x48 Game_files/pingpong.o
 .debug_aranges
                0x000001b0       0x28 main.o
 .debug_aranges
                0x000001d8       0x28 Driver_files/adc_driver.o
 .debug_aranges
                0x00000200       0x30 Driver_files/CAN_driver.o
 .debug_aranges
                0x00000230       0x40 Driver_files/joy_driver.o
 .debug_aranges
                0x00000270       0x68 Driver_files/MCP_driver.o
 .debug_aranges
                0x000002d8       0xb0 Driver_files/oled_driver.o
 .debug_aranges
                0x00000388       0x30 Driver_files/sram_driver.o
 .debug_aranges
                0x000003b8       0x30 Driver_files/uart_driver.o
 .debug_aranges
                0x000003e8       0x20 Game_files/draw.o
 .debug_aranges
                0x00000408       0x68 Game_files/pong.o
 .debug_aranges
                0x00000470       0x38 Game_files/snake.o
 .debug_aranges
                0x000004a8       0x28 Interface_files/menu.o

.debug_pubnames
 *(.debug_pubnames)

.debug_info     0x00000000     0x5656
 *(.debug_info .gnu.linkonce.wi.*)
 .debug_info    0x00000000       0xdc Driver_files/EEPROM_driver.o
 .debug_info    0x000000dc      0x470 Driver_files/message_handler.o
 .debug_info    0x0000054c      0x3db Driver_files/music_driver.o
 .debug_info    0x00000927      0x141 Driver_files/SPI_driver.o
 .debug_info    0x00000a68      0x982 Game_files/highscore.o
 .debug_info    0x000013ea      0x4ba Game_files/pingpong.o
 .debug_info    0x000018a4      0x179 main.o
 .debug_info    0x00001a1d      0x14f Driver_files/adc_driver.o
 .debug_info    0x00001b6c      0x35a Driver_files/CAN_driver.o
 .debug_info    0x00001ec6      0x5a8 Driver_files/joy_driver.o
 .debug_info    0x0000246e      0x67f Driver_files/MCP_driver.o
 .debug_info    0x00002aed      0xe06 Driver_files/oled_driver.o
 .debug_info    0x000038f3      0x21a Driver_files/sram_driver.o
 .debug_info    0x00003b0d      0x1f3 Driver_files/uart_driver.o
 .debug_info    0x00003d00      0x273 Game_files/draw.o
 .debug_info    0x00003f73      0x9d4 Game_files/pong.o
 .debug_info    0x00004947      0x708 Game_files/snake.o
 .debug_info    0x0000504f      0x607 Interface_files/menu.o

.debug_abbrev   0x00000000     0x1f1e
 *(.debug_abbrev)
 .debug_abbrev  0x00000000       0x8b Driver_files/EEPROM_driver.o
 .debug_abbrev  0x0000008b      0x1b7 Driver_files/message_handler.o
 .debug_abbrev  0x00000242      0x1e2 Driver_files/music_driver.o
 .debug_abbrev  0x00000424       0xd4 Driver_files/SPI_driver.o
 .debug_abbrev  0x000004f8      0x271 Game_files/highscore.o
 .debug_abbrev  0x00000769      0x237 Game_files/pingpong.o
 .debug_abbrev  0x000009a0      0x10a main.o
 .debug_abbrev  0x00000aaa      0x108 Driver_files/adc_driver.o
 .debug_abbrev  0x00000bb2      0x19f Driver_files/CAN_driver.o
 .debug_abbrev  0x00000d51      0x272 Driver_files/joy_driver.o
 .debug_abbrev  0x00000fc3      0x1d6 Driver_files/MCP_driver.o
 .debug_abbrev  0x00001199      0x266 Driver_files/oled_driver.o
 .debug_abbrev  0x000013ff      0x132 Driver_files/sram_driver.o
 .debug_abbrev  0x00001531      0x131 Driver_files/uart_driver.o
 .debug_abbrev  0x00001662      0x19a Game_files/draw.o
 .debug_abbrev  0x000017fc      0x26b Game_files/pong.o
 .debug_abbrev  0x00001a67      0x299 Game_files/snake.o
 .debug_abbrev  0x00001d00      0x21e Interface_files/menu.o

.debug_line     0x00000000     0x20e5
 *(.debug_line .debug_line.* .debug_line_end)
 .debug_line    0x00000000       0xe0 Driver_files/EEPROM_driver.o
 .debug_line    0x000000e0      0x180 Driver_files/message_handler.o
 .debug_line    0x00000260      0x1d5 Driver_files/music_driver.o
 .debug_line    0x00000435      0x114 Driver_files/SPI_driver.o
 .debug_line    0x00000549      0x303 Game_files/highscore.o
 .debug_line    0x0000084c      0x22e Game_files/pingpong.o
 .debug_line    0x00000a7a      0x15a main.o
 .debug_line    0x00000bd4      0x14d Driver_files/adc_driver.o
 .debug_line    0x00000d21      0x123 Driver_files/CAN_driver.o
 .debug_line    0x00000e44      0x1f9 Driver_files/joy_driver.o
 .debug_line    0x0000103d      0x1e1 Driver_files/MCP_driver.o
 .debug_line    0x0000121e      0x300 Driver_files/oled_driver.o
 .debug_line    0x0000151e      0x111 Driver_files/sram_driver.o
 .debug_line    0x0000162f       0xf9 Driver_files/uart_driver.o
 .debug_line    0x00001728      0x17a Game_files/draw.o
 .debug_line    0x000018a2      0x2b1 Game_files/pong.o
 .debug_line    0x00001b53      0x365 Game_files/snake.o
 .debug_line    0x00001eb8      0x22d Interface_files/menu.o

.debug_frame    0x00000000      0xfb0
 *(.debug_frame)
 .debug_frame   0x00000000       0x34 Driver_files/EEPROM_driver.o
 .debug_frame   0x00000034       0xe4 Driver_files/message_handler.o
 .debug_frame   0x00000118      0x118 Driver_files/music_driver.o
 .debug_frame   0x00000230       0x74 Driver_files/SPI_driver.o
 .debug_frame   0x000002a4      0x250 Game_files/highscore.o
 .debug_frame   0x000004f4       0xa4 Game_files/pingpong.o
 .debug_frame   0x00000598       0x40 main.o
 .debug_frame   0x000005d8       0x34 Driver_files/adc_driver.o
 .debug_frame   0x0000060c       0x64 Driver_files/CAN_driver.o
 .debug_frame   0x00000670      0x114 Driver_files/joy_driver.o
 .debug_frame   0x00000784       0xfc Driver_files/MCP_driver.o
 .debug_frame   0x00000880      0x2c4 Driver_files/oled_driver.o
 .debug_frame   0x00000b44       0xc0 Driver_files/sram_driver.o
 .debug_frame   0x00000c04       0x44 Driver_files/uart_driver.o
 .debug_frame   0x00000c48       0x24 Game_files/draw.o
 .debug_frame   0x00000c6c      0x1d4 Game_files/pong.o
 .debug_frame   0x00000e40       0xc8 Game_files/snake.o
 .debug_frame   0x00000f08       0xa8 Interface_files/menu.o

.debug_str      0x00000000      0xcb7
 *(.debug_str)
 .debug_str     0x00000000      0x13b Driver_files/EEPROM_driver.o
                                0x174 (size before relaxing)
 .debug_str     0x0000013b      0x186 Driver_files/message_handler.o
                                0x2f8 (size before relaxing)
 .debug_str     0x000002c1      0x105 Driver_files/music_driver.o
                                0x25f (size before relaxing)
 .debug_str     0x000003c6       0x81 Driver_files/SPI_driver.o
                                0x189 (size before relaxing)
 .debug_str     0x00000447      0x160 Game_files/highscore.o
                                0x384 (size before relaxing)
 .debug_str     0x000005a7       0x7a Game_files/pingpong.o
                                0x2e9 (size before relaxing)
 .debug_str     0x00000621       0x41 main.o
                                0x188 (size before relaxing)
 .debug_str     0x00000662       0x36 Driver_files/adc_driver.o
                                0x1ab (size before relaxing)
 .debug_str     0x00000698       0x5a Driver_files/CAN_driver.o
                                0x1c9 (size before relaxing)
 .debug_str     0x000006f2       0x8a Driver_files/joy_driver.o
                                0x2f3 (size before relaxing)
 .debug_str     0x0000077c       0x56 Driver_files/MCP_driver.o
                                0x229 (size before relaxing)
 .debug_str     0x000007d2      0x159 Driver_files/oled_driver.o
                                0x316 (size before relaxing)
 .debug_str     0x0000092b       0x7b Driver_files/sram_driver.o
                                0x1d6 (size before relaxing)
 .debug_str     0x000009a6       0x5f Driver_files/uart_driver.o
                                0x197 (size before relaxing)
 .debug_str     0x00000a05       0x1f Game_files/draw.o
                                0x21e (size before relaxing)
 .debug_str     0x00000a24      0x13f Game_files/pong.o
                                0x364 (size before relaxing)
 .debug_str     0x00000b63       0x79 Game_files/snake.o
                                0x2a2 (size before relaxing)
 .debug_str     0x00000bdc       0xdb Interface_files/menu.o
                                0x334 (size before relaxing)

.debug_loc      0x00000000     0x417b
 *(.debug_loc)
 .debug_loc     0x00000000       0x24 Driver_files/EEPROM_driver.o
 .debug_loc     0x00000024      0x1da Driver_files/message_handler.o
 .debug_loc     0x000001fe      0x4d2 Driver_files/music_driver.o
 .debug_loc     0x000006d0       0x40 Driver_files/SPI_driver.o
 .debug_loc     0x00000710      0x8fd Game_files/highscore.o
 .debug_loc     0x0000100d      0x137 Game_files/pingpong.o
 .debug_loc     0x00001144       0x3c main.o
 .debug_loc     0x00001180       0x26 Driver_files/adc_driver.o
 .debug_loc     0x000011a6      0x135 Driver_files/CAN_driver.o
 .debug_loc     0x000012db      0x4cd Driver_files/joy_driver.o
 .debug_loc     0x000017a8      0x32b Driver_files/MCP_driver.o
 .debug_loc     0x00001ad3      0xf86 Driver_files/oled_driver.o
 .debug_loc     0x00002a59      0x243 Driver_files/sram_driver.o
 .debug_loc     0x00002c9c       0x5d Driver_files/uart_driver.o
 .debug_loc     0x00002cf9       0x49 Game_files/draw.o
 .debug_loc     0x00002d42      0x85a Game_files/pong.o
 .debug_loc     0x0000359c      0x7ec Game_files/snake.o
 .debug_loc     0x00003d88      0x3f3 Interface_files/menu.o

.debug_macinfo
 *(.debug_macinfo)

.debug_weaknames
 *(.debug_weaknames)

.debug_funcnames
 *(.debug_funcnames)

.debug_typenames
 *(.debug_typenames)

.debug_varnames
 *(.debug_varnames)

.debug_pubtypes
 *(.debug_pubtypes)

.debug_ranges   0x00000000      0x528
 *(.debug_ranges)
 .debug_ranges  0x00000000       0x18 Driver_files/EEPROM_driver.o
 .debug_ranges  0x00000018       0x30 Driver_files/message_handler.o
 .debug_ranges  0x00000048       0x38 Driver_files/music_driver.o
 .debug_ranges  0x00000080       0x38 Driver_files/SPI_driver.o
 .debug_ranges  0x000000b8       0x78 Game_files/highscore.o
 .debug_ranges  0x00000130       0x38 Game_files/pingpong.o
 .debug_ranges  0x00000168       0x18 main.o
 .debug_ranges  0x00000180       0x18 Driver_files/adc_driver.o
 .debug_ranges  0x00000198       0x20 Driver_files/CAN_driver.o
 .debug_ranges  0x000001b8       0x48 Driver_files/joy_driver.o
 .debug_ranges  0x00000200       0x58 Driver_files/MCP_driver.o
 .debug_ranges  0x00000258      0x130 Driver_files/oled_driver.o
 .debug_ranges  0x00000388       0x50 Driver_files/sram_driver.o
 .debug_ranges  0x000003d8       0x20 Driver_files/uart_driver.o
 .debug_ranges  0x000003f8       0x10 Game_files/draw.o
 .debug_ranges  0x00000408       0x58 Game_files/pong.o
 .debug_ranges  0x00000460       0x70 Game_files/snake.o
 .debug_ranges  0x000004d0       0x58 Interface_files/menu.o

.debug_macro
 *(.debug_macro)
OUTPUT(ByggernBellLund_6_2.elf elf32-avr)
LOAD linker stubs
