Archive member included because of file (symbol)

c:/program files (x86)/atmel/atmel toolchain/avr8 gcc/native/3.4.1061/avr8-gnu-toolchain/bin/../lib/gcc/avr/4.8.1/../../../../avr/lib/avr5\libm.a(addsf3.o)
                              Driver_files/joy_driver.o (__subsf3)
c:/program files (x86)/atmel/atmel toolchain/avr8 gcc/native/3.4.1061/avr8-gnu-toolchain/bin/../lib/gcc/avr/4.8.1/../../../../avr/lib/avr5\libm.a(addsf3x.o)
                              c:/program files (x86)/atmel/atmel toolchain/avr8 gcc/native/3.4.1061/avr8-gnu-toolchain/bin/../lib/gcc/avr/4.8.1/../../../../avr/lib/avr5\libm.a(addsf3.o) (__addsf3x)
c:/program files (x86)/atmel/atmel toolchain/avr8 gcc/native/3.4.1061/avr8-gnu-toolchain/bin/../lib/gcc/avr/4.8.1/../../../../avr/lib/avr5\libm.a(cmpsf2.o)
                              Driver_files/joy_driver.o (__ltsf2)
c:/program files (x86)/atmel/atmel toolchain/avr8 gcc/native/3.4.1061/avr8-gnu-toolchain/bin/../lib/gcc/avr/4.8.1/../../../../avr/lib/avr5\libm.a(divsf3.o)
                              Driver_files/music_driver.o (__divsf3)
c:/program files (x86)/atmel/atmel toolchain/avr8 gcc/native/3.4.1061/avr8-gnu-toolchain/bin/../lib/gcc/avr/4.8.1/../../../../avr/lib/avr5\libm.a(divsf3x.o)
                              c:/program files (x86)/atmel/atmel toolchain/avr8 gcc/native/3.4.1061/avr8-gnu-toolchain/bin/../lib/gcc/avr/4.8.1/../../../../avr/lib/avr5\libm.a(divsf3.o) (__divsf3x)
c:/program files (x86)/atmel/atmel toolchain/avr8 gcc/native/3.4.1061/avr8-gnu-toolchain/bin/../lib/gcc/avr/4.8.1/../../../../avr/lib/avr5\libm.a(fixsfsi.o)
                              Driver_files/music_driver.o (__fixsfsi)
c:/program files (x86)/atmel/atmel toolchain/avr8 gcc/native/3.4.1061/avr8-gnu-toolchain/bin/../lib/gcc/avr/4.8.1/../../../../avr/lib/avr5\libm.a(fixunssfsi.o)
                              c:/program files (x86)/atmel/atmel toolchain/avr8 gcc/native/3.4.1061/avr8-gnu-toolchain/bin/../lib/gcc/avr/4.8.1/../../../../avr/lib/avr5\libm.a(fixsfsi.o) (__fixunssfsi)
c:/program files (x86)/atmel/atmel toolchain/avr8 gcc/native/3.4.1061/avr8-gnu-toolchain/bin/../lib/gcc/avr/4.8.1/../../../../avr/lib/avr5\libm.a(floatsisf.o)
                              Driver_files/music_driver.o (__floatunsisf)
c:/program files (x86)/atmel/atmel toolchain/avr8 gcc/native/3.4.1061/avr8-gnu-toolchain/bin/../lib/gcc/avr/4.8.1/../../../../avr/lib/avr5\libm.a(fp_cmp.o)
                              c:/program files (x86)/atmel/atmel toolchain/avr8 gcc/native/3.4.1061/avr8-gnu-toolchain/bin/../lib/gcc/avr/4.8.1/../../../../avr/lib/avr5\libm.a(cmpsf2.o) (__fp_cmp)
c:/program files (x86)/atmel/atmel toolchain/avr8 gcc/native/3.4.1061/avr8-gnu-toolchain/bin/../lib/gcc/avr/4.8.1/../../../../avr/lib/avr5\libm.a(fp_inf.o)
                              c:/program files (x86)/atmel/atmel toolchain/avr8 gcc/native/3.4.1061/avr8-gnu-toolchain/bin/../lib/gcc/avr/4.8.1/../../../../avr/lib/avr5\libm.a(addsf3x.o) (__fp_inf)
c:/program files (x86)/atmel/atmel toolchain/avr8 gcc/native/3.4.1061/avr8-gnu-toolchain/bin/../lib/gcc/avr/4.8.1/../../../../avr/lib/avr5\libm.a(fp_nan.o)
                              c:/program files (x86)/atmel/atmel toolchain/avr8 gcc/native/3.4.1061/avr8-gnu-toolchain/bin/../lib/gcc/avr/4.8.1/../../../../avr/lib/avr5\libm.a(addsf3x.o) (__fp_nan)
c:/program files (x86)/atmel/atmel toolchain/avr8 gcc/native/3.4.1061/avr8-gnu-toolchain/bin/../lib/gcc/avr/4.8.1/../../../../avr/lib/avr5\libm.a(fp_pscA.o)
                              c:/program files (x86)/atmel/atmel toolchain/avr8 gcc/native/3.4.1061/avr8-gnu-toolchain/bin/../lib/gcc/avr/4.8.1/../../../../avr/lib/avr5\libm.a(addsf3x.o) (__fp_pscA)
c:/program files (x86)/atmel/atmel toolchain/avr8 gcc/native/3.4.1061/avr8-gnu-toolchain/bin/../lib/gcc/avr/4.8.1/../../../../avr/lib/avr5\libm.a(fp_pscB.o)
                              c:/program files (x86)/atmel/atmel toolchain/avr8 gcc/native/3.4.1061/avr8-gnu-toolchain/bin/../lib/gcc/avr/4.8.1/../../../../avr/lib/avr5\libm.a(addsf3x.o) (__fp_pscB)
c:/program files (x86)/atmel/atmel toolchain/avr8 gcc/native/3.4.1061/avr8-gnu-toolchain/bin/../lib/gcc/avr/4.8.1/../../../../avr/lib/avr5\libm.a(fp_round.o)
                              c:/program files (x86)/atmel/atmel toolchain/avr8 gcc/native/3.4.1061/avr8-gnu-toolchain/bin/../lib/gcc/avr/4.8.1/../../../../avr/lib/avr5\libm.a(addsf3.o) (__fp_round)
c:/program files (x86)/atmel/atmel toolchain/avr8 gcc/native/3.4.1061/avr8-gnu-toolchain/bin/../lib/gcc/avr/4.8.1/../../../../avr/lib/avr5\libm.a(fp_split3.o)
                              c:/program files (x86)/atmel/atmel toolchain/avr8 gcc/native/3.4.1061/avr8-gnu-toolchain/bin/../lib/gcc/avr/4.8.1/../../../../avr/lib/avr5\libm.a(addsf3x.o) (__fp_split3)
c:/program files (x86)/atmel/atmel toolchain/avr8 gcc/native/3.4.1061/avr8-gnu-toolchain/bin/../lib/gcc/avr/4.8.1/../../../../avr/lib/avr5\libm.a(fp_zero.o)
[...]
Memory Configuration

Name             Origin             Length             Attributes
text             0x00000000         0x00020000         xr
data             0x00800060         0x0000ffa0         rw !x
eeprom           0x00810000         0x00010000         rw !x
fuse             0x00820000         0x00000400         rw !x
lock             0x00830000         0x00000400         rw !x
signature        0x00840000         0x00000400         rw !x
user_signatures  0x00850000         0x00000400         rw !x
*default*        0x00000000         0xffffffff

Linker script and memory map

Address of section .data set to 0x800100
LOAD c:/program files (x86)/atmel/atmel toolchain/avr8 gcc/native/3.4.1061/avr8-gnu-toolchain/bin/../lib/gcc/avr/4.8.1/../../../../avr/lib/avr5/crtm162.o
LOAD Driver_files/EEPROM_driver.o
LOAD Driver_files/message_handler.o
LOAD Driver_files/music_driver.o
LOAD Driver_files/SPI_driver.o
LOAD Game_files/highscore.o
LOAD Game_files/pingpong.o
LOAD main.o
LOAD Driver_files/adc_driver.o
LOAD Driver_files/CAN_driver.o
LOAD Driver_files/joy_driver.o
LOAD Driver_files/MCP_driver.o
LOAD Driver_files/oled_driver.o
LOAD Driver_files/sram_driver.o
LOAD Driver_files/uart_driver.o
LOAD Game_files/draw.o
LOAD Game_files/pong.o
LOAD Game_files/snake.o
LOAD Interface_files/menu.o
START GROUP
LOAD c:/program files (x86)/atmel/atmel toolchain/avr8 gcc/native/3.4.1061/avr8-gnu-toolchain/bin/../lib/gcc/avr/4.8.1/../../../../avr/lib/avr5\libm.a
END GROUP
START GROUP
LOAD c:/program files (x86)/atmel/atmel toolchain/avr8 gcc/native/3.4.1061/avr8-gnu-toolchain/bin/../lib/gcc/avr/4.8.1/avr5\libgcc.a
LOAD c:/program files (x86)/atmel/atmel toolchain/avr8 gcc/native/3.4.1061/avr8-gnu-toolchain/bin/../lib/gcc/avr/4.8.1/../../../../avr/lib/avr5\libm.a
LOAD c:/program files (x86)/atmel/atmel toolchain/avr8 gcc/native/3.4.1061/avr8-gnu-toolchain/bin/../lib/gcc/avr/4.8.1/../../../../avr/lib/avr5\libc.a
END GROUP

.hash
 *(.hash)

.dynsym
 *(.dynsym)

.dynstr
 *(.dynstr)

.gnu.version
 *(.gnu.version)

.gnu.version_d
 *(.gnu.version_d)

.gnu.version_r
 *(.gnu.version_r)

.rel.init
 *(.rel.init)

.rela.init
 *(.rela.init)

.rel.text
 *(.rel.text)
 *(.rel.text.*)
 *(.rel.gnu.linkonce.t*)

.rela.text
 *(.rela.text)
 *(.rela.text.*)
 *(.rela.gnu.linkonce.t*)

.rel.fini
 *(.rel.fini)

.rela.fini
 *(.rela.fini)

.rel.rodata
 *(.rel.rodata)
 *(.rel.rodata.*)
 *(.rel.gnu.linkonce.r*)

.rela.rodata
 *(.rela.rodata)
 *(.rela.rodata.*)
 *(.rela.gnu.linkonce.r*)

.rel.data
 *(.rel.data)
 *(.rel.data.*)
 *(.rel.gnu.linkonce.d*)

.rela.data
 *(.rela.data)
 *(.rela.data.*)
 *(.rela.gnu.linkonce.d*)

.rel.ctors
 *(.rel.ctors)

.rela.ctors
 *(.rela.ctors)

.rel.dtors
 *(.rel.dtors)

.rela.dtors
 *(.rela.dtors)

.rel.got
 *(.rel.got)

.rela.got
 *(.rela.got)

.rel.bss
 *(.rel.bss)

.rela.bss
 *(.rela.bss)

.rel.plt
 *(.rel.plt)

.rela.plt
 *(.rela.plt)

.text           0x00000000     0x3858
 *(.vectors)
 .vectors       0x00000000       0x70 c:/program files (x86)/atmel/atmel toolchain/avr8 gcc/native/3.4.1061/avr8-gnu-toolchain/bin/../lib/gcc/avr/4.8.1/../../../../avr/lib/avr5/crtm162.o
                0x00000000                __vector_default
                0x00000000                __vectors
 *(.vectors)
 *(.progmem.gcc*)
                0x00000070                . = ALIGN (0x2)
                0x00000070                __trampolines_start = .
 *(.trampolines)
 .trampolines   0x00000070        0x0 linker stubs
 *(.trampolines*)
                0x00000070                __trampolines_end = .
 *(.progmem*)
 .progmem.data.mario_beats
                0x00000070       0x9c Driver_files/music_driver.o
                0x00000070                mario_beats
 .progmem.data.mario_notes
                0x0000010c       0x9c Driver_files/music_driver.o
                0x0000010c                mario_notes
 .progmem.data.font
                0x000001a8      0x2f8 Driver_files/oled_driver.o
                0x000001a8                font
                0x000004a0                . = ALIGN (0x2)
 *(.jumptables)
 *(.jumptables*)
 *(.lowtext)
 *(.lowtext*)
                0x000004a0                __ctors_start = .
 *(.ctors)
                0x000004a0                __ctors_end = .
                0x000004a0                __dtors_start = .
 *(.dtors)
                0x000004a0                __dtors_end = .
 SORT(*)(.ctors)
 SORT(*)(.dtors)
 *(.init0)
 .init0         0x000004a0        0x0 c:/program files (x86)/atmel/atmel toolchain/avr8 gcc/native/3.4.1061/avr8-gnu-toolchain/bin/../lib/gcc/avr/4.8.1/../../../../avr/lib/avr5/crtm162.o
                0x000004a0                __init
 *(.init0)
 *(.init1)
 *(.init1)
 *(.init2)
 .init2         0x000004a0        0xc c:/program files (x86)/atmel/atmel toolchain/avr8 gcc/native/3.4.1061/avr8-gnu-toolchain/bin/../lib/gcc/avr/4.8.1/../../../../avr/lib/avr5/crtm162.o
 *(.init2)
 *(.init3)
 *(.init3)
 *(.init4)
 .init4         0x000004ac       0x16 c:/program files (x86)/atmel/atmel toolchain/avr8 gcc/native/3.4.1061/avr8-gnu-toolchain/bin/../lib/gcc/avr/4.8.1/avr5\libgcc.a(_copy_data.o)
                0x000004ac                __do_copy_data
 .init4         0x000004c2       0x10 c:/program files (x86)/atmel/atmel toolchain/avr8 gcc/native/3.4.1061/avr8-gnu-toolchain/bin/../lib/gcc/avr/4.8.1/avr5\libgcc.a(_clear_bss.o)
                0x000004c2                __do_clear_bss
 *(.init4)
 *(.init5)
 *(.init5)
 *(.init6)
 *(.init6)
 *(.init7)
 *(.init7)
 *(.init8)
 *(.init8)
 *(.init9)
 .init9         0x000004d2        0x8 c:/program files (x86)/atmel/atmel toolchain/avr8 gcc/native/3.4.1061/avr8-gnu-toolchain/bin/../lib/gcc/avr/4.8.1/../../../../avr/lib/avr5/crtm162.o
 *(.init9)
 *(.text)
 .text          0x000004da        0x4 c:/program files (x86)/atmel/atmel toolchain/avr8 gcc/native/3.4.1061/avr8-gnu-toolchain/bin/../lib/gcc/avr/4.8.1/../../../../avr/lib/avr5/crtm162.o
                0x000004da                __vector_22
                0x000004da                __vector_1
                0x000004da                __vector_24
                0x000004da                __vector_12
                0x000004da                __bad_interrupt
                0x000004da                __vector_6
                0x000004da                __vector_3
                0x000004da                __vector_23
                0x000004da                __vector_25
                0x000004da                __vector_11
                0x000004da                __vector_13
                0x000004da                __vector_17
                0x000004da                __vector_19
                0x000004da                __vector_7
                0x000004da                __vector_27
                0x000004da                __vector_5
                0x000004da                __vector_4
                0x000004da                __vector_9
                0x000004da                __vector_21
                0x000004da                __vector_15
                0x000004da                __vector_8
                0x000004da                __vector_26
                0x000004da                __vector_10
                0x000004da                __vector_16
                0x000004da                __vector_18
                0x000004da                __vector_20
                0x000004de                . = ALIGN (0x2)
 *(.text.*)
 .text.EEPROM_read
                0x000004de        0xe Driver_files/EEPROM_driver.o
                0x000004de                EEPROM_read
 .text.EEPROM_write
                0x000004ec       0x14 Driver_files/EEPROM_driver.o
                0x000004ec                EEPROM_write
 .text.handler_init
                0x00000500       0x18 Driver_files/message_handler.o
                0x00000500                handler_init
 .text.send_highscore
                0x00000518       0xa0 Driver_files/message_handler.o
                0x00000518                send_highscore
 .text.send_controlls
                0x000005b8       0x4c Driver_files/message_handler.o
                0x000005b8                send_controlls
 .text.handle_message
                0x00000604       0x5c Driver_files/message_handler.o
                0x00000604                handle_message
 .text.__vector_2
                0x00000660       0x48 Driver_files/message_handler.o
                0x00000660                __vector_2
 .text.music_init
                0x000006a8        0x4 Driver_files/music_driver.o
                0x000006a8                music_init
 .text.delay_us
                0x000006ac       0x12 Driver_files/music_driver.o
                0x000006ac                delay_us
 .text.play_note
                0x000006be       0x8c Driver_files/music_driver.o
                0x000006be                play_note
 .text.play_song
                0x0000074a      0x100 Driver_files/music_driver.o
                0x0000074a                play_song
 .text.play_lisa
                0x0000084a       0x62 Driver_files/music_driver.o
                0x0000084a                play_lisa
 .text.play_mario
                0x000008ac       0x14 Driver_files/music_driver.o
                0x000008ac                play_mario
 .text.SPI_init
                0x000008c0        0xa Driver_files/SPI_driver.o
                0x000008c0                SPI_init
 .text.SPI_transmit
                0x000008ca        0xa Driver_files/SPI_driver.o
                0x000008ca                SPI_transmit
 .text.SPI_send
                0x000008d4        0x6 Driver_files/SPI_driver.o
                0x000008d4                SPI_send
 .text.SPI_receive
                0x000008da        0x8 Driver_files/SPI_driver.o
                0x000008da                SPI_receive
 .text.SPI_ss_high
                0x000008e2        0x4 Driver_files/SPI_driver.o
                0x000008e2                SPI_ss_high
 .text.SPI_ss_low
                0x000008e6        0x4 Driver_files/SPI_driver.o
                0x000008e6                SPI_ss_low
 .text.highscore_save
                0x000008ea       0x92 Game_files/highscore.o
                0x000008ea                highscore_save
 .text.highscore_get
                0x0000097c       0xdc Game_files/highscore.o
                0x0000097c                highscore_get
 .text.highscore_leaderboard
                0x00000a58       0x54 Game_files/highscore.o
                0x00000a58                highscore_leaderboard
 .text.highscore_add
                0x00000aac       0xf8 Game_files/highscore.o
                0x00000aac                highscore_add
 .text.highscore_clear
                0x00000ba4       0x4a Game_files/highscore.o
                0x00000ba4                highscore_clear
 .text.highscore_clear_all
                0x00000bee       0x14 Game_files/highscore.o
                0x00000bee                highscore_clear_all
 .text.highscore_print
                0x00000c02      0x100 Game_files/highscore.o
                0x00000c02                highscore_print
 .text.highscore_print_pingpong
                0x00000d02        0x8 Game_files/highscore.o
                0x00000d02                highscore_print_pingpong
 .text.highscore_print_snake
                0x00000d0a        0x8 Game_files/highscore.o
                0x00000d0a                highscore_print_snake
 .text.highscore_print_pong
                0x00000d12        0x8 Game_files/highscore.o
                0x00000d12                highscore_print_pong
 .text.highscore_prompt
                0x00000d1a      0x1b0 Game_files/highscore.o
                0x00000d1a                highscore_prompt
 .text.play_pingpong
                0x00000eca      0x10c Game_files/pingpong.o
                0x00000eca                play_pingpong
 .text.play_pingpong_web
                0x00000fd6        0x8 Game_files/pingpong.o
                0x00000fd6                play_pingpong_web
 .text.play_pingpong_joy
                0x00000fde        0x8 Game_files/pingpong.o
                0x00000fde                play_pingpong_joy
 .text.play_pingpong_self
                0x00000fe6        0x8 Game_files/pingpong.o
                0x00000fe6                play_pingpong_self
 .text.state_set
                0x00000fee        0x6 Game_files/pingpong.o
                0x00000fee                state_set
 .text.score_set
                0x00000ff4        0x6 Game_files/pingpong.o
                0x00000ff4                score_set
 .text.bus_init
                0x00000ffa        0xe main.o
                0x00000ffa                bus_init
 .text.main     0x00001008       0x1e main.o
                0x00001008                main
 .text.get_adc  0x00001026       0x28 Driver_files/adc_driver.o
                0x00001026                get_adc
 .text.CAN_init
                0x0000104e       0x32 Driver_files/CAN_driver.o
                0x0000104e                CAN_init
 .text.CAN_transmit
                0x00001080       0x66 Driver_files/CAN_driver.o
                0x00001080                CAN_transmit
 .text.CAN_receive
                0x000010e6       0x76 Driver_files/CAN_driver.o
                0x000010e6                CAN_receive
 .text.get_slider_position
                0x0000115c       0x4e Driver_files/joy_driver.o
                0x0000115c                get_slider_position
 .text.get_joystick_direction
                0x000011aa       0xac Driver_files/joy_driver.o
                0x000011aa                get_joystick_direction
 .text.get_joystick_position
                0x00001256       0xc0 Driver_files/joy_driver.o
                0x00001256                get_joystick_position
 .text.calibration_visual_countdown
                0x00001316       0x70 Driver_files/joy_driver.o
                0x00001316                calibration_visual_countdown
 .text.calibrate_joystick
                0x00001386      0x120 Driver_files/joy_driver.o
                0x00001386                calibrate_joystick
 .text.MCP_reset
                0x000014a6       0x10 Driver_files/MCP_driver.o
                0x000014a6                MCP_reset
 .text.MCP_read
                0x000014b6       0x24 Driver_files/MCP_driver.o
                0x000014b6                MCP_read
 .text.MCP_init
                0x000014da       0x38 Driver_files/MCP_driver.o
                0x000014da                MCP_init
 .text.MCP_write
                0x00001512       0x28 Driver_files/MCP_driver.o
                0x00001512                MCP_write
 .text.MCP_rts  0x0000153a       0x42 Driver_files/MCP_driver.o
                0x0000153a                MCP_rts
 .text.MCP_bit_modify
                0x0000157c       0x34 Driver_files/MCP_driver.o
                0x0000157c                MCP_bit_modify
 .text.oled_init
                0x000015b0       0x5c Driver_files/oled_driver.o
                0x000015b0                oled_init
 .text.oled_sram_flush
                0x0000160c       0x70 Driver_files/oled_driver.o
                0x0000160c                oled_sram_flush
 .text.__vector_14
                0x0000167c       0x50 Driver_files/oled_driver.o
                0x0000167c                __vector_14
 .text.oled_sram_write_string
                0x000016cc       0x9c Driver_files/oled_driver.o
                0x000016cc                oled_sram_write_string
 .text.oled_sram_write_char
                0x00001768       0x68 Driver_files/oled_driver.o
                0x00001768                oled_sram_write_char
 .text.oled_sram_clear_line
                0x000017d0       0x3c Driver_files/oled_driver.o
                0x000017d0                oled_sram_clear_line
 .text.oled_sram_clear_screen
                0x0000180c       0x28 Driver_files/oled_driver.o
                0x0000180c                oled_sram_clear_screen
 .text.oled_sram_write_bit
                0x00001834       0x78 Driver_files/oled_driver.o
                0x00001834                oled_sram_write_bit
 .text.getSRAM  0x000018ac        0x8 Driver_files/sram_driver.o
                0x000018ac                getSRAM
 .text.setSRAM  0x000018b4        0xa Driver_files/sram_driver.o
                0x000018b4                setSRAM
 .text.uartSend
                0x000018be        0xc Driver_files/uart_driver.o
                0x000018be                uartSend
 .text.uartInit
                0x000018ca       0x38 Driver_files/uart_driver.o
                0x000018ca                uartInit
 .text.play_draw
                0x00001902       0x5e Game_files/draw.o
                0x00001902                play_draw
 .text.racketHit
                0x00001960       0x74 Game_files/pong.o
                0x00001960                racketHit
 .text.updateBallAngle
                0x000019d4       0xb2 Game_files/pong.o
                0x000019d4                updateBallAngle
 .text.ballInit
                0x00001a86       0x3e Game_files/pong.o
                0x00001a86                ballInit
 .text.updateBallPosition
                0x00001ac4       0xea Game_files/pong.o
                0x00001ac4                updateBallPosition
 .text.updateSliderPosition
                0x00001bae       0x3a Game_files/pong.o
                0x00001bae                updateSliderPosition
 .text.updateScreen
                0x00001be8       0xf0 Game_files/pong.o
                0x00001be8                updateScreen
 .text.playRound
                0x00001cd8       0xe6 Game_files/pong.o
                0x00001cd8                playRound
 .text.printScore
                0x00001dbe       0x82 Game_files/pong.o
                0x00001dbe                printScore
 .text.printEndScreen
                0x00001e40       0x68 Game_files/pong.o
                0x00001e40                printEndScreen
 .text.playPong
                0x00001ea8       0x5a Game_files/pong.o
                0x00001ea8                playPong
 .text.detectCollision
                0x00001f02       0x38 Game_files/snake.o
                0x00001f02                detectCollision
 .text.placeFood
                0x00001f3a       0x5a Game_files/snake.o
                0x00001f3a                placeFood
 .text.drawBoard
                0x00001f94       0xee Game_files/snake.o
                0x00001f94                drawBoard
 .text.playSnake
                0x00002082      0x3b0 Game_files/snake.o
                0x00002082                playSnake
 .text.make_screen
                0x00002432      0x250 Interface_files/menu.o
                0x00002432                make_screen
 .text.menuSystem
                0x00002682      0x2d6 Interface_files/menu.o
                0x00002682                menuSystem
 .text.avr-libc.fplib
                0x00002958        0xa c:/program files (x86)/atmel/atmel toolchain/avr8 gcc/native/3.4.1061/avr8-gnu-toolchain/bin/../lib/gcc/avr/4.8.1/../../../../avr/lib/avr5\libm.a(addsf3.o)
                0x00002958                __subsf3
                0x0000295a                __addsf3
 .text.avr-libc.fplib
                0x00002962       0xc0 c:/program files (x86)/atmel/atmel toolchain/avr8 gcc/native/3.4.1061/avr8-gnu-toolchain/bin/../lib/gcc/avr/4.8.1/../../../../avr/lib/avr5\libm.a(addsf3x.o)
                0x0000297c                __addsf3x
 .text.avr-libc.fplib
                0x00002a22        0x8 c:/program files (x86)/atmel/atmel toolchain/avr8 gcc/native/3.4.1061/avr8-gnu-toolchain/bin/../lib/gcc/avr/4.8.1/../../../../avr/lib/avr5\libm.a(cmpsf2.o)
                0x00002a22                __nesf2
                0x00002a22                __eqsf2
                0x00002a22                __cmpsf2
                0x00002a22                __ltsf2
                0x00002a22                __lesf2
 .text.avr-libc.fplib
                0x00002a2a        0x4 c:/program files (x86)/atmel/atmel toolchain/avr8 gcc/native/3.4.1061/avr8-gnu-toolchain/bin/../lib/gcc/avr/4.8.1/../../../../avr/lib/avr5\libm.a(divsf3.o)
                0x00002a2a                __divsf3
 .text.avr-libc.fplib
                0x00002a2e       0xcc c:/program files (x86)/atmel/atmel toolchain/avr8 gcc/native/3.4.1061/avr8-gnu-toolchain/bin/../lib/gcc/avr/4.8.1/../../../../avr/lib/avr5\libm.a(divsf3x.o)
                0x00002a44                __divsf3x
                0x00002a48                __divsf3_pse
 .text.avr-libc.fplib
                0x00002afa        0xa c:/program files (x86)/atmel/atmel toolchain/avr8 gcc/native/3.4.1061/avr8-gnu-toolchain/bin/../lib/gcc/avr/4.8.1/../../../../avr/lib/avr5\libm.a(fixsfsi.o)
                0x00002afa                __fixsfsi
 .text.avr-libc.fplib
                0x00002b04       0x58 c:/program files (x86)/atmel/atmel toolchain/avr8 gcc/native/3.4.1061/avr8-gnu-toolchain/bin/../lib/gcc/avr/4.8.1/../../../../avr/lib/avr5\libm.a(fixunssfsi.o)
                0x00002b04                __fixunssfsi
 .text.avr-libc.fplib
                0x00002b5c       0x7a c:/program files (x86)/atmel/atmel toolchain/avr8 gcc/native/3.4.1061/avr8-gnu-toolchain/bin/../lib/gcc/avr/4.8.1/../../../../avr/lib/avr5\libm.a(floatsisf.o)
                0x00002b5c                __floatunsisf
                0x00002b60                __floatsisf
 .text.avr-libc.fplib
                0x00002bd6       0x48 c:/program files (x86)/atmel/atmel toolchain/avr8 gcc/native/3.4.1061/avr8-gnu-toolchain/bin/../lib/gcc/avr/4.8.1/../../../../avr/lib/avr5\libm.a(fp_cmp.o)
                0x00002bd6                __fp_cmp
 .text.avr-libc.fplib
                0x00002c1e        0xc c:/program files (x86)/atmel/atmel toolchain/avr8 gcc/native/3.4.1061/avr8-gnu-toolchain/bin/../lib/gcc/avr/4.8.1/../../../../avr/lib/avr5\libm.a(fp_inf.o)
                0x00002c1e                __fp_inf
 .text.avr-libc.fplib
                0x00002c2a        0x6 c:/program files (x86)/atmel/atmel toolchain/avr8 gcc/native/3.4.1061/avr8-gnu-toolchain/bin/../lib/gcc/avr/4.8.1/../../../../avr/lib/avr5\libm.a(fp_nan.o)
                0x00002c2a                __fp_nan
 .text.avr-libc.fplib
                0x00002c30        0xe c:/program files (x86)/atmel/atmel toolchain/avr8 gcc/native/3.4.1061/avr8-gnu-toolchain/bin/../lib/gcc/avr/4.8.1/../../../../avr/lib/avr5\libm.a(fp_pscA.o)
                0x00002c30                __fp_pscA
 .text.avr-libc.fplib
                0x00002c3e        0xe c:/program files (x86)/atmel/atmel toolchain/avr8 gcc/native/3.4.1061/avr8-gnu-toolchain/bin/../lib/gcc/avr/4.8.1/../../../../avr/lib/avr5\libm.a(fp_pscB.o)
                0x00002c3e                __fp_pscB
 .text.avr-libc.fplib
                0x00002c4c       0x22 c:/program files (x86)/atmel/atmel toolchain/avr8 gcc/native/3.4.1061/avr8-gnu-toolchain/bin/../lib/gcc/avr/4.8.1/../../../../avr/lib/avr5\libm.a(fp_round.o)
                0x00002c4c                __fp_round
 .text.avr-libc.fplib
                0x00002c6e       0x44 c:/program files (x86)/atmel/atmel toolchain/avr8 gcc/native/3.4.1061/avr8-gnu-toolchain/bin/../lib/gcc/avr/4.8.1/../../../../avr/lib/avr5\libm.a(fp_split3.o)
                0x00002c6e                __fp_split3
                0x00002c7e                __fp_splitA
 .text.avr-libc.fplib
                0x00002cb2        0xe c:/program files (x86)/atmel/atmel toolchain/avr8 gcc/native/3.4.1061/avr8-gnu-toolchain/bin/../lib/gcc/avr/4.8.1/../../../../avr/lib/avr5\libm.a(fp_zero.o)
                0x00002cb2                __fp_zero
                0x00002cb4                __fp_szero
 .text.avr-libc.fplib
                0x00002cc0        0x8 c:/program files (x86)/atmel/atmel toolchain/avr8 gcc/native/3.4.1061/avr8-gnu-toolchain/bin/../lib/gcc/avr/4.8.1/../../../../avr/lib/avr5\libm.a(gesf2.o)
                0x00002cc0                __gesf2
                0x00002cc0                __gtsf2
 .text.avr-libc.fplib
                0x00002cc8        0x4 c:/program files (x86)/atmel/atmel toolchain/avr8 gcc/native/3.4.1061/avr8-gnu-toolchain/bin/../lib/gcc/avr/4.8.1/../../../../avr/lib/avr5\libm.a(mulsf3.o)
                0x00002cc8                __mulsf3
 .text.avr-libc.fplib
                0x00002ccc       0xc2 c:/program files (x86)/atmel/atmel toolchain/avr8 gcc/native/3.4.1061/avr8-gnu-toolchain/bin/../lib/gcc/avr/4.8.1/../../../../avr/lib/avr5\libm.a(mulsf3x.o)
                0x00002ce0                __mulsf3x
                0x00002ce4                __mulsf3_pse
 .text.libgcc.div
                0x00002d8e       0x28 c:/program files (x86)/atmel/atmel toolchain/avr8 gcc/native/3.4.1061/avr8-gnu-toolchain/bin/../lib/gcc/avr/4.8.1/avr5\libgcc.a(_divmodhi4.o)
                0x00002d8e                _div
                0x00002d8e                __divmodhi4
 .text.libgcc.div
                0x00002db6       0x2e c:/program files (x86)/atmel/atmel toolchain/avr8 gcc/native/3.4.1061/avr8-gnu-toolchain/bin/../lib/gcc/avr/4.8.1/avr5\libgcc.a(_divmodsi4.o)
                0x00002db6                __divmodsi4
 .text.libgcc.div
                0x00002de4       0x10 c:/program files (x86)/atmel/atmel toolchain/avr8 gcc/native/3.4.1061/avr8-gnu-toolchain/bin/../lib/gcc/avr/4.8.1/avr5\libgcc.a(_negsi2.o)
                0x00002de4                __negsi2
 .text.libgcc.div
                0x00002df4       0x28 c:/program files (x86)/atmel/atmel toolchain/avr8 gcc/native/3.4.1061/avr8-gnu-toolchain/bin/../lib/gcc/avr/4.8.1/avr5\libgcc.a(_udivmodhi4.o)
                0x00002df4                __udivmodhi4
 .text.libgcc.div
                0x00002e1c       0x44 c:/program files (x86)/atmel/atmel toolchain/avr8 gcc/native/3.4.1061/avr8-gnu-toolchain/bin/../lib/gcc/avr/4.8.1/avr5\libgcc.a(_udivmodsi4.o)
                0x00002e1c                __udivmodsi4
 .text.avr-libc
                0x00002e60      0x24e c:/program files (x86)/atmel/atmel toolchain/avr8 gcc/native/3.4.1061/avr8-gnu-toolchain/bin/../lib/gcc/avr/4.8.1/../../../../avr/lib/avr5\libc.a(malloc.o)
                0x00002e60                malloc
                0x00002f90                free
 .text.avr-libc
                0x000030ae       0xbc c:/program files (x86)/atmel/atmel toolchain/avr8 gcc/native/3.4.1061/avr8-gnu-toolchain/bin/../lib/gcc/avr/4.8.1/../../../../avr/lib/avr5\libc.a(rand.o)
                0x00003144                rand_r
                0x0000314a                rand
                0x00003154                srand
 .text.avr-libc
                0x0000316a       0x96 c:/program files (x86)/atmel/atmel toolchain/avr8 gcc/native/3.4.1061/avr8-gnu-toolchain/bin/../lib/gcc/avr/4.8.1/../../../../avr/lib/avr5\libc.a(fdevopen.o)
                0x0000316a                fdevopen
 .text.avr-libc
                0x00003200       0x28 c:/program files (x86)/atmel/atmel toolchain/avr8 gcc/native/3.4.1061/avr8-gnu-toolchain/bin/../lib/gcc/avr/4.8.1/../../../../avr/lib/avr5\libc.a(printf.o)
                0x00003200                printf
 .text.avr-libc
                0x00003228       0x44 c:/program files (x86)/atmel/atmel toolchain/avr8 gcc/native/3.4.1061/avr8-gnu-toolchain/bin/../lib/gcc/avr/4.8.1/../../../../avr/lib/avr5\libc.a(sprintf.o)
                0x00003228                sprintf
 .text.avr-libc
                0x0000326c      0x3a4 c:/program files (x86)/atmel/atmel toolchain/avr8 gcc/native/3.4.1061/avr8-gnu-toolchain/bin/../lib/gcc/avr/4.8.1/../../../../avr/lib/avr5\libc.a(vfprintf_std.o)
                0x0000326c                vfprintf
 .text.avr-libc
                0x00003610       0x38 c:/program files (x86)/atmel/atmel toolchain/avr8 gcc/native/3.4.1061/avr8-gnu-toolchain/bin/../lib/gcc/avr/4.8.1/../../../../avr/lib/avr5\libc.a(calloc.o)
                0x00003610                calloc
 .text.avr-libc
                0x00003648       0x16 c:/program files (x86)/atmel/atmel toolchain/avr8 gcc/native/3.4.1061/avr8-gnu-toolchain/bin/../lib/gcc/avr/4.8.1/../../../../avr/lib/avr5\libc.a(strnlen_P.o)
                0x00003648                strnlen_P
 .text.avr-libc
                0x0000365e        0xe c:/program files (x86)/atmel/atmel toolchain/avr8 gcc/native/3.4.1061/avr8-gnu-toolchain/bin/../lib/gcc/avr/4.8.1/../../../../avr/lib/avr5\libc.a(memset.o)
                0x0000365e                memset
 .text.avr-libc
                0x0000366c       0x16 c:/program files (x86)/atmel/atmel toolchain/avr8 gcc/native/3.4.1061/avr8-gnu-toolchain/bin/../lib/gcc/avr/4.8.1/../../../../avr/lib/avr5\libc.a(strnlen.o)
                0x0000366c                strnlen
 .text.avr-libc
                0x00003682       0x64 c:/program files (x86)/atmel/atmel toolchain/avr8 gcc/native/3.4.1061/avr8-gnu-toolchain/bin/../lib/gcc/avr/4.8.1/../../../../avr/lib/avr5\libc.a(fputc.o)
                0x00003682                fputc
 .text.avr-libc
                0x000036e6       0xbc c:/program files (x86)/atmel/atmel toolchain/avr8 gcc/native/3.4.1061/avr8-gnu-toolchain/bin/../lib/gcc/avr/4.8.1/../../../../avr/lib/avr5\libc.a(ultoa_invert.o)
                0x000036e6                __ultoa_invert
 .text.libgcc.mul
                0x000037a2       0x16 c:/program files (x86)/atmel/atmel toolchain/avr8 gcc/native/3.4.1061/avr8-gnu-toolchain/bin/../lib/gcc/avr/4.8.1/avr5\libgcc.a(_muluhisi3.o)
                0x000037a2                __muluhisi3
 .text.libgcc.mul
                0x000037b8       0x10 c:/program files (x86)/atmel/atmel toolchain/avr8 gcc/native/3.4.1061/avr8-gnu-toolchain/bin/../lib/gcc/avr/4.8.1/avr5\libgcc.a(_mulshisi3.o)
                0x000037b8                __mulshisi3
                0x000037be                __mulohisi3
 .text.libgcc.prologue
                0x000037c8       0x38 c:/program files (x86)/atmel/atmel toolchain/avr8 gcc/native/3.4.1061/avr8-gnu-toolchain/bin/../lib/gcc/avr/4.8.1/avr5\libgcc.a(_prologue.o)
                0x000037c8                __prologue_saves__
 .text.libgcc.prologue
                0x00003800       0x36 c:/program files (x86)/atmel/atmel toolchain/avr8 gcc/native/3.4.1061/avr8-gnu-toolchain/bin/../lib/gcc/avr/4.8.1/avr5\libgcc.a(_epilogue.o)
                0x00003800                __epilogue_restores__
 .text.libgcc.mul
                0x00003836       0x1e c:/program files (x86)/atmel/atmel toolchain/avr8 gcc/native/3.4.1061/avr8-gnu-toolchain/bin/../lib/gcc/avr/4.8.1/avr5\libgcc.a(_umulhisi3.o)
                0x00003836                __umulhisi3
                0x00003854                . = ALIGN (0x2)
 *(.fini9)
 .fini9         0x00003854        0x0 c:/program files (x86)/atmel/atmel toolchain/avr8 gcc/native/3.4.1061/avr8-gnu-toolchain/bin/../lib/gcc/avr/4.8.1/avr5\libgcc.a(_exit.o)
                0x00003854                _exit
                0x00003854                exit
 *(.fini9)
 *(.fini8)
 *(.fini8)
 *(.fini7)
 *(.fini7)
 *(.fini6)
 *(.fini6)
 *(.fini5)
 *(.fini5)
 *(.fini4)
 *(.fini4)
 *(.fini3)
 *(.fini3)
 *(.fini2)
 *(.fini2)
 *(.fini1)
 *(.fini1)
 *(.fini0)
 .fini0         0x00003854        0x4 c:/program files (x86)/atmel/atmel toolchain/avr8 gcc/native/3.4.1061/avr8-gnu-toolchain/bin/../lib/gcc/avr/4.8.1/avr5\libgcc.a(_exit.o)
 *(.fini0)
                0x00003858                _etext = .

.data           0x00800100      0x1dc load address 0x00003858
                0x00800100                PROVIDE (__data_start, .)
 *(.data)
 .data          0x00800100        0x6 c:/program files (x86)/atmel/atmel toolchain/avr8 gcc/native/3.4.1061/avr8-gnu-toolchain/bin/../lib/gcc/avr/4.8.1/../../../../avr/lib/avr5\libc.a(malloc.o)
                0x00800100                __malloc_heap_end
                0x00800102                __malloc_heap_start
                0x00800104                __malloc_margin
 .data          0x00800106        0x4 c:/program files (x86)/atmel/atmel toolchain/avr8 gcc/native/3.4.1061/avr8-gnu-toolchain/bin/../lib/gcc/avr/4.8.1/../../../../avr/lib/avr5\libc.a(rand.o)
 *(.data*)
 .data.yMean    0x0080010a        0x4 Driver_files/joy_driver.o
                0x0080010a                yMean
 .data.xMean    0x0080010e        0x4 Driver_files/joy_driver.o
                0x0080010e                xMean
 *(.rodata)
 .rodata        0x00800112       0x58 Driver_files/music_driver.o
 *(.rodata*)
 .rodata.str1.1
                0x0080016a       0x31 Game_files/highscore.o
 .rodata.str1.1
                0x0080019b       0x27 Game_files/pingpong.o
 .rodata.str1.1
                0x008001c2       0x26 Driver_files/joy_driver.o
 .rodata.str1.1
                0x008001e8       0x34 Driver_files/MCP_driver.o
 .rodata.str1.1
                0x0080021c       0x23 Game_files/pong.o
 .rodata.str1.1
                0x0080023f       0x9c Interface_files/menu.o
                                 0xa3 (size before relaxing)
 *(.gnu.linkonce.d*)
                0x008002dc                . = ALIGN (0x2)
 *fill*         0x008002db        0x1 
                0x008002dc                _edata = .
                0x008002dc                PROVIDE (__data_end, .)

.bss            0x008002dc        0xc
                0x008002dc                PROVIDE (__bss_start, .)
 *(.bss)
 *(.bss*)
 *(COMMON)
 COMMON         0x008002dc        0x2 Game_files/pingpong.o
                0x008002dc                current_state
                0x008002dd                current_score
 COMMON         0x008002de        0x4 c:/program files (x86)/atmel/atmel toolchain/avr8 gcc/native/3.4.1061/avr8-gnu-toolchain/bin/../lib/gcc/avr/4.8.1/../../../../avr/lib/avr5\libc.a(malloc.o)
                0x008002de                __brkval
                0x008002e0                __flp
 COMMON         0x008002e2        0x6 c:/program files (x86)/atmel/atmel toolchain/avr8 gcc/native/3.4.1061/avr8-gnu-toolchain/bin/../lib/gcc/avr/4.8.1/../../../../avr/lib/avr5\libc.a(iob.o)
                0x008002e2                __iob
                0x008002e8                PROVIDE (__bss_end, .)
                0x00003858                __data_load_start = LOADADDR (.data)
                0x00003a34                __data_load_end = (__data_load_start + SIZEOF (.data))

.noinit         0x008002e8        0x0
                0x008002e8                PROVIDE (__noinit_start, .)
 *(.noinit*)
                0x008002e8                PROVIDE (__noinit_end, .)
                0x008002e8                _end = .
                0x008002e8                PROVIDE (__heap_start, .)

.eeprom         0x00810000        0x0
 *(.eeprom*)
                0x00810000                __eeprom_end = .

.fuse
 *(.fuse)
 *(.lfuse)
 *(.hfuse)
 *(.efuse)

.lock
 *(.lock*)

.signature
 *(.signature*)

.user_signatures
 *(.user_signatures*)

.stab
 *(.stab)

.stabstr
 *(.stabstr)

.stab.excl
 *(.stab.excl)

.stab.exclstr
 *(.stab.exclstr)

.stab.index
 *(.stab.index)

.stab.indexstr
 *(.stab.indexstr)

.comment        0x00000000       0x5c
 *(.comment)
 .comment       0x00000000       0x30 Driver_files/EEPROM_driver.o
                                 0x31 (size before relaxing)
 .comment       0x00000000       0x31 Driver_files/message_handler.o
 .comment       0x00000000       0x31 Driver_files/music_driver.o
 .comment       0x00000000       0x31 Driver_files/SPI_driver.o
 .comment       0x00000000       0x31 Game_files/highscore.o
 .comment       0x00000000       0x31 Game_files/pingpong.o
 .comment       0x00000000       0x31 main.o
 .comment       0x00000000       0x31 Driver_files/adc_driver.o
 .comment       0x00000000       0x31 Driver_files/CAN_driver.o
 .comment       0x00000000       0x31 Driver_files/joy_driver.o
 .comment       0x00000000       0x31 Driver_files/MCP_driver.o
 .comment       0x00000000       0x31 Driver_files/oled_driver.o
 .comment       0x00000000       0x31 Driver_files/sram_driver.o
 .comment       0x00000000       0x31 Driver_files/uart_driver.o
 .comment       0x00000000       0x31 Game_files/draw.o
 .comment       0x00000000       0x31 Game_files/pong.o
 .comment       0x00000000       0x31 Game_files/snake.o
 .comment       0x00000000       0x31 Interface_files/menu.o
 .comment       0x00000000       0x31 c:/program files (x86)/atmel/atmel toolchain/avr8 gcc/native/3.4.1061/avr8-gnu-toolchain/bin/../lib/gcc/avr/4.8.1/../../../../avr/lib/avr5\libc.a(malloc.o)
 .comment       0x00000000       0x31 c:/program files (x86)/atmel/atmel toolchain/avr8 gcc/native/3.4.1061/avr8-gnu-toolchain/bin/../lib/gcc/avr/4.8.1/../../../../avr/lib/avr5\libc.a(rand.o)
 .comment       0x00000000       0x31 c:/program files (x86)/atmel/atmel toolchain/avr8 gcc/native/3.4.1061/avr8-gnu-toolchain/bin/../lib/gcc/avr/4.8.1/../../../../avr/lib/avr5\libc.a(fdevopen.o)
 .comment       0x00000000       0x31 c:/program files (x86)/atmel/atmel toolchain/avr8 gcc/native/3.4.1061/avr8-gnu-toolchain/bin/../lib/gcc/avr/4.8.1/../../../../avr/lib/avr5\libc.a(iob.o)
 .comment       0x00000000       0x31 c:/program files (x86)/atmel/atmel toolchain/avr8 gcc/native/3.4.1061/avr8-gnu-toolchain/bin/../lib/gcc/avr/4.8.1/../../../../avr/lib/avr5\libc.a(printf.o)
 .comment       0x00000000       0x31 c:/program files (x86)/atmel/atmel toolchain/avr8 gcc/native/3.4.1061/avr8-gnu-toolchain/bin/../lib/gcc/avr/4.8.1/../../../../avr/lib/avr5\libc.a(sprintf.o)
 .comment       0x00000030       0x2c c:/program files (x86)/atmel/atmel toolchain/avr8 gcc/native/3.4.1061/avr8-gnu-toolchain/bin/../lib/gcc/avr/4.8.1/../../../../avr/lib/avr5\libc.a(vfprintf_std.o)
                                 0x2d (size before relaxing)
 .comment       0x00000000       0x31 c:/program files (x86)/atmel/atmel toolchain/avr8 gcc/native/3.4.1061/avr8-gnu-toolchain/bin/../lib/gcc/avr/4.8.1/../../../../avr/lib/avr5\libc.a(calloc.o)
 .comment       0x00000000       0x31 c:/program files (x86)/atmel/atmel toolchain/avr8 gcc/native/3.4.1061/avr8-gnu-toolchain/bin/../lib/gcc/avr/4.8.1/../../../../avr/lib/avr5\libc.a(fputc.o)

.note.gnu.build-id
 *(.note.gnu.build-id)

.debug
 *(.debug)

.line
 *(.line)

.debug_srcinfo
 *(.debug_srcinfo)

.debug_sfnames
 *(.debug_sfnames)

.debug_aranges  0x00000000      0x4d0
 *(.debug_aranges)
 .debug_aranges
                0x00000000       0x28 Driver_files/EEPROM_driver.o
 .debug_aranges
                0x00000028       0x40 Driver_files/message_handler.o
 .debug_aranges
                0x00000068       0x48 Driver_files/music_driver.o
 .debug_aranges
                0x000000b0       0x48 Driver_files/SPI_driver.o
 .debug_aranges
                0x000000f8       0x70 Game_files/highscore.o
 .debug_aranges
                0x00000168       0x48 Game_files/pingpong.o
 .debug_aranges
                0x000001b0       0x28 main.o
 .debug_aranges
                0x000001d8       0x28 Driver_files/adc_driver.o
 .debug_aranges
                0x00000200       0x30 Driver_files/CAN_driver.o
 .debug_aranges
                0x00000230       0x40 Driver_files/joy_driver.o
 .debug_aranges
                0x00000270       0x68 Driver_files/MCP_driver.o
 .debug_aranges
                0x000002d8       0xb0 Driver_files/oled_driver.o
 .debug_aranges
                0x00000388       0x30 Driver_files/sram_driver.o
 .debug_aranges
                0x000003b8       0x30 Driver_files/uart_driver.o
 .debug_aranges
                0x000003e8       0x20 Game_files/draw.o
 .debug_aranges
                0x00000408       0x68 Game_files/pong.o
 .debug_aranges
                0x00000470       0x38 Game_files/snake.o
 .debug_aranges
                0x000004a8       0x28 Interface_files/menu.o

.debug_pubnames
 *(.debug_pubnames)

.debug_info     0x00000000     0x560b
 *(.debug_info .gnu.linkonce.wi.*)
 .debug_info    0x00000000       0xdc Driver_files/EEPROM_driver.o
 .debug_info    0x000000dc      0x453 Driver_files/message_handler.o
 .debug_info    0x0000052f      0x3db Driver_files/music_driver.o
 .debug_info    0x0000090a      0x141 Driver_files/SPI_driver.o
 .debug_info    0x00000a4b      0x982 Game_files/highscore.o
 .debug_info    0x000013cd      0x4ba Game_files/pingpong.o
 .debug_info    0x00001887      0x14b main.o
 .debug_info    0x000019d2      0x14f Driver_files/adc_driver.o
 .debug_info    0x00001b21      0x35a Driver_files/CAN_driver.o
 .debug_info    0x00001e7b      0x5a8 Driver_files/joy_driver.o
 .debug_info    0x00002423      0x67f Driver_files/MCP_driver.o
 .debug_info    0x00002aa2      0xe06 Driver_files/oled_driver.o
 .debug_info    0x000038a8      0x21a Driver_files/sram_driver.o
 .debug_info    0x00003ac2      0x1f3 Driver_files/uart_driver.o
 .debug_info    0x00003cb5      0x273 Game_files/draw.o
 .debug_info    0x00003f28      0x9d4 Game_files/pong.o
 .debug_info    0x000048fc      0x708 Game_files/snake.o
 .debug_info    0x00005004      0x607 Interface_files/menu.o

.debug_abbrev   0x00000000     0x1f01
 *(.debug_abbrev)
 .debug_abbrev  0x00000000       0x8b Driver_files/EEPROM_driver.o
 .debug_abbrev  0x0000008b      0x1bf Driver_files/message_handler.o
 .debug_abbrev  0x0000024a      0x1e2 Driver_files/music_driver.o
 .debug_abbrev  0x0000042c       0xd4 Driver_files/SPI_driver.o
 .debug_abbrev  0x00000500      0x271 Game_files/highscore.o
 .debug_abbrev  0x00000771      0x237 Game_files/pingpong.o
 .debug_abbrev  0x000009a8       0xe5 main.o
 .debug_abbrev  0x00000a8d      0x108 Driver_files/adc_driver.o
 .debug_abbrev  0x00000b95      0x19f Driver_files/CAN_driver.o
 .debug_abbrev  0x00000d34      0x272 Driver_files/joy_driver.o
 .debug_abbrev  0x00000fa6      0x1d6 Driver_files/MCP_driver.o
 .debug_abbrev  0x0000117c      0x266 Driver_files/oled_driver.o
 .debug_abbrev  0x000013e2      0x132 Driver_files/sram_driver.o
 .debug_abbrev  0x00001514      0x131 Driver_files/uart_driver.o
 .debug_abbrev  0x00001645      0x19a Game_files/draw.o
 .debug_abbrev  0x000017df      0x26b Game_files/pong.o
 .debug_abbrev  0x00001a4a      0x299 Game_files/snake.o
 .debug_abbrev  0x00001ce3      0x21e Interface_files/menu.o

.debug_line     0x00000000     0x20d9
 *(.debug_line .debug_line.* .debug_line_end)
 .debug_line    0x00000000       0xe0 Driver_files/EEPROM_driver.o
 .debug_line    0x000000e0      0x180 Driver_files/message_handler.o
 .debug_line    0x00000260      0x1d5 Driver_files/music_driver.o
 .debug_line    0x00000435      0x114 Driver_files/SPI_driver.o
 .debug_line    0x00000549      0x303 Game_files/highscore.o
 .debug_line    0x0000084c      0x22e Game_files/pingpong.o
 .debug_line    0x00000a7a      0x14e main.o
 .debug_line    0x00000bc8      0x14d Driver_files/adc_driver.o
 .debug_line    0x00000d15      0x123 Driver_files/CAN_driver.o
 .debug_line    0x00000e38      0x1f9 Driver_files/joy_driver.o
 .debug_line    0x00001031      0x1e1 Driver_files/MCP_driver.o
 .debug_line    0x00001212      0x300 Driver_files/oled_driver.o
 .debug_line    0x00001512      0x111 Driver_files/sram_driver.o
 .debug_line    0x00001623       0xf9 Driver_files/uart_driver.o
 .debug_line    0x0000171c      0x17a Game_files/draw.o
 .debug_line    0x00001896      0x2b1 Game_files/pong.o
 .debug_line    0x00001b47      0x365 Game_files/snake.o
 .debug_line    0x00001eac      0x22d Interface_files/menu.o

.debug_frame    0x00000000      0xfa4
 *(.debug_frame)
 .debug_frame   0x00000000       0x34 Driver_files/EEPROM_driver.o
 .debug_frame   0x00000034       0xe4 Driver_files/message_handler.o
 .debug_frame   0x00000118      0x118 Driver_files/music_driver.o
 .debug_frame   0x00000230       0x74 Driver_files/SPI_driver.o
 .debug_frame   0x000002a4      0x250 Game_files/highscore.o
 .debug_frame   0x000004f4       0xa4 Game_files/pingpong.o
 .debug_frame   0x00000598       0x34 main.o
 .debug_frame   0x000005cc       0x34 Driver_files/adc_driver.o
 .debug_frame   0x00000600       0x64 Driver_files/CAN_driver.o
 .debug_frame   0x00000664      0x114 Driver_files/joy_driver.o
 .debug_frame   0x00000778       0xfc Driver_files/MCP_driver.o
 .debug_frame   0x00000874      0x2c4 Driver_files/oled_driver.o
 .debug_frame   0x00000b38       0xc0 Driver_files/sram_driver.o
 .debug_frame   0x00000bf8       0x44 Driver_files/uart_driver.o
 .debug_frame   0x00000c3c       0x24 Game_files/draw.o
 .debug_frame   0x00000c60      0x1d4 Game_files/pong.o
 .debug_frame   0x00000e34       0xc8 Game_files/snake.o
 .debug_frame   0x00000efc       0xa8 Interface_files/menu.o

.debug_str      0x00000000      0xce5
 *(.debug_str)
 .debug_str     0x00000000      0x13b Driver_files/EEPROM_driver.o
                                0x174 (size before relaxing)
 .debug_str     0x0000013b      0x1b4 Driver_files/message_handler.o
                                0x304 (size before relaxing)
 .debug_str     0x000002ef      0x105 Driver_files/music_driver.o
                                0x25f (size before relaxing)
 .debug_str     0x000003f4       0x81 Driver_files/SPI_driver.o
                                0x189 (size before relaxing)
 .debug_str     0x00000475      0x160 Game_files/highscore.o
                                0x384 (size before relaxing)
 .debug_str     0x000005d5       0x7a Game_files/pingpong.o
                                0x2f5 (size before relaxing)
 .debug_str     0x0000064f       0x41 main.o
                                0x18d (size before relaxing)
 .debug_str     0x00000690       0x36 Driver_files/adc_driver.o
                                0x1ab (size before relaxing)
 .debug_str     0x000006c6       0x5a Driver_files/CAN_driver.o
                                0x1c9 (size before relaxing)
 .debug_str     0x00000720       0x8a Driver_files/joy_driver.o
                                0x2f3 (size before relaxing)
 .debug_str     0x000007aa       0x56 Driver_files/MCP_driver.o
                                0x229 (size before relaxing)
 .debug_str     0x00000800      0x159 Driver_files/oled_driver.o
                                0x316 (size before relaxing)
 .debug_str     0x00000959       0x7b Driver_files/sram_driver.o
                                0x1d6 (size before relaxing)
 .debug_str     0x000009d4       0x5f Driver_files/uart_driver.o
                                0x197 (size before relaxing)
 .debug_str     0x00000a33       0x1f Game_files/draw.o
                                0x21e (size before relaxing)
 .debug_str     0x00000a52      0x13f Game_files/pong.o
                                0x364 (size before relaxing)
 .debug_str     0x00000b91       0x79 Game_files/snake.o
                                0x2a2 (size before relaxing)
 .debug_str     0x00000c0a       0xdb Interface_files/menu.o
                                0x340 (size before relaxing)

.debug_loc      0x00000000     0x413f
 *(.debug_loc)
 .debug_loc     0x00000000       0x24 Driver_files/EEPROM_driver.o
 .debug_loc     0x00000024      0x1da Driver_files/message_handler.o
 .debug_loc     0x000001fe      0x4d2 Driver_files/music_driver.o
 .debug_loc     0x000006d0       0x40 Driver_files/SPI_driver.o
 .debug_loc     0x00000710      0x8fd Game_files/highscore.o
 .debug_loc     0x0000100d      0x137 Game_files/pingpong.o
 .debug_loc     0x00001144       0x26 Driver_files/adc_driver.o
 .debug_loc     0x0000116a      0x135 Driver_files/CAN_driver.o
 .debug_loc     0x0000129f      0x4cd Driver_files/joy_driver.o
 .debug_loc     0x0000176c      0x32b Driver_files/MCP_driver.o
 .debug_loc     0x00001a97      0xf86 Driver_files/oled_driver.o
 .debug_loc     0x00002a1d      0x243 Driver_files/sram_driver.o
 .debug_loc     0x00002c60       0x5d Driver_files/uart_driver.o
 .debug_loc     0x00002cbd       0x49 Game_files/draw.o
 .debug_loc     0x00002d06      0x85a Game_files/pong.o
 .debug_loc     0x00003560      0x7ec Game_files/snake.o
 .debug_loc     0x00003d4c      0x3f3 Interface_files/menu.o

.debug_macinfo
 *(.debug_macinfo)

.debug_weaknames
 *(.debug_weaknames)

.debug_funcnames
 *(.debug_funcnames)

.debug_typenames
 *(.debug_typenames)

.debug_varnames
 *(.debug_varnames)

.debug_pubtypes
 *(.debug_pubtypes)

.debug_ranges   0x00000000      0x528
 *(.debug_ranges)
 .debug_ranges  0x00000000       0x18 Driver_files/EEPROM_driver.o
 .debug_ranges  0x00000018       0x30 Driver_files/message_handler.o
 .debug_ranges  0x00000048       0x38 Driver_files/music_driver.o
 .debug_ranges  0x00000080       0x38 Driver_files/SPI_driver.o
 .debug_ranges  0x000000b8       0x78 Game_files/highscore.o
 .debug_ranges  0x00000130       0x38 Game_files/pingpong.o
 .debug_ranges  0x00000168       0x18 main.o
 .debug_ranges  0x00000180       0x18 Driver_files/adc_driver.o
 .debug_ranges  0x00000198       0x20 Driver_files/CAN_driver.o
 .debug_ranges  0x000001b8       0x48 Driver_files/joy_driver.o
 .debug_ranges  0x00000200       0x58 Driver_files/MCP_driver.o
 .debug_ranges  0x00000258      0x130 Driver_files/oled_driver.o
 .debug_ranges  0x00000388       0x50 Driver_files/sram_driver.o
 .debug_ranges  0x000003d8       0x20 Driver_files/uart_driver.o
 .debug_ranges  0x000003f8       0x10 Game_files/draw.o
 .debug_ranges  0x00000408       0x58 Game_files/pong.o
 .debug_ranges  0x00000460       0x70 Game_files/snake.o
 .debug_ranges  0x000004d0       0x58 Interface_files/menu.o

.debug_macro
 *(.debug_macro)
OUTPUT(ByggernBellLund_6_2.elf elf32-avr)
LOAD linker stubs
