Archive member included because of file (symbol)

c:/program files (x86)/atmel/atmel toolchain/avr8 gcc/native/3.4.1061/avr8-gnu-toolchain/bin/../lib/gcc/avr/4.8.1/../../../../avr/lib/avr5\libm.a(addsf3.o)
                              Driver_files/joy_driver.o (__subsf3)
c:/program files (x86)/atmel/atmel toolchain/avr8 gcc/native/3.4.1061/avr8-gnu-toolchain/bin/../lib/gcc/avr/4.8.1/../../../../avr/lib/avr5\libm.a(addsf3x.o)
                              c:/program files (x86)/atmel/atmel toolchain/avr8 gcc/native/3.4.1061/avr8-gnu-toolchain/bin/../lib/gcc/avr/4.8.1/../../../../avr/lib/avr5\libm.a(addsf3.o) (__addsf3x)
c:/program files (x86)/atmel/atmel toolchain/avr8 gcc/native/3.4.1061/avr8-gnu-toolchain/bin/../lib/gcc/avr/4.8.1/../../../../avr/lib/avr5\libm.a(cmpsf2.o)
                              Driver_files/joy_driver.o (__ltsf2)
c:/program files (x86)/atmel/atmel toolchain/avr8 gcc/native/3.4.1061/avr8-gnu-toolchain/bin/../lib/gcc/avr/4.8.1/../../../../avr/lib/avr5\libm.a(divsf3.o)
                              Driver_files/joy_driver.o (__divsf3)
c:/program files (x86)/atmel/atmel toolchain/avr8 gcc/native/3.4.1061/avr8-gnu-toolchain/bin/../lib/gcc/avr/4.8.1/../../../../avr/lib/avr5\libm.a(divsf3x.o)
                              c:/program files (x86)/atmel/atmel toolchain/avr8 gcc/native/3.4.1061/avr8-gnu-toolchain/bin/../lib/gcc/avr/4.8.1/../../../../avr/lib/avr5\libm.a(divsf3.o) (__divsf3x)
c:/program files (x86)/atmel/atmel toolchain/avr8 gcc/native/3.4.1061/avr8-gnu-toolchain/bin/../lib/gcc/avr/4.8.1/../../../../avr/lib/avr5\libm.a(fixsfsi.o)
                              Driver_files/joy_driver.o (__fixsfsi)
c:/program files (x86)/atmel/atmel toolchain/avr8 gcc/native/3.4.1061/avr8-gnu-toolchain/bin/../lib/gcc/avr/4.8.1/../../../../avr/lib/avr5\libm.a(fixunssfsi.o)
                              c:/program files (x86)/atmel/atmel toolchain/avr8 gcc/native/3.4.1061/avr8-gnu-toolchain/bin/../lib/gcc/avr/4.8.1/../../../../avr/lib/avr5\libm.a(fixsfsi.o) (__fixunssfsi)
c:/program files (x86)/atmel/atmel toolchain/avr8 gcc/native/3.4.1061/avr8-gnu-toolchain/bin/../lib/gcc/avr/4.8.1/../../../../avr/lib/avr5\libm.a(floatsisf.o)
                              Driver_files/joy_driver.o (__floatsisf)
c:/program files (x86)/atmel/atmel toolchain/avr8 gcc/native/3.4.1061/avr8-gnu-toolchain/bin/../lib/gcc/avr/4.8.1/../../../../avr/lib/avr5\libm.a(fp_cmp.o)
                              c:/program files (x86)/atmel/atmel toolchain/avr8 gcc/native/3.4.1061/avr8-gnu-toolchain/bin/../lib/gcc/avr/4.8.1/../../../../avr/lib/avr5\libm.a(cmpsf2.o) (__fp_cmp)
c:/program files (x86)/atmel/atmel toolchain/avr8 gcc/native/3.4.1061/avr8-gnu-toolchain/bin/../lib/gcc/avr/4.8.1/../../../../avr/lib/avr5\libm.a(fp_inf.o)
                              c:/program files (x86)/atmel/atmel toolchain/avr8 gcc/native/3.4.1061/avr8-gnu-toolchain/bin/../lib/gcc/avr/4.8.1/../../../../avr/lib/avr5\libm.a(addsf3x.o) (__fp_inf)
c:/program files (x86)/atmel/atmel toolchain/avr8 gcc/native/3.4.1061/avr8-gnu-toolchain/bin/../lib/gcc/avr/4.8.1/../../../../avr/lib/avr5\libm.a(fp_nan.o)
                              c:/program files (x86)/atmel/atmel toolchain/avr8 gcc/native/3.4.1061/avr8-gnu-toolchain/bin/../lib/gcc/avr/4.8.1/../../../../avr/lib/avr5\libm.a(addsf3x.o) (__fp_nan)
c:/program files (x86)/atmel/atmel toolchain/avr8 gcc/native/3.4.1061/avr8-gnu-toolchain/bin/../lib/gcc/avr/4.8.1/../../../../avr/lib/avr5\libm.a(fp_pscA.o)
                              c:/program files (x86)/atmel/atmel toolchain/avr8 gcc/native/3.4.1061/avr8-gnu-toolchain/bin/../lib/gcc/avr/4.8.1/../../../../avr/lib/avr5\libm.a(addsf3x.o) (__fp_pscA)
c:/program files (x86)/atmel/atmel toolchain/avr8 gcc/native/3.4.1061/avr8-gnu-toolchain/bin/../lib/gcc/avr/4.8.1/../../../../avr/lib/avr5\libm.a(fp_pscB.o)
                              c:/program files (x86)/atmel/atmel toolchain/avr8 gcc/native/3.4.1061/avr8-gnu-toolchain/bin/../lib/gcc/avr/4.8.1/../../../../avr/lib/avr5\libm.a(addsf3x.o) (__fp_pscB)
c:/program files (x86)/atmel/atmel toolchain/avr8 gcc/native/3.4.1061/avr8-gnu-toolchain/bin/../lib/gcc/avr/4.8.1/../../../../avr/lib/avr5\libm.a(fp_round.o)
                              c:/program files (x86)/atmel/atmel toolchain/avr8 gcc/native/3.4.1061/avr8-gnu-toolchain/bin/../lib/gcc/avr/4.8.1/../../../../avr/lib/avr5\libm.a(addsf3.o) (__fp_round)
c:/program files (x86)/atmel/atmel toolchain/avr8 gcc/native/3.4.1061/avr8-gnu-toolchain/bin/../lib/gcc/avr/4.8.1/../../../../avr/lib/avr5\libm.a(fp_split3.o)
                              c:/program files (x86)/atmel/atmel toolchain/avr8 gcc/native/3.4.1061/avr8-gnu-toolchain/bin/../lib/gcc/avr/4.8.1/../../../../avr/lib/avr5\libm.a(addsf3x.o) (__fp_split3)
c:/program files (x86)/atmel/atmel toolchain/avr8 gcc/native/3.4.1061/avr8-gnu-toolchain/bin/../lib/gcc/avr/4.8.1/../../../../avr/lib/avr5\libm.a(fp_zero.o)
[...]
Memory Configuration

Name             Origin             Length             Attributes
text             0x00000000         0x00020000         xr
data             0x00800060         0x0000ffa0         rw !x
eeprom           0x00810000         0x00010000         rw !x
fuse             0x00820000         0x00000400         rw !x
lock             0x00830000         0x00000400         rw !x
signature        0x00840000         0x00000400         rw !x
user_signatures  0x00850000         0x00000400         rw !x
*default*        0x00000000         0xffffffff

Linker script and memory map

Address of section .data set to 0x800100
LOAD c:/program files (x86)/atmel/atmel toolchain/avr8 gcc/native/3.4.1061/avr8-gnu-toolchain/bin/../lib/gcc/avr/4.8.1/../../../../avr/lib/avr5/crtm162.o
LOAD Driver_files/EEPROM_driver.o
LOAD Driver_files/message_handler.o
LOAD Driver_files/SPI_driver.o
LOAD Game_files/highscore.o
LOAD Game_files/pingpong.o
LOAD main.o
LOAD Driver_files/adc_driver.o
LOAD Driver_files/CAN_driver.o
LOAD Driver_files/joy_driver.o
LOAD Driver_files/MCP_driver.o
LOAD Driver_files/oled_driver.o
LOAD Driver_files/sram_driver.o
LOAD Driver_files/uart_driver.o
LOAD Game_files/draw.o
LOAD Game_files/pong.o
LOAD Game_files/snake.o
LOAD Interface_files/menu.o
START GROUP
LOAD c:/program files (x86)/atmel/atmel toolchain/avr8 gcc/native/3.4.1061/avr8-gnu-toolchain/bin/../lib/gcc/avr/4.8.1/../../../../avr/lib/avr5\libm.a
END GROUP
START GROUP
LOAD c:/program files (x86)/atmel/atmel toolchain/avr8 gcc/native/3.4.1061/avr8-gnu-toolchain/bin/../lib/gcc/avr/4.8.1/avr5\libgcc.a
LOAD c:/program files (x86)/atmel/atmel toolchain/avr8 gcc/native/3.4.1061/avr8-gnu-toolchain/bin/../lib/gcc/avr/4.8.1/../../../../avr/lib/avr5\libm.a
LOAD c:/program files (x86)/atmel/atmel toolchain/avr8 gcc/native/3.4.1061/avr8-gnu-toolchain/bin/../lib/gcc/avr/4.8.1/../../../../avr/lib/avr5\libc.a
END GROUP

.hash
 *(.hash)

.dynsym
 *(.dynsym)

.dynstr
 *(.dynstr)

.gnu.version
 *(.gnu.version)

.gnu.version_d
 *(.gnu.version_d)

.gnu.version_r
 *(.gnu.version_r)

.rel.init
 *(.rel.init)

.rela.init
 *(.rela.init)

.rel.text
 *(.rel.text)
 *(.rel.text.*)
 *(.rel.gnu.linkonce.t*)

.rela.text
 *(.rela.text)
 *(.rela.text.*)
 *(.rela.gnu.linkonce.t*)

.rel.fini
 *(.rel.fini)

.rela.fini
 *(.rela.fini)

.rel.rodata
 *(.rel.rodata)
 *(.rel.rodata.*)
 *(.rel.gnu.linkonce.r*)

.rela.rodata
 *(.rela.rodata)
 *(.rela.rodata.*)
 *(.rela.gnu.linkonce.r*)

.rel.data
 *(.rel.data)
 *(.rel.data.*)
 *(.rel.gnu.linkonce.d*)

.rela.data
 *(.rela.data)
 *(.rela.data.*)
 *(.rela.gnu.linkonce.d*)

.rel.ctors
 *(.rel.ctors)

.rela.ctors
 *(.rela.ctors)

.rel.dtors
 *(.rel.dtors)

.rela.dtors
 *(.rela.dtors)

.rel.got
 *(.rel.got)

.rela.got
 *(.rela.got)

.rel.bss
 *(.rel.bss)

.rela.bss
 *(.rela.bss)

.rel.plt
 *(.rel.plt)

.rela.plt
 *(.rela.plt)

.text           0x00000000     0x2a2a
 *(.vectors)
 .vectors       0x00000000       0x70 c:/program files (x86)/atmel/atmel toolchain/avr8 gcc/native/3.4.1061/avr8-gnu-toolchain/bin/../lib/gcc/avr/4.8.1/../../../../avr/lib/avr5/crtm162.o
                0x00000000                __vector_default
                0x00000000                __vectors
 *(.vectors)
 *(.progmem.gcc*)
                0x00000070                . = ALIGN (0x2)
                0x00000070                __trampolines_start = .
 *(.trampolines)
 .trampolines   0x00000070        0x0 linker stubs
 *(.trampolines*)
                0x00000070                __trampolines_end = .
 *(.progmem*)
 .progmem.data.font
                0x00000070      0x2f8 Driver_files/oled_driver.o
                0x00000070                font
                0x00000368                . = ALIGN (0x2)
 *(.jumptables)
 *(.jumptables*)
 *(.lowtext)
 *(.lowtext*)
                0x00000368                __ctors_start = .
 *(.ctors)
                0x00000368                __ctors_end = .
                0x00000368                __dtors_start = .
 *(.dtors)
                0x00000368                __dtors_end = .
 SORT(*)(.ctors)
 SORT(*)(.dtors)
 *(.init0)
 .init0         0x00000368        0x0 c:/program files (x86)/atmel/atmel toolchain/avr8 gcc/native/3.4.1061/avr8-gnu-toolchain/bin/../lib/gcc/avr/4.8.1/../../../../avr/lib/avr5/crtm162.o
                0x00000368                __init
 *(.init0)
 *(.init1)
 *(.init1)
 *(.init2)
 .init2         0x00000368        0xc c:/program files (x86)/atmel/atmel toolchain/avr8 gcc/native/3.4.1061/avr8-gnu-toolchain/bin/../lib/gcc/avr/4.8.1/../../../../avr/lib/avr5/crtm162.o
 *(.init2)
 *(.init3)
 *(.init3)
 *(.init4)
 .init4         0x00000374       0x16 c:/program files (x86)/atmel/atmel toolchain/avr8 gcc/native/3.4.1061/avr8-gnu-toolchain/bin/../lib/gcc/avr/4.8.1/avr5\libgcc.a(_copy_data.o)
                0x00000374                __do_copy_data
 .init4         0x0000038a       0x10 c:/program files (x86)/atmel/atmel toolchain/avr8 gcc/native/3.4.1061/avr8-gnu-toolchain/bin/../lib/gcc/avr/4.8.1/avr5\libgcc.a(_clear_bss.o)
                0x0000038a                __do_clear_bss
 *(.init4)
 *(.init5)
 *(.init5)
 *(.init6)
 *(.init6)
 *(.init7)
 *(.init7)
 *(.init8)
 *(.init8)
 *(.init9)
 .init9         0x0000039a        0x8 c:/program files (x86)/atmel/atmel toolchain/avr8 gcc/native/3.4.1061/avr8-gnu-toolchain/bin/../lib/gcc/avr/4.8.1/../../../../avr/lib/avr5/crtm162.o
 *(.init9)
 *(.text)
 .text          0x000003a2        0x4 c:/program files (x86)/atmel/atmel toolchain/avr8 gcc/native/3.4.1061/avr8-gnu-toolchain/bin/../lib/gcc/avr/4.8.1/../../../../avr/lib/avr5/crtm162.o
                0x000003a2                __vector_22
                0x000003a2                __vector_1
                0x000003a2                __vector_24
                0x000003a2                __vector_12
                0x000003a2                __bad_interrupt
                0x000003a2                __vector_6
                0x000003a2                __vector_3
                0x000003a2                __vector_23
                0x000003a2                __vector_25
                0x000003a2                __vector_11
                0x000003a2                __vector_13
                0x000003a2                __vector_17
                0x000003a2                __vector_19
                0x000003a2                __vector_7
                0x000003a2                __vector_27
                0x000003a2                __vector_5
                0x000003a2                __vector_4
                0x000003a2                __vector_9
                0x000003a2                __vector_21
                0x000003a2                __vector_15
                0x000003a2                __vector_8
                0x000003a2                __vector_26
                0x000003a2                __vector_10
                0x000003a2                __vector_16
                0x000003a2                __vector_18
                0x000003a2                __vector_20
                0x000003a6                . = ALIGN (0x2)
 *(.text.*)
 .text.init_handler
                0x000003a6       0x18 Driver_files/message_handler.o
                0x000003a6                init_handler
 .text.handle_message
                0x000003be       0x5a Driver_files/message_handler.o
                0x000003be                handle_message
 .text.__vector_2
                0x00000418       0x48 Driver_files/message_handler.o
                0x00000418                __vector_2
 .text.SPI_init
                0x00000460        0xa Driver_files/SPI_driver.o
                0x00000460                SPI_init
 .text.SPI_transmit
                0x0000046a        0xa Driver_files/SPI_driver.o
                0x0000046a                SPI_transmit
 .text.SPI_send
                0x00000474        0x6 Driver_files/SPI_driver.o
                0x00000474                SPI_send
 .text.SPI_receive
                0x0000047a        0x8 Driver_files/SPI_driver.o
                0x0000047a                SPI_receive
 .text.SPI_ss_high
                0x00000482        0x4 Driver_files/SPI_driver.o
                0x00000482                SPI_ss_high
 .text.SPI_ss_low
                0x00000486        0x4 Driver_files/SPI_driver.o
                0x00000486                SPI_ss_low
 .text.wait_mode
                0x0000048a       0x42 Game_files/pingpong.o
                0x0000048a                wait_mode
 .text.start_pingpong
                0x000004cc       0x36 Game_files/pingpong.o
                0x000004cc                start_pingpong
 .text.bus_init
                0x00000502        0xe main.o
                0x00000502                bus_init
 .text.main     0x00000510       0x2e main.o
                0x00000510                main
 .text.get_adc  0x0000053e       0x28 Driver_files/adc_driver.o
                0x0000053e                get_adc
 .text.CAN_init
                0x00000566       0x32 Driver_files/CAN_driver.o
                0x00000566                CAN_init
 .text.CAN_transmit
                0x00000598       0x66 Driver_files/CAN_driver.o
                0x00000598                CAN_transmit
 .text.CAN_receive
                0x000005fe       0x76 Driver_files/CAN_driver.o
                0x000005fe                CAN_receive
 .text.getSliderPosition
                0x00000674       0x4e Driver_files/joy_driver.o
                0x00000674                getSliderPosition
 .text.getJoystickDirection
                0x000006c2       0xac Driver_files/joy_driver.o
                0x000006c2                getJoystickDirection
 .text.getJoystickPosition
                0x0000076e       0xc0 Driver_files/joy_driver.o
                0x0000076e                getJoystickPosition
 .text.calibration_visual_countdown
                0x0000082e       0x70 Driver_files/joy_driver.o
                0x0000082e                calibration_visual_countdown
 .text.calibrateJoystick
                0x0000089e      0x120 Driver_files/joy_driver.o
                0x0000089e                calibrateJoystick
 .text.MCP_reset
                0x000009be       0x10 Driver_files/MCP_driver.o
                0x000009be                MCP_reset
 .text.MCP_read
                0x000009ce       0x24 Driver_files/MCP_driver.o
                0x000009ce                MCP_read
 .text.MCP_init
                0x000009f2       0x38 Driver_files/MCP_driver.o
                0x000009f2                MCP_init
 .text.MCP_write
                0x00000a2a       0x28 Driver_files/MCP_driver.o
                0x00000a2a                MCP_write
 .text.MCP_rts  0x00000a52       0x42 Driver_files/MCP_driver.o
                0x00000a52                MCP_rts
 .text.MCP_bit_modify
                0x00000a94       0x34 Driver_files/MCP_driver.o
                0x00000a94                MCP_bit_modify
 .text.oled_init
                0x00000ac8       0x5c Driver_files/oled_driver.o
                0x00000ac8                oled_init
 .text.oled_sram_flush
                0x00000b24       0x70 Driver_files/oled_driver.o
                0x00000b24                oled_sram_flush
 .text.__vector_14
                0x00000b94       0x50 Driver_files/oled_driver.o
                0x00000b94                __vector_14
 .text.oled_sram_write_string
                0x00000be4       0x9c Driver_files/oled_driver.o
                0x00000be4                oled_sram_write_string
 .text.oled_sram_write_char
                0x00000c80       0x68 Driver_files/oled_driver.o
                0x00000c80                oled_sram_write_char
 .text.oled_sram_clear_line
                0x00000ce8       0x3c Driver_files/oled_driver.o
                0x00000ce8                oled_sram_clear_line
 .text.oled_sram_clear_screen
                0x00000d24       0x28 Driver_files/oled_driver.o
                0x00000d24                oled_sram_clear_screen
 .text.oled_sram_write_bit
                0x00000d4c       0x78 Driver_files/oled_driver.o
                0x00000d4c                oled_sram_write_bit
 .text.getSRAM  0x00000dc4        0x8 Driver_files/sram_driver.o
                0x00000dc4                getSRAM
 .text.setSRAM  0x00000dcc        0xa Driver_files/sram_driver.o
                0x00000dcc                setSRAM
 .text.uartSend
                0x00000dd6        0xc Driver_files/uart_driver.o
                0x00000dd6                uartSend
 .text.uartInit
                0x00000de2       0x38 Driver_files/uart_driver.o
                0x00000de2                uartInit
 .text.play_draw
                0x00000e1a       0x5e Game_files/draw.o
                0x00000e1a                play_draw
 .text.racketHit
                0x00000e78       0x74 Game_files/pong.o
                0x00000e78                racketHit
 .text.updateBallAngle
                0x00000eec       0xb2 Game_files/pong.o
                0x00000eec                updateBallAngle
 .text.ballInit
                0x00000f9e       0x3e Game_files/pong.o
                0x00000f9e                ballInit
 .text.updateBallPosition
                0x00000fdc       0xea Game_files/pong.o
                0x00000fdc                updateBallPosition
 .text.updateSliderPosition
                0x000010c6       0x3a Game_files/pong.o
                0x000010c6                updateSliderPosition
 .text.updateScreen
                0x00001100       0xf0 Game_files/pong.o
                0x00001100                updateScreen
 .text.playRound
                0x000011f0       0xe6 Game_files/pong.o
                0x000011f0                playRound
 .text.printScore
                0x000012d6       0x82 Game_files/pong.o
                0x000012d6                printScore
 .text.printEndScreen
                0x00001358       0x68 Game_files/pong.o
                0x00001358                printEndScreen
 .text.playPong
                0x000013c0       0x5a Game_files/pong.o
                0x000013c0                playPong
 .text.detectCollision
                0x0000141a       0x38 Game_files/snake.o
                0x0000141a                detectCollision
 .text.placeFood
                0x00001452       0x5a Game_files/snake.o
                0x00001452                placeFood
 .text.drawBoard
                0x000014ac       0xee Game_files/snake.o
                0x000014ac                drawBoard
 .text.playSnake
                0x0000159a      0x1ba Game_files/snake.o
                0x0000159a                playSnake
 .text.make_screen
                0x00001754      0x250 Interface_files/menu.o
                0x00001754                make_screen
 .text.menuSystem
                0x000019a4      0x1ca Interface_files/menu.o
                0x000019a4                menuSystem
 .text.avr-libc.fplib
                0x00001b6e        0xa c:/program files (x86)/atmel/atmel toolchain/avr8 gcc/native/3.4.1061/avr8-gnu-toolchain/bin/../lib/gcc/avr/4.8.1/../../../../avr/lib/avr5\libm.a(addsf3.o)
                0x00001b6e                __subsf3
                0x00001b70                __addsf3
 .text.avr-libc.fplib
                0x00001b78       0xc0 c:/program files (x86)/atmel/atmel toolchain/avr8 gcc/native/3.4.1061/avr8-gnu-toolchain/bin/../lib/gcc/avr/4.8.1/../../../../avr/lib/avr5\libm.a(addsf3x.o)
                0x00001b92                __addsf3x
 .text.avr-libc.fplib
                0x00001c38        0x8 c:/program files (x86)/atmel/atmel toolchain/avr8 gcc/native/3.4.1061/avr8-gnu-toolchain/bin/../lib/gcc/avr/4.8.1/../../../../avr/lib/avr5\libm.a(cmpsf2.o)
                0x00001c38                __nesf2
                0x00001c38                __eqsf2
                0x00001c38                __cmpsf2
                0x00001c38                __ltsf2
                0x00001c38                __lesf2
 .text.avr-libc.fplib
                0x00001c40        0x4 c:/program files (x86)/atmel/atmel toolchain/avr8 gcc/native/3.4.1061/avr8-gnu-toolchain/bin/../lib/gcc/avr/4.8.1/../../../../avr/lib/avr5\libm.a(divsf3.o)
                0x00001c40                __divsf3
 .text.avr-libc.fplib
                0x00001c44       0xcc c:/program files (x86)/atmel/atmel toolchain/avr8 gcc/native/3.4.1061/avr8-gnu-toolchain/bin/../lib/gcc/avr/4.8.1/../../../../avr/lib/avr5\libm.a(divsf3x.o)
                0x00001c5a                __divsf3x
                0x00001c5e                __divsf3_pse
 .text.avr-libc.fplib
                0x00001d10        0xa c:/program files (x86)/atmel/atmel toolchain/avr8 gcc/native/3.4.1061/avr8-gnu-toolchain/bin/../lib/gcc/avr/4.8.1/../../../../avr/lib/avr5\libm.a(fixsfsi.o)
                0x00001d10                __fixsfsi
 .text.avr-libc.fplib
                0x00001d1a       0x58 c:/program files (x86)/atmel/atmel toolchain/avr8 gcc/native/3.4.1061/avr8-gnu-toolchain/bin/../lib/gcc/avr/4.8.1/../../../../avr/lib/avr5\libm.a(fixunssfsi.o)
                0x00001d1a                __fixunssfsi
 .text.avr-libc.fplib
                0x00001d72       0x7a c:/program files (x86)/atmel/atmel toolchain/avr8 gcc/native/3.4.1061/avr8-gnu-toolchain/bin/../lib/gcc/avr/4.8.1/../../../../avr/lib/avr5\libm.a(floatsisf.o)
                0x00001d72                __floatunsisf
                0x00001d76                __floatsisf
 .text.avr-libc.fplib
                0x00001dec       0x48 c:/program files (x86)/atmel/atmel toolchain/avr8 gcc/native/3.4.1061/avr8-gnu-toolchain/bin/../lib/gcc/avr/4.8.1/../../../../avr/lib/avr5\libm.a(fp_cmp.o)
                0x00001dec                __fp_cmp
 .text.avr-libc.fplib
                0x00001e34        0xc c:/program files (x86)/atmel/atmel toolchain/avr8 gcc/native/3.4.1061/avr8-gnu-toolchain/bin/../lib/gcc/avr/4.8.1/../../../../avr/lib/avr5\libm.a(fp_inf.o)
                0x00001e34                __fp_inf
 .text.avr-libc.fplib
                0x00001e40        0x6 c:/program files (x86)/atmel/atmel toolchain/avr8 gcc/native/3.4.1061/avr8-gnu-toolchain/bin/../lib/gcc/avr/4.8.1/../../../../avr/lib/avr5\libm.a(fp_nan.o)
                0x00001e40                __fp_nan
 .text.avr-libc.fplib
                0x00001e46        0xe c:/program files (x86)/atmel/atmel toolchain/avr8 gcc/native/3.4.1061/avr8-gnu-toolchain/bin/../lib/gcc/avr/4.8.1/../../../../avr/lib/avr5\libm.a(fp_pscA.o)
                0x00001e46                __fp_pscA
 .text.avr-libc.fplib
                0x00001e54        0xe c:/program files (x86)/atmel/atmel toolchain/avr8 gcc/native/3.4.1061/avr8-gnu-toolchain/bin/../lib/gcc/avr/4.8.1/../../../../avr/lib/avr5\libm.a(fp_pscB.o)
                0x00001e54                __fp_pscB
 .text.avr-libc.fplib
                0x00001e62       0x22 c:/program files (x86)/atmel/atmel toolchain/avr8 gcc/native/3.4.1061/avr8-gnu-toolchain/bin/../lib/gcc/avr/4.8.1/../../../../avr/lib/avr5\libm.a(fp_round.o)
                0x00001e62                __fp_round
 .text.avr-libc.fplib
                0x00001e84       0x44 c:/program files (x86)/atmel/atmel toolchain/avr8 gcc/native/3.4.1061/avr8-gnu-toolchain/bin/../lib/gcc/avr/4.8.1/../../../../avr/lib/avr5\libm.a(fp_split3.o)
                0x00001e84                __fp_split3
                0x00001e94                __fp_splitA
 .text.avr-libc.fplib
                0x00001ec8        0xe c:/program files (x86)/atmel/atmel toolchain/avr8 gcc/native/3.4.1061/avr8-gnu-toolchain/bin/../lib/gcc/avr/4.8.1/../../../../avr/lib/avr5\libm.a(fp_zero.o)
                0x00001ec8                __fp_zero
                0x00001eca                __fp_szero
 .text.avr-libc.fplib
                0x00001ed6        0x8 c:/program files (x86)/atmel/atmel toolchain/avr8 gcc/native/3.4.1061/avr8-gnu-toolchain/bin/../lib/gcc/avr/4.8.1/../../../../avr/lib/avr5\libm.a(gesf2.o)
                0x00001ed6                __gesf2
                0x00001ed6                __gtsf2
 .text.avr-libc.fplib
                0x00001ede        0x4 c:/program files (x86)/atmel/atmel toolchain/avr8 gcc/native/3.4.1061/avr8-gnu-toolchain/bin/../lib/gcc/avr/4.8.1/../../../../avr/lib/avr5\libm.a(mulsf3.o)
                0x00001ede                __mulsf3
 .text.avr-libc.fplib
                0x00001ee2       0xc2 c:/program files (x86)/atmel/atmel toolchain/avr8 gcc/native/3.4.1061/avr8-gnu-toolchain/bin/../lib/gcc/avr/4.8.1/../../../../avr/lib/avr5\libm.a(mulsf3x.o)
                0x00001ef6                __mulsf3x
                0x00001efa                __mulsf3_pse
 .text.libgcc.div
                0x00001fa4       0x28 c:/program files (x86)/atmel/atmel toolchain/avr8 gcc/native/3.4.1061/avr8-gnu-toolchain/bin/../lib/gcc/avr/4.8.1/avr5\libgcc.a(_divmodhi4.o)
                0x00001fa4                _div
                0x00001fa4                __divmodhi4
 .text.libgcc.div
                0x00001fcc       0x2e c:/program files (x86)/atmel/atmel toolchain/avr8 gcc/native/3.4.1061/avr8-gnu-toolchain/bin/../lib/gcc/avr/4.8.1/avr5\libgcc.a(_divmodsi4.o)
                0x00001fcc                __divmodsi4
 .text.libgcc.div
                0x00001ffa       0x10 c:/program files (x86)/atmel/atmel toolchain/avr8 gcc/native/3.4.1061/avr8-gnu-toolchain/bin/../lib/gcc/avr/4.8.1/avr5\libgcc.a(_negsi2.o)
                0x00001ffa                __negsi2
 .text.libgcc.div
                0x0000200a       0x28 c:/program files (x86)/atmel/atmel toolchain/avr8 gcc/native/3.4.1061/avr8-gnu-toolchain/bin/../lib/gcc/avr/4.8.1/avr5\libgcc.a(_udivmodhi4.o)
                0x0000200a                __udivmodhi4
 .text.libgcc.div
                0x00002032       0x44 c:/program files (x86)/atmel/atmel toolchain/avr8 gcc/native/3.4.1061/avr8-gnu-toolchain/bin/../lib/gcc/avr/4.8.1/avr5\libgcc.a(_udivmodsi4.o)
                0x00002032                __udivmodsi4
 .text.avr-libc
                0x00002076      0x24e c:/program files (x86)/atmel/atmel toolchain/avr8 gcc/native/3.4.1061/avr8-gnu-toolchain/bin/../lib/gcc/avr/4.8.1/../../../../avr/lib/avr5\libc.a(malloc.o)
                0x00002076                malloc
                0x000021a6                free
 .text.avr-libc
                0x000022c4       0xbc c:/program files (x86)/atmel/atmel toolchain/avr8 gcc/native/3.4.1061/avr8-gnu-toolchain/bin/../lib/gcc/avr/4.8.1/../../../../avr/lib/avr5\libc.a(rand.o)
                0x0000235a                rand_r
                0x00002360                rand
                0x0000236a                srand
 .text.avr-libc
                0x00002380       0x96 c:/program files (x86)/atmel/atmel toolchain/avr8 gcc/native/3.4.1061/avr8-gnu-toolchain/bin/../lib/gcc/avr/4.8.1/../../../../avr/lib/avr5\libc.a(fdevopen.o)
                0x00002380                fdevopen
 .text.avr-libc
                0x00002416       0x28 c:/program files (x86)/atmel/atmel toolchain/avr8 gcc/native/3.4.1061/avr8-gnu-toolchain/bin/../lib/gcc/avr/4.8.1/../../../../avr/lib/avr5\libc.a(printf.o)
                0x00002416                printf
 .text.avr-libc
                0x0000243e      0x3a4 c:/program files (x86)/atmel/atmel toolchain/avr8 gcc/native/3.4.1061/avr8-gnu-toolchain/bin/../lib/gcc/avr/4.8.1/../../../../avr/lib/avr5\libc.a(vfprintf_std.o)
                0x0000243e                vfprintf
 .text.avr-libc
                0x000027e2       0x38 c:/program files (x86)/atmel/atmel toolchain/avr8 gcc/native/3.4.1061/avr8-gnu-toolchain/bin/../lib/gcc/avr/4.8.1/../../../../avr/lib/avr5\libc.a(calloc.o)
                0x000027e2                calloc
 .text.avr-libc
                0x0000281a       0x16 c:/program files (x86)/atmel/atmel toolchain/avr8 gcc/native/3.4.1061/avr8-gnu-toolchain/bin/../lib/gcc/avr/4.8.1/../../../../avr/lib/avr5\libc.a(strnlen_P.o)
                0x0000281a                strnlen_P
 .text.avr-libc
                0x00002830        0xe c:/program files (x86)/atmel/atmel toolchain/avr8 gcc/native/3.4.1061/avr8-gnu-toolchain/bin/../lib/gcc/avr/4.8.1/../../../../avr/lib/avr5\libc.a(memset.o)
                0x00002830                memset
 .text.avr-libc
                0x0000283e       0x16 c:/program files (x86)/atmel/atmel toolchain/avr8 gcc/native/3.4.1061/avr8-gnu-toolchain/bin/../lib/gcc/avr/4.8.1/../../../../avr/lib/avr5\libc.a(strnlen.o)
                0x0000283e                strnlen
 .text.avr-libc
                0x00002854       0x64 c:/program files (x86)/atmel/atmel toolchain/avr8 gcc/native/3.4.1061/avr8-gnu-toolchain/bin/../lib/gcc/avr/4.8.1/../../../../avr/lib/avr5\libc.a(fputc.o)
                0x00002854                fputc
 .text.avr-libc
                0x000028b8       0xbc c:/program files (x86)/atmel/atmel toolchain/avr8 gcc/native/3.4.1061/avr8-gnu-toolchain/bin/../lib/gcc/avr/4.8.1/../../../../avr/lib/avr5\libc.a(ultoa_invert.o)
                0x000028b8                __ultoa_invert
 .text.libgcc.mul
                0x00002974       0x16 c:/program files (x86)/atmel/atmel toolchain/avr8 gcc/native/3.4.1061/avr8-gnu-toolchain/bin/../lib/gcc/avr/4.8.1/avr5\libgcc.a(_muluhisi3.o)
                0x00002974                __muluhisi3
 .text.libgcc.mul
                0x0000298a       0x10 c:/program files (x86)/atmel/atmel toolchain/avr8 gcc/native/3.4.1061/avr8-gnu-toolchain/bin/../lib/gcc/avr/4.8.1/avr5\libgcc.a(_mulshisi3.o)
                0x0000298a                __mulshisi3
                0x00002990                __mulohisi3
 .text.libgcc.prologue
                0x0000299a       0x38 c:/program files (x86)/atmel/atmel toolchain/avr8 gcc/native/3.4.1061/avr8-gnu-toolchain/bin/../lib/gcc/avr/4.8.1/avr5\libgcc.a(_prologue.o)
                0x0000299a                __prologue_saves__
 .text.libgcc.prologue
                0x000029d2       0x36 c:/program files (x86)/atmel/atmel toolchain/avr8 gcc/native/3.4.1061/avr8-gnu-toolchain/bin/../lib/gcc/avr/4.8.1/avr5\libgcc.a(_epilogue.o)
                0x000029d2                __epilogue_restores__
 .text.libgcc.mul
                0x00002a08       0x1e c:/program files (x86)/atmel/atmel toolchain/avr8 gcc/native/3.4.1061/avr8-gnu-toolchain/bin/../lib/gcc/avr/4.8.1/avr5\libgcc.a(_umulhisi3.o)
                0x00002a08                __umulhisi3
                0x00002a26                . = ALIGN (0x2)
 *(.fini9)
 .fini9         0x00002a26        0x0 c:/program files (x86)/atmel/atmel toolchain/avr8 gcc/native/3.4.1061/avr8-gnu-toolchain/bin/../lib/gcc/avr/4.8.1/avr5\libgcc.a(_exit.o)
                0x00002a26                _exit
                0x00002a26                exit
 *(.fini9)
 *(.fini8)
 *(.fini8)
 *(.fini7)
 *(.fini7)
 *(.fini6)
 *(.fini6)
 *(.fini5)
 *(.fini5)
 *(.fini4)
 *(.fini4)
 *(.fini3)
 *(.fini3)
 *(.fini2)
 *(.fini2)
 *(.fini1)
 *(.fini1)
 *(.fini0)
 .fini0         0x00002a26        0x4 c:/program files (x86)/atmel/atmel toolchain/avr8 gcc/native/3.4.1061/avr8-gnu-toolchain/bin/../lib/gcc/avr/4.8.1/avr5\libgcc.a(_exit.o)
 *(.fini0)
                0x00002a2a                _etext = .

.data           0x00800100      0x11e load address 0x00002a2a
                0x00800100                PROVIDE (__data_start, .)
 *(.data)
 .data          0x00800100        0x6 c:/program files (x86)/atmel/atmel toolchain/avr8 gcc/native/3.4.1061/avr8-gnu-toolchain/bin/../lib/gcc/avr/4.8.1/../../../../avr/lib/avr5\libc.a(malloc.o)
                0x00800100                __malloc_heap_end
                0x00800102                __malloc_heap_start
                0x00800104                __malloc_margin
 .data          0x00800106        0x4 c:/program files (x86)/atmel/atmel toolchain/avr8 gcc/native/3.4.1061/avr8-gnu-toolchain/bin/../lib/gcc/avr/4.8.1/../../../../avr/lib/avr5\libc.a(rand.o)
 *(.data*)
 .data.yMean    0x0080010a        0x4 Driver_files/joy_driver.o
                0x0080010a                yMean
 .data.xMean    0x0080010e        0x4 Driver_files/joy_driver.o
                0x0080010e                xMean
 *(.rodata)
 *(.rodata*)
 .rodata.str1.1
                0x00800112       0x3b Game_files/pingpong.o
 .rodata.str1.1
                0x0080014d        0x7 main.o
 .rodata.str1.1
                0x00800154       0x26 Driver_files/joy_driver.o
 .rodata.str1.1
                0x0080017a       0x34 Driver_files/MCP_driver.o
 .rodata.str1.1
                0x008001ae       0x23 Game_files/pong.o
 .rodata.str1.1
                0x008001d1       0x4c Interface_files/menu.o
                                 0x53 (size before relaxing)
 *(.gnu.linkonce.d*)
                0x0080021e                . = ALIGN (0x2)
 *fill*         0x0080021d        0x1 
                0x0080021e                _edata = .
                0x0080021e                PROVIDE (__data_end, .)

.bss            0x0080021e        0xa
                0x0080021e                PROVIDE (__bss_start, .)
 *(.bss)
 *(.bss*)
 *(COMMON)
 COMMON         0x0080021e        0x4 c:/program files (x86)/atmel/atmel toolchain/avr8 gcc/native/3.4.1061/avr8-gnu-toolchain/bin/../lib/gcc/avr/4.8.1/../../../../avr/lib/avr5\libc.a(malloc.o)
                0x0080021e                __brkval
                0x00800220                __flp
 COMMON         0x00800222        0x6 c:/program files (x86)/atmel/atmel toolchain/avr8 gcc/native/3.4.1061/avr8-gnu-toolchain/bin/../lib/gcc/avr/4.8.1/../../../../avr/lib/avr5\libc.a(iob.o)
                0x00800222                __iob
                0x00800228                PROVIDE (__bss_end, .)
                0x00002a2a                __data_load_start = LOADADDR (.data)
                0x00002b48                __data_load_end = (__data_load_start + SIZEOF (.data))

.noinit         0x00800228        0x0
                0x00800228                PROVIDE (__noinit_start, .)
 *(.noinit*)
                0x00800228                PROVIDE (__noinit_end, .)
                0x00800228                _end = .
                0x00800228                PROVIDE (__heap_start, .)

.eeprom         0x00810000        0x0
 *(.eeprom*)
                0x00810000                __eeprom_end = .

.fuse
 *(.fuse)
 *(.lfuse)
 *(.hfuse)
 *(.efuse)

.lock
 *(.lock*)

.signature
 *(.signature*)

.user_signatures
 *(.user_signatures*)

.stab
 *(.stab)

.stabstr
 *(.stabstr)

.stab.excl
 *(.stab.excl)

.stab.exclstr
 *(.stab.exclstr)

.stab.index
 *(.stab.index)

.stab.indexstr
 *(.stab.indexstr)

.comment        0x00000000       0x5c
 *(.comment)
 .comment       0x00000000       0x30 Driver_files/message_handler.o
                                 0x31 (size before relaxing)
 .comment       0x00000000       0x31 Driver_files/SPI_driver.o
 .comment       0x00000000       0x31 Game_files/pingpong.o
 .comment       0x00000000       0x31 main.o
 .comment       0x00000000       0x31 Driver_files/adc_driver.o
 .comment       0x00000000       0x31 Driver_files/CAN_driver.o
 .comment       0x00000000       0x31 Driver_files/joy_driver.o
 .comment       0x00000000       0x31 Driver_files/MCP_driver.o
 .comment       0x00000000       0x31 Driver_files/oled_driver.o
 .comment       0x00000000       0x31 Driver_files/sram_driver.o
 .comment       0x00000000       0x31 Driver_files/uart_driver.o
 .comment       0x00000000       0x31 Game_files/draw.o
 .comment       0x00000000       0x31 Game_files/pong.o
 .comment       0x00000000       0x31 Game_files/snake.o
 .comment       0x00000000       0x31 Interface_files/menu.o
 .comment       0x00000000       0x31 c:/program files (x86)/atmel/atmel toolchain/avr8 gcc/native/3.4.1061/avr8-gnu-toolchain/bin/../lib/gcc/avr/4.8.1/../../../../avr/lib/avr5\libc.a(malloc.o)
 .comment       0x00000000       0x31 c:/program files (x86)/atmel/atmel toolchain/avr8 gcc/native/3.4.1061/avr8-gnu-toolchain/bin/../lib/gcc/avr/4.8.1/../../../../avr/lib/avr5\libc.a(rand.o)
 .comment       0x00000000       0x31 c:/program files (x86)/atmel/atmel toolchain/avr8 gcc/native/3.4.1061/avr8-gnu-toolchain/bin/../lib/gcc/avr/4.8.1/../../../../avr/lib/avr5\libc.a(fdevopen.o)
 .comment       0x00000000       0x31 c:/program files (x86)/atmel/atmel toolchain/avr8 gcc/native/3.4.1061/avr8-gnu-toolchain/bin/../lib/gcc/avr/4.8.1/../../../../avr/lib/avr5\libc.a(iob.o)
 .comment       0x00000000       0x31 c:/program files (x86)/atmel/atmel toolchain/avr8 gcc/native/3.4.1061/avr8-gnu-toolchain/bin/../lib/gcc/avr/4.8.1/../../../../avr/lib/avr5\libc.a(printf.o)
 .comment       0x00000030       0x2c c:/program files (x86)/atmel/atmel toolchain/avr8 gcc/native/3.4.1061/avr8-gnu-toolchain/bin/../lib/gcc/avr/4.8.1/../../../../avr/lib/avr5\libc.a(vfprintf_std.o)
                                 0x2d (size before relaxing)
 .comment       0x00000000       0x31 c:/program files (x86)/atmel/atmel toolchain/avr8 gcc/native/3.4.1061/avr8-gnu-toolchain/bin/../lib/gcc/avr/4.8.1/../../../../avr/lib/avr5\libc.a(calloc.o)
 .comment       0x00000000       0x31 c:/program files (x86)/atmel/atmel toolchain/avr8 gcc/native/3.4.1061/avr8-gnu-toolchain/bin/../lib/gcc/avr/4.8.1/../../../../avr/lib/avr5\libc.a(fputc.o)

.note.gnu.build-id
 *(.note.gnu.build-id)

.debug
 *(.debug)

.line
 *(.line)

.debug_srcinfo
 *(.debug_srcinfo)

.debug_sfnames
 *(.debug_sfnames)

.debug_aranges  0x00000000      0x3c0
 *(.debug_aranges)
 .debug_aranges
                0x00000000       0x30 Driver_files/message_handler.o
 .debug_aranges
                0x00000030       0x48 Driver_files/SPI_driver.o
 .debug_aranges
                0x00000078       0x28 Game_files/pingpong.o
 .debug_aranges
                0x000000a0       0x28 main.o
 .debug_aranges
                0x000000c8       0x28 Driver_files/adc_driver.o
 .debug_aranges
                0x000000f0       0x30 Driver_files/CAN_driver.o
 .debug_aranges
                0x00000120       0x40 Driver_files/joy_driver.o
 .debug_aranges
                0x00000160       0x68 Driver_files/MCP_driver.o
 .debug_aranges
                0x000001c8       0xb0 Driver_files/oled_driver.o
 .debug_aranges
                0x00000278       0x30 Driver_files/sram_driver.o
 .debug_aranges
                0x000002a8       0x30 Driver_files/uart_driver.o
 .debug_aranges
                0x000002d8       0x20 Game_files/draw.o
 .debug_aranges
                0x000002f8       0x68 Game_files/pong.o
 .debug_aranges
                0x00000360       0x38 Game_files/snake.o
 .debug_aranges
                0x00000398       0x28 Interface_files/menu.o

.debug_pubnames
 *(.debug_pubnames)

.debug_info     0x00000000     0x43a7
 *(.debug_info .gnu.linkonce.wi.*)
 .debug_info    0x00000000      0x2b2 Driver_files/message_handler.o
 .debug_info    0x000002b2      0x141 Driver_files/SPI_driver.o
 .debug_info    0x000003f3      0x2fc Game_files/pingpong.o
 .debug_info    0x000006ef      0x179 main.o
 .debug_info    0x00000868      0x167 Driver_files/adc_driver.o
 .debug_info    0x000009cf      0x35a Driver_files/CAN_driver.o
 .debug_info    0x00000d29      0x5a8 Driver_files/joy_driver.o
 .debug_info    0x000012d1      0x67f Driver_files/MCP_driver.o
 .debug_info    0x00001950      0xe06 Driver_files/oled_driver.o
 .debug_info    0x00002756      0x21a Driver_files/sram_driver.o
 .debug_info    0x00002970      0x1f3 Driver_files/uart_driver.o
 .debug_info    0x00002b63      0x273 Game_files/draw.o
 .debug_info    0x00002dd6      0x9d4 Game_files/pong.o
 .debug_info    0x000037aa      0x5f7 Game_files/snake.o
 .debug_info    0x00003da1      0x606 Interface_files/menu.o

.debug_abbrev   0x00000000     0x194e
 *(.debug_abbrev)
 .debug_abbrev  0x00000000      0x18e Driver_files/message_handler.o
 .debug_abbrev  0x0000018e       0xd4 Driver_files/SPI_driver.o
 .debug_abbrev  0x00000262      0x168 Game_files/pingpong.o
 .debug_abbrev  0x000003ca      0x10a main.o
 .debug_abbrev  0x000004d4      0x117 Driver_files/adc_driver.o
 .debug_abbrev  0x000005eb      0x19f Driver_files/CAN_driver.o
 .debug_abbrev  0x0000078a      0x272 Driver_files/joy_driver.o
 .debug_abbrev  0x000009fc      0x1d6 Driver_files/MCP_driver.o
 .debug_abbrev  0x00000bd2      0x266 Driver_files/oled_driver.o
 .debug_abbrev  0x00000e38      0x132 Driver_files/sram_driver.o
 .debug_abbrev  0x00000f6a      0x131 Driver_files/uart_driver.o
 .debug_abbrev  0x0000109b      0x19a Game_files/draw.o
 .debug_abbrev  0x00001235      0x26b Game_files/pong.o
 .debug_abbrev  0x000014a0      0x27d Game_files/snake.o
 .debug_abbrev  0x0000171d      0x231 Interface_files/menu.o

.debug_line     0x00000000     0x1933
 *(.debug_line .debug_line.* .debug_line_end)
 .debug_line    0x00000000      0x114 Driver_files/message_handler.o
 .debug_line    0x00000114      0x114 Driver_files/SPI_driver.o
 .debug_line    0x00000228      0x118 Game_files/pingpong.o
 .debug_line    0x00000340      0x15a main.o
 .debug_line    0x0000049a      0x14d Driver_files/adc_driver.o
 .debug_line    0x000005e7      0x123 Driver_files/CAN_driver.o
 .debug_line    0x0000070a      0x1f9 Driver_files/joy_driver.o
 .debug_line    0x00000903      0x1e1 Driver_files/MCP_driver.o
 .debug_line    0x00000ae4      0x300 Driver_files/oled_driver.o
 .debug_line    0x00000de4      0x111 Driver_files/sram_driver.o
 .debug_line    0x00000ef5       0xf9 Driver_files/uart_driver.o
 .debug_line    0x00000fee      0x17a Game_files/draw.o
 .debug_line    0x00001168      0x2b1 Game_files/pong.o
 .debug_line    0x00001419      0x302 Game_files/snake.o
 .debug_line    0x0000171b      0x218 Interface_files/menu.o

.debug_frame    0x00000000      0xb78
 *(.debug_frame)
 .debug_frame   0x00000000       0x9c Driver_files/message_handler.o
 .debug_frame   0x0000009c       0x74 Driver_files/SPI_driver.o
 .debug_frame   0x00000110       0x50 Game_files/pingpong.o
 .debug_frame   0x00000160       0x40 main.o
 .debug_frame   0x000001a0       0x34 Driver_files/adc_driver.o
 .debug_frame   0x000001d4       0x64 Driver_files/CAN_driver.o
 .debug_frame   0x00000238      0x114 Driver_files/joy_driver.o
 .debug_frame   0x0000034c       0xfc Driver_files/MCP_driver.o
 .debug_frame   0x00000448      0x2c4 Driver_files/oled_driver.o
 .debug_frame   0x0000070c       0xc0 Driver_files/sram_driver.o
 .debug_frame   0x000007cc       0x44 Driver_files/uart_driver.o
 .debug_frame   0x00000810       0x24 Game_files/draw.o
 .debug_frame   0x00000834      0x1d4 Game_files/pong.o
 .debug_frame   0x00000a08       0xc8 Game_files/snake.o
 .debug_frame   0x00000ad0       0xa8 Interface_files/menu.o

.debug_str      0x00000000      0xa15
 *(.debug_str)
 .debug_str     0x00000000      0x1e5 Driver_files/message_handler.o
                                0x242 (size before relaxing)
 .debug_str     0x000001e5       0x81 Driver_files/SPI_driver.o
                                0x189 (size before relaxing)
 .debug_str     0x00000266       0x83 Game_files/pingpong.o
                                0x208 (size before relaxing)
 .debug_str     0x000002e9       0x41 main.o
                                0x188 (size before relaxing)
 .debug_str     0x0000032a       0x93 Driver_files/adc_driver.o
                                0x1bd (size before relaxing)
 .debug_str     0x000003bd       0x5a Driver_files/CAN_driver.o
                                0x1c9 (size before relaxing)
 .debug_str     0x00000417       0xb1 Driver_files/joy_driver.o
                                0x2ec (size before relaxing)
 .debug_str     0x000004c8       0x65 Driver_files/MCP_driver.o
                                0x229 (size before relaxing)
 .debug_str     0x0000052d      0x15f Driver_files/oled_driver.o
                                0x316 (size before relaxing)
 .debug_str     0x0000068c       0x7b Driver_files/sram_driver.o
                                0x1d6 (size before relaxing)
 .debug_str     0x00000707       0x5f Driver_files/uart_driver.o
                                0x197 (size before relaxing)
 .debug_str     0x00000766       0x1f Game_files/draw.o
                                0x21c (size before relaxing)
 .debug_str     0x00000785      0x13f Game_files/pong.o
                                0x362 (size before relaxing)
 .debug_str     0x000008c4       0x79 Game_files/snake.o
                                0x289 (size before relaxing)
 .debug_str     0x0000093d       0xd8 Interface_files/menu.o
                                0x320 (size before relaxing)

.debug_loc      0x00000000     0x2f82
 *(.debug_loc)
 .debug_loc     0x00000000      0x112 Driver_files/message_handler.o
 .debug_loc     0x00000112       0x40 Driver_files/SPI_driver.o
 .debug_loc     0x00000152       0xab Game_files/pingpong.o
 .debug_loc     0x000001fd       0x3c main.o
 .debug_loc     0x00000239       0x26 Driver_files/adc_driver.o
 .debug_loc     0x0000025f      0x135 Driver_files/CAN_driver.o
 .debug_loc     0x00000394      0x4cd Driver_files/joy_driver.o
 .debug_loc     0x00000861      0x32b Driver_files/MCP_driver.o
 .debug_loc     0x00000b8c      0xf86 Driver_files/oled_driver.o
 .debug_loc     0x00001b12      0x243 Driver_files/sram_driver.o
 .debug_loc     0x00001d55       0x5d Driver_files/uart_driver.o
 .debug_loc     0x00001db2       0x49 Game_files/draw.o
 .debug_loc     0x00001dfb      0x85a Game_files/pong.o
 .debug_loc     0x00002655      0x51a Game_files/snake.o
 .debug_loc     0x00002b6f      0x413 Interface_files/menu.o

.debug_macinfo
 *(.debug_macinfo)

.debug_weaknames
 *(.debug_weaknames)

.debug_funcnames
 *(.debug_funcnames)

.debug_typenames
 *(.debug_typenames)

.debug_varnames
 *(.debug_varnames)

.debug_pubtypes
 *(.debug_pubtypes)

.debug_ranges   0x00000000      0x400
 *(.debug_ranges)
 .debug_ranges  0x00000000       0x20 Driver_files/message_handler.o
 .debug_ranges  0x00000020       0x38 Driver_files/SPI_driver.o
 .debug_ranges  0x00000058       0x18 Game_files/pingpong.o
 .debug_ranges  0x00000070       0x18 main.o
 .debug_ranges  0x00000088       0x18 Driver_files/adc_driver.o
 .debug_ranges  0x000000a0       0x20 Driver_files/CAN_driver.o
 .debug_ranges  0x000000c0       0x48 Driver_files/joy_driver.o
 .debug_ranges  0x00000108       0x58 Driver_files/MCP_driver.o
 .debug_ranges  0x00000160      0x130 Driver_files/oled_driver.o
 .debug_ranges  0x00000290       0x50 Driver_files/sram_driver.o
 .debug_ranges  0x000002e0       0x20 Driver_files/uart_driver.o
 .debug_ranges  0x00000300       0x10 Game_files/draw.o
 .debug_ranges  0x00000310       0x58 Game_files/pong.o
 .debug_ranges  0x00000368       0x40 Game_files/snake.o
 .debug_ranges  0x000003a8       0x58 Interface_files/menu.o

.debug_macro
 *(.debug_macro)
OUTPUT(ByggernBellLund_6_2.elf elf32-avr)
LOAD linker stubs
