Archive member included because of file (symbol)

c:/program files (x86)/atmel/atmel toolchain/avr8 gcc/native/3.4.1061/avr8-gnu-toolchain/bin/../lib/gcc/avr/4.8.1/../../../../avr/lib/avr5\libm.a(addsf3.o)
                              Driver_files/joy_driver.o (__subsf3)
c:/program files (x86)/atmel/atmel toolchain/avr8 gcc/native/3.4.1061/avr8-gnu-toolchain/bin/../lib/gcc/avr/4.8.1/../../../../avr/lib/avr5\libm.a(addsf3x.o)
                              c:/program files (x86)/atmel/atmel toolchain/avr8 gcc/native/3.4.1061/avr8-gnu-toolchain/bin/../lib/gcc/avr/4.8.1/../../../../avr/lib/avr5\libm.a(addsf3.o) (__addsf3x)
c:/program files (x86)/atmel/atmel toolchain/avr8 gcc/native/3.4.1061/avr8-gnu-toolchain/bin/../lib/gcc/avr/4.8.1/../../../../avr/lib/avr5\libm.a(cmpsf2.o)
                              Driver_files/joy_driver.o (__ltsf2)
c:/program files (x86)/atmel/atmel toolchain/avr8 gcc/native/3.4.1061/avr8-gnu-toolchain/bin/../lib/gcc/avr/4.8.1/../../../../avr/lib/avr5\libm.a(divsf3.o)
                              Driver_files/joy_driver.o (__divsf3)
c:/program files (x86)/atmel/atmel toolchain/avr8 gcc/native/3.4.1061/avr8-gnu-toolchain/bin/../lib/gcc/avr/4.8.1/../../../../avr/lib/avr5\libm.a(divsf3x.o)
                              c:/program files (x86)/atmel/atmel toolchain/avr8 gcc/native/3.4.1061/avr8-gnu-toolchain/bin/../lib/gcc/avr/4.8.1/../../../../avr/lib/avr5\libm.a(divsf3.o) (__divsf3x)
c:/program files (x86)/atmel/atmel toolchain/avr8 gcc/native/3.4.1061/avr8-gnu-toolchain/bin/../lib/gcc/avr/4.8.1/../../../../avr/lib/avr5\libm.a(fixsfsi.o)
                              Driver_files/joy_driver.o (__fixsfsi)
c:/program files (x86)/atmel/atmel toolchain/avr8 gcc/native/3.4.1061/avr8-gnu-toolchain/bin/../lib/gcc/avr/4.8.1/../../../../avr/lib/avr5\libm.a(fixunssfsi.o)
                              c:/program files (x86)/atmel/atmel toolchain/avr8 gcc/native/3.4.1061/avr8-gnu-toolchain/bin/../lib/gcc/avr/4.8.1/../../../../avr/lib/avr5\libm.a(fixsfsi.o) (__fixunssfsi)
c:/program files (x86)/atmel/atmel toolchain/avr8 gcc/native/3.4.1061/avr8-gnu-toolchain/bin/../lib/gcc/avr/4.8.1/../../../../avr/lib/avr5\libm.a(floatsisf.o)
                              Driver_files/joy_driver.o (__floatsisf)
c:/program files (x86)/atmel/atmel toolchain/avr8 gcc/native/3.4.1061/avr8-gnu-toolchain/bin/../lib/gcc/avr/4.8.1/../../../../avr/lib/avr5\libm.a(fp_cmp.o)
                              c:/program files (x86)/atmel/atmel toolchain/avr8 gcc/native/3.4.1061/avr8-gnu-toolchain/bin/../lib/gcc/avr/4.8.1/../../../../avr/lib/avr5\libm.a(cmpsf2.o) (__fp_cmp)
c:/program files (x86)/atmel/atmel toolchain/avr8 gcc/native/3.4.1061/avr8-gnu-toolchain/bin/../lib/gcc/avr/4.8.1/../../../../avr/lib/avr5\libm.a(fp_inf.o)
                              c:/program files (x86)/atmel/atmel toolchain/avr8 gcc/native/3.4.1061/avr8-gnu-toolchain/bin/../lib/gcc/avr/4.8.1/../../../../avr/lib/avr5\libm.a(addsf3x.o) (__fp_inf)
c:/program files (x86)/atmel/atmel toolchain/avr8 gcc/native/3.4.1061/avr8-gnu-toolchain/bin/../lib/gcc/avr/4.8.1/../../../../avr/lib/avr5\libm.a(fp_nan.o)
                              c:/program files (x86)/atmel/atmel toolchain/avr8 gcc/native/3.4.1061/avr8-gnu-toolchain/bin/../lib/gcc/avr/4.8.1/../../../../avr/lib/avr5\libm.a(addsf3x.o) (__fp_nan)
c:/program files (x86)/atmel/atmel toolchain/avr8 gcc/native/3.4.1061/avr8-gnu-toolchain/bin/../lib/gcc/avr/4.8.1/../../../../avr/lib/avr5\libm.a(fp_pscA.o)
                              c:/program files (x86)/atmel/atmel toolchain/avr8 gcc/native/3.4.1061/avr8-gnu-toolchain/bin/../lib/gcc/avr/4.8.1/../../../../avr/lib/avr5\libm.a(addsf3x.o) (__fp_pscA)
c:/program files (x86)/atmel/atmel toolchain/avr8 gcc/native/3.4.1061/avr8-gnu-toolchain/bin/../lib/gcc/avr/4.8.1/../../../../avr/lib/avr5\libm.a(fp_pscB.o)
                              c:/program files (x86)/atmel/atmel toolchain/avr8 gcc/native/3.4.1061/avr8-gnu-toolchain/bin/../lib/gcc/avr/4.8.1/../../../../avr/lib/avr5\libm.a(addsf3x.o) (__fp_pscB)
c:/program files (x86)/atmel/atmel toolchain/avr8 gcc/native/3.4.1061/avr8-gnu-toolchain/bin/../lib/gcc/avr/4.8.1/../../../../avr/lib/avr5\libm.a(fp_round.o)
                              c:/program files (x86)/atmel/atmel toolchain/avr8 gcc/native/3.4.1061/avr8-gnu-toolchain/bin/../lib/gcc/avr/4.8.1/../../../../avr/lib/avr5\libm.a(addsf3.o) (__fp_round)
c:/program files (x86)/atmel/atmel toolchain/avr8 gcc/native/3.4.1061/avr8-gnu-toolchain/bin/../lib/gcc/avr/4.8.1/../../../../avr/lib/avr5\libm.a(fp_split3.o)
                              c:/program files (x86)/atmel/atmel toolchain/avr8 gcc/native/3.4.1061/avr8-gnu-toolchain/bin/../lib/gcc/avr/4.8.1/../../../../avr/lib/avr5\libm.a(addsf3x.o) (__fp_split3)
c:/program files (x86)/atmel/atmel toolchain/avr8 gcc/native/3.4.1061/avr8-gnu-toolchain/bin/../lib/gcc/avr/4.8.1/../../../../avr/lib/avr5\libm.a(fp_zero.o)
[...]
Memory Configuration

Name             Origin             Length             Attributes
text             0x00000000         0x00020000         xr
data             0x00800060         0x0000ffa0         rw !x
eeprom           0x00810000         0x00010000         rw !x
fuse             0x00820000         0x00000400         rw !x
lock             0x00830000         0x00000400         rw !x
signature        0x00840000         0x00000400         rw !x
user_signatures  0x00850000         0x00000400         rw !x
*default*        0x00000000         0xffffffff

Linker script and memory map

Address of section .data set to 0x800100
LOAD c:/program files (x86)/atmel/atmel toolchain/avr8 gcc/native/3.4.1061/avr8-gnu-toolchain/bin/../lib/gcc/avr/4.8.1/../../../../avr/lib/avr5/crtm162.o
LOAD Driver_files/message_handler.o
LOAD Driver_files/SPI_driver.o
LOAD main.o
LOAD Driver_files/adc_driver.o
LOAD Driver_files/CAN_driver.o
LOAD Driver_files/joy_driver.o
LOAD Driver_files/MCP_driver.o
LOAD Driver_files/oled_driver.o
LOAD Driver_files/sram_driver.o
LOAD Driver_files/uart_driver.o
LOAD Game_files/draw.o
LOAD Game_files/pong.o
LOAD Game_files/snake.o
LOAD Interface_files/menu.o
START GROUP
LOAD c:/program files (x86)/atmel/atmel toolchain/avr8 gcc/native/3.4.1061/avr8-gnu-toolchain/bin/../lib/gcc/avr/4.8.1/../../../../avr/lib/avr5\libm.a
END GROUP
START GROUP
LOAD c:/program files (x86)/atmel/atmel toolchain/avr8 gcc/native/3.4.1061/avr8-gnu-toolchain/bin/../lib/gcc/avr/4.8.1/avr5\libgcc.a
LOAD c:/program files (x86)/atmel/atmel toolchain/avr8 gcc/native/3.4.1061/avr8-gnu-toolchain/bin/../lib/gcc/avr/4.8.1/../../../../avr/lib/avr5\libm.a
LOAD c:/program files (x86)/atmel/atmel toolchain/avr8 gcc/native/3.4.1061/avr8-gnu-toolchain/bin/../lib/gcc/avr/4.8.1/../../../../avr/lib/avr5\libc.a
END GROUP

.hash
 *(.hash)

.dynsym
 *(.dynsym)

.dynstr
 *(.dynstr)

.gnu.version
 *(.gnu.version)

.gnu.version_d
 *(.gnu.version_d)

.gnu.version_r
 *(.gnu.version_r)

.rel.init
 *(.rel.init)

.rela.init
 *(.rela.init)

.rel.text
 *(.rel.text)
 *(.rel.text.*)
 *(.rel.gnu.linkonce.t*)

.rela.text
 *(.rela.text)
 *(.rela.text.*)
 *(.rela.gnu.linkonce.t*)

.rel.fini
 *(.rel.fini)

.rela.fini
 *(.rela.fini)

.rel.rodata
 *(.rel.rodata)
 *(.rel.rodata.*)
 *(.rel.gnu.linkonce.r*)

.rela.rodata
 *(.rela.rodata)
 *(.rela.rodata.*)
 *(.rela.gnu.linkonce.r*)

.rel.data
 *(.rel.data)
 *(.rel.data.*)
 *(.rel.gnu.linkonce.d*)

.rela.data
 *(.rela.data)
 *(.rela.data.*)
 *(.rela.gnu.linkonce.d*)

.rel.ctors
 *(.rel.ctors)

.rela.ctors
 *(.rela.ctors)

.rel.dtors
 *(.rel.dtors)

.rela.dtors
 *(.rela.dtors)

.rel.got
 *(.rel.got)

.rela.got
 *(.rela.got)

.rel.bss
 *(.rel.bss)

.rela.bss
 *(.rela.bss)

.rel.plt
 *(.rel.plt)

.rela.plt
 *(.rela.plt)

.text           0x00000000     0x26ec
 *(.vectors)
 .vectors       0x00000000       0x70 c:/program files (x86)/atmel/atmel toolchain/avr8 gcc/native/3.4.1061/avr8-gnu-toolchain/bin/../lib/gcc/avr/4.8.1/../../../../avr/lib/avr5/crtm162.o
                0x00000000                __vector_default
                0x00000000                __vectors
 *(.vectors)
 *(.progmem.gcc*)
                0x00000070                . = ALIGN (0x2)
                0x00000070                __trampolines_start = .
 *(.trampolines)
 .trampolines   0x00000070        0x0 linker stubs
 *(.trampolines*)
                0x00000070                __trampolines_end = .
 *(.progmem*)
 .progmem.data.font
                0x00000070      0x2f8 Driver_files/oled_driver.o
                0x00000070                font
                0x00000368                . = ALIGN (0x2)
 *(.jumptables)
 *(.jumptables*)
 *(.lowtext)
 *(.lowtext*)
                0x00000368                __ctors_start = .
 *(.ctors)
                0x00000368                __ctors_end = .
                0x00000368                __dtors_start = .
 *(.dtors)
                0x00000368                __dtors_end = .
 SORT(*)(.ctors)
 SORT(*)(.dtors)
 *(.init0)
 .init0         0x00000368        0x0 c:/program files (x86)/atmel/atmel toolchain/avr8 gcc/native/3.4.1061/avr8-gnu-toolchain/bin/../lib/gcc/avr/4.8.1/../../../../avr/lib/avr5/crtm162.o
                0x00000368                __init
 *(.init0)
 *(.init1)
 *(.init1)
 *(.init2)
 .init2         0x00000368        0xc c:/program files (x86)/atmel/atmel toolchain/avr8 gcc/native/3.4.1061/avr8-gnu-toolchain/bin/../lib/gcc/avr/4.8.1/../../../../avr/lib/avr5/crtm162.o
 *(.init2)
 *(.init3)
 *(.init3)
 *(.init4)
 .init4         0x00000374       0x16 c:/program files (x86)/atmel/atmel toolchain/avr8 gcc/native/3.4.1061/avr8-gnu-toolchain/bin/../lib/gcc/avr/4.8.1/avr5\libgcc.a(_copy_data.o)
                0x00000374                __do_copy_data
 .init4         0x0000038a       0x10 c:/program files (x86)/atmel/atmel toolchain/avr8 gcc/native/3.4.1061/avr8-gnu-toolchain/bin/../lib/gcc/avr/4.8.1/avr5\libgcc.a(_clear_bss.o)
                0x0000038a                __do_clear_bss
 *(.init4)
 *(.init5)
 *(.init5)
 *(.init6)
 *(.init6)
 *(.init7)
 *(.init7)
 *(.init8)
 *(.init8)
 *(.init9)
 .init9         0x0000039a        0x8 c:/program files (x86)/atmel/atmel toolchain/avr8 gcc/native/3.4.1061/avr8-gnu-toolchain/bin/../lib/gcc/avr/4.8.1/../../../../avr/lib/avr5/crtm162.o
 *(.init9)
 *(.text)
 .text          0x000003a2        0x4 c:/program files (x86)/atmel/atmel toolchain/avr8 gcc/native/3.4.1061/avr8-gnu-toolchain/bin/../lib/gcc/avr/4.8.1/../../../../avr/lib/avr5/crtm162.o
                0x000003a2                __vector_22
                0x000003a2                __vector_1
                0x000003a2                __vector_24
                0x000003a2                __vector_12
                0x000003a2                __bad_interrupt
                0x000003a2                __vector_6
                0x000003a2                __vector_3
                0x000003a2                __vector_23
                0x000003a2                __vector_25
                0x000003a2                __vector_11
                0x000003a2                __vector_13
                0x000003a2                __vector_17
                0x000003a2                __vector_19
                0x000003a2                __vector_7
                0x000003a2                __vector_27
                0x000003a2                __vector_5
                0x000003a2                __vector_4
                0x000003a2                __vector_9
                0x000003a2                __vector_21
                0x000003a2                __vector_15
                0x000003a2                __vector_8
                0x000003a2                __vector_26
                0x000003a2                __vector_10
                0x000003a2                __vector_16
                0x000003a2                __vector_18
                0x000003a2                __vector_20
                0x000003a6                . = ALIGN (0x2)
 *(.text.*)
 .text.init_handler
                0x000003a6       0x18 Driver_files/message_handler.o
                0x000003a6                init_handler
 .text.handle_message
                0x000003be       0x4c Driver_files/message_handler.o
                0x000003be                handle_message
 .text.__vector_2
                0x0000040a       0x48 Driver_files/message_handler.o
                0x0000040a                __vector_2
 .text.SPI_init
                0x00000452        0xa Driver_files/SPI_driver.o
                0x00000452                SPI_init
 .text.SPI_transmit
                0x0000045c        0xa Driver_files/SPI_driver.o
                0x0000045c                SPI_transmit
 .text.SPI_send
                0x00000466        0x6 Driver_files/SPI_driver.o
                0x00000466                SPI_send
 .text.SPI_receive
                0x0000046c        0x8 Driver_files/SPI_driver.o
                0x0000046c                SPI_receive
 .text.SPI_ss_high
                0x00000474        0x4 Driver_files/SPI_driver.o
                0x00000474                SPI_ss_high
 .text.SPI_ss_low
                0x00000478        0x4 Driver_files/SPI_driver.o
                0x00000478                SPI_ss_low
 .text.bus_init
                0x0000047c        0xe main.o
                0x0000047c                bus_init
 .text.main     0x0000048a       0x2e main.o
                0x0000048a                main
 .text.get_adc  0x000004b8       0x28 Driver_files/adc_driver.o
                0x000004b8                get_adc
 .text.CAN_init
                0x000004e0       0x32 Driver_files/CAN_driver.o
                0x000004e0                CAN_init
 .text.CAN_transmit
                0x00000512       0x66 Driver_files/CAN_driver.o
                0x00000512                CAN_transmit
 .text.CAN_receive
                0x00000578       0x76 Driver_files/CAN_driver.o
                0x00000578                CAN_receive
 .text.getSliderPosition
                0x000005ee       0x54 Driver_files/joy_driver.o
                0x000005ee                getSliderPosition
 .text.getJoystickDirection
                0x00000642       0xac Driver_files/joy_driver.o
                0x00000642                getJoystickDirection
 .text.getJoystickPosition
                0x000006ee       0xbe Driver_files/joy_driver.o
                0x000006ee                getJoystickPosition
 .text.calibration_visual_countdown
                0x000007ac       0x70 Driver_files/joy_driver.o
                0x000007ac                calibration_visual_countdown
 .text.calibrateJoystick
                0x0000081c      0x120 Driver_files/joy_driver.o
                0x0000081c                calibrateJoystick
 .text.MCP_reset
                0x0000093c       0x10 Driver_files/MCP_driver.o
                0x0000093c                MCP_reset
 .text.MCP_read
                0x0000094c       0x24 Driver_files/MCP_driver.o
                0x0000094c                MCP_read
 .text.MCP_init
                0x00000970       0x38 Driver_files/MCP_driver.o
                0x00000970                MCP_init
 .text.MCP_write
                0x000009a8       0x28 Driver_files/MCP_driver.o
                0x000009a8                MCP_write
 .text.MCP_rts  0x000009d0       0x42 Driver_files/MCP_driver.o
                0x000009d0                MCP_rts
 .text.MCP_bit_modify
                0x00000a12       0x34 Driver_files/MCP_driver.o
                0x00000a12                MCP_bit_modify
 .text.oled_init
                0x00000a46       0x5c Driver_files/oled_driver.o
                0x00000a46                oled_init
 .text.oled_sram_flush
                0x00000aa2       0x70 Driver_files/oled_driver.o
                0x00000aa2                oled_sram_flush
 .text.__vector_14
                0x00000b12       0x50 Driver_files/oled_driver.o
                0x00000b12                __vector_14
 .text.oled_sram_write_string
                0x00000b62       0x9c Driver_files/oled_driver.o
                0x00000b62                oled_sram_write_string
 .text.oled_sram_write_char
                0x00000bfe       0x68 Driver_files/oled_driver.o
                0x00000bfe                oled_sram_write_char
 .text.oled_sram_clear_line
                0x00000c66       0x3c Driver_files/oled_driver.o
                0x00000c66                oled_sram_clear_line
 .text.oled_sram_clear_screen
                0x00000ca2       0x28 Driver_files/oled_driver.o
                0x00000ca2                oled_sram_clear_screen
 .text.oled_sram_write_bit
                0x00000cca       0x78 Driver_files/oled_driver.o
                0x00000cca                oled_sram_write_bit
 .text.getSRAM  0x00000d42        0x8 Driver_files/sram_driver.o
                0x00000d42                getSRAM
 .text.setSRAM  0x00000d4a        0xa Driver_files/sram_driver.o
                0x00000d4a                setSRAM
 .text.uartSend
                0x00000d54        0xc Driver_files/uart_driver.o
                0x00000d54                uartSend
 .text.uartInit
                0x00000d60       0x38 Driver_files/uart_driver.o
                0x00000d60                uartInit
 .text.play_draw
                0x00000d98       0x5e Game_files/draw.o
                0x00000d98                play_draw
 .text.racketHit
                0x00000df6       0x74 Game_files/pong.o
                0x00000df6                racketHit
 .text.updateBallAngle
                0x00000e6a       0xb2 Game_files/pong.o
                0x00000e6a                updateBallAngle
 .text.ballInit
                0x00000f1c       0x36 Game_files/pong.o
                0x00000f1c                ballInit
 .text.updateScreen
                0x00000f52       0xa8 Game_files/pong.o
                0x00000f52                updateScreen
 .text.playRound
                0x00000ffa       0xe8 Game_files/pong.o
                0x00000ffa                playRound
 .text.playPong
                0x000010e2        0xe Game_files/pong.o
                0x000010e2                playPong
 .text.detectCollision
                0x000010f0       0x38 Game_files/snake.o
                0x000010f0                detectCollision
 .text.placeFood
                0x00001128       0x5a Game_files/snake.o
                0x00001128                placeFood
 .text.drawBoard
                0x00001182       0xee Game_files/snake.o
                0x00001182                drawBoard
 .text.playSnake
                0x00001270      0x1ba Game_files/snake.o
                0x00001270                playSnake
 .text.make_screen
                0x0000142a      0x250 Interface_files/menu.o
                0x0000142a                make_screen
 .text.menuSystem
                0x0000167a      0x1b6 Interface_files/menu.o
                0x0000167a                menuSystem
 .text.avr-libc.fplib
                0x00001830        0xa c:/program files (x86)/atmel/atmel toolchain/avr8 gcc/native/3.4.1061/avr8-gnu-toolchain/bin/../lib/gcc/avr/4.8.1/../../../../avr/lib/avr5\libm.a(addsf3.o)
                0x00001830                __subsf3
                0x00001832                __addsf3
 .text.avr-libc.fplib
                0x0000183a       0xc0 c:/program files (x86)/atmel/atmel toolchain/avr8 gcc/native/3.4.1061/avr8-gnu-toolchain/bin/../lib/gcc/avr/4.8.1/../../../../avr/lib/avr5\libm.a(addsf3x.o)
                0x00001854                __addsf3x
 .text.avr-libc.fplib
                0x000018fa        0x8 c:/program files (x86)/atmel/atmel toolchain/avr8 gcc/native/3.4.1061/avr8-gnu-toolchain/bin/../lib/gcc/avr/4.8.1/../../../../avr/lib/avr5\libm.a(cmpsf2.o)
                0x000018fa                __nesf2
                0x000018fa                __eqsf2
                0x000018fa                __cmpsf2
                0x000018fa                __ltsf2
                0x000018fa                __lesf2
 .text.avr-libc.fplib
                0x00001902        0x4 c:/program files (x86)/atmel/atmel toolchain/avr8 gcc/native/3.4.1061/avr8-gnu-toolchain/bin/../lib/gcc/avr/4.8.1/../../../../avr/lib/avr5\libm.a(divsf3.o)
                0x00001902                __divsf3
 .text.avr-libc.fplib
                0x00001906       0xcc c:/program files (x86)/atmel/atmel toolchain/avr8 gcc/native/3.4.1061/avr8-gnu-toolchain/bin/../lib/gcc/avr/4.8.1/../../../../avr/lib/avr5\libm.a(divsf3x.o)
                0x0000191c                __divsf3x
                0x00001920                __divsf3_pse
 .text.avr-libc.fplib
                0x000019d2        0xa c:/program files (x86)/atmel/atmel toolchain/avr8 gcc/native/3.4.1061/avr8-gnu-toolchain/bin/../lib/gcc/avr/4.8.1/../../../../avr/lib/avr5\libm.a(fixsfsi.o)
                0x000019d2                __fixsfsi
 .text.avr-libc.fplib
                0x000019dc       0x58 c:/program files (x86)/atmel/atmel toolchain/avr8 gcc/native/3.4.1061/avr8-gnu-toolchain/bin/../lib/gcc/avr/4.8.1/../../../../avr/lib/avr5\libm.a(fixunssfsi.o)
                0x000019dc                __fixunssfsi
 .text.avr-libc.fplib
                0x00001a34       0x7a c:/program files (x86)/atmel/atmel toolchain/avr8 gcc/native/3.4.1061/avr8-gnu-toolchain/bin/../lib/gcc/avr/4.8.1/../../../../avr/lib/avr5\libm.a(floatsisf.o)
                0x00001a34                __floatunsisf
                0x00001a38                __floatsisf
 .text.avr-libc.fplib
                0x00001aae       0x48 c:/program files (x86)/atmel/atmel toolchain/avr8 gcc/native/3.4.1061/avr8-gnu-toolchain/bin/../lib/gcc/avr/4.8.1/../../../../avr/lib/avr5\libm.a(fp_cmp.o)
                0x00001aae                __fp_cmp
 .text.avr-libc.fplib
                0x00001af6        0xc c:/program files (x86)/atmel/atmel toolchain/avr8 gcc/native/3.4.1061/avr8-gnu-toolchain/bin/../lib/gcc/avr/4.8.1/../../../../avr/lib/avr5\libm.a(fp_inf.o)
                0x00001af6                __fp_inf
 .text.avr-libc.fplib
                0x00001b02        0x6 c:/program files (x86)/atmel/atmel toolchain/avr8 gcc/native/3.4.1061/avr8-gnu-toolchain/bin/../lib/gcc/avr/4.8.1/../../../../avr/lib/avr5\libm.a(fp_nan.o)
                0x00001b02                __fp_nan
 .text.avr-libc.fplib
                0x00001b08        0xe c:/program files (x86)/atmel/atmel toolchain/avr8 gcc/native/3.4.1061/avr8-gnu-toolchain/bin/../lib/gcc/avr/4.8.1/../../../../avr/lib/avr5\libm.a(fp_pscA.o)
                0x00001b08                __fp_pscA
 .text.avr-libc.fplib
                0x00001b16        0xe c:/program files (x86)/atmel/atmel toolchain/avr8 gcc/native/3.4.1061/avr8-gnu-toolchain/bin/../lib/gcc/avr/4.8.1/../../../../avr/lib/avr5\libm.a(fp_pscB.o)
                0x00001b16                __fp_pscB
 .text.avr-libc.fplib
                0x00001b24       0x22 c:/program files (x86)/atmel/atmel toolchain/avr8 gcc/native/3.4.1061/avr8-gnu-toolchain/bin/../lib/gcc/avr/4.8.1/../../../../avr/lib/avr5\libm.a(fp_round.o)
                0x00001b24                __fp_round
 .text.avr-libc.fplib
                0x00001b46       0x44 c:/program files (x86)/atmel/atmel toolchain/avr8 gcc/native/3.4.1061/avr8-gnu-toolchain/bin/../lib/gcc/avr/4.8.1/../../../../avr/lib/avr5\libm.a(fp_split3.o)
                0x00001b46                __fp_split3
                0x00001b56                __fp_splitA
 .text.avr-libc.fplib
                0x00001b8a        0xe c:/program files (x86)/atmel/atmel toolchain/avr8 gcc/native/3.4.1061/avr8-gnu-toolchain/bin/../lib/gcc/avr/4.8.1/../../../../avr/lib/avr5\libm.a(fp_zero.o)
                0x00001b8a                __fp_zero
                0x00001b8c                __fp_szero
 .text.avr-libc.fplib
                0x00001b98        0x8 c:/program files (x86)/atmel/atmel toolchain/avr8 gcc/native/3.4.1061/avr8-gnu-toolchain/bin/../lib/gcc/avr/4.8.1/../../../../avr/lib/avr5\libm.a(gesf2.o)
                0x00001b98                __gesf2
                0x00001b98                __gtsf2
 .text.avr-libc.fplib
                0x00001ba0        0x4 c:/program files (x86)/atmel/atmel toolchain/avr8 gcc/native/3.4.1061/avr8-gnu-toolchain/bin/../lib/gcc/avr/4.8.1/../../../../avr/lib/avr5\libm.a(mulsf3.o)
                0x00001ba0                __mulsf3
 .text.avr-libc.fplib
                0x00001ba4       0xc2 c:/program files (x86)/atmel/atmel toolchain/avr8 gcc/native/3.4.1061/avr8-gnu-toolchain/bin/../lib/gcc/avr/4.8.1/../../../../avr/lib/avr5\libm.a(mulsf3x.o)
                0x00001bb8                __mulsf3x
                0x00001bbc                __mulsf3_pse
 .text.libgcc.div
                0x00001c66       0x28 c:/program files (x86)/atmel/atmel toolchain/avr8 gcc/native/3.4.1061/avr8-gnu-toolchain/bin/../lib/gcc/avr/4.8.1/avr5\libgcc.a(_divmodhi4.o)
                0x00001c66                _div
                0x00001c66                __divmodhi4
 .text.libgcc.div
                0x00001c8e       0x2e c:/program files (x86)/atmel/atmel toolchain/avr8 gcc/native/3.4.1061/avr8-gnu-toolchain/bin/../lib/gcc/avr/4.8.1/avr5\libgcc.a(_divmodsi4.o)
                0x00001c8e                __divmodsi4
 .text.libgcc.div
                0x00001cbc       0x10 c:/program files (x86)/atmel/atmel toolchain/avr8 gcc/native/3.4.1061/avr8-gnu-toolchain/bin/../lib/gcc/avr/4.8.1/avr5\libgcc.a(_negsi2.o)
                0x00001cbc                __negsi2
 .text.libgcc.div
                0x00001ccc       0x28 c:/program files (x86)/atmel/atmel toolchain/avr8 gcc/native/3.4.1061/avr8-gnu-toolchain/bin/../lib/gcc/avr/4.8.1/avr5\libgcc.a(_udivmodhi4.o)
                0x00001ccc                __udivmodhi4
 .text.libgcc.div
                0x00001cf4       0x44 c:/program files (x86)/atmel/atmel toolchain/avr8 gcc/native/3.4.1061/avr8-gnu-toolchain/bin/../lib/gcc/avr/4.8.1/avr5\libgcc.a(_udivmodsi4.o)
                0x00001cf4                __udivmodsi4
 .text.avr-libc
                0x00001d38      0x24e c:/program files (x86)/atmel/atmel toolchain/avr8 gcc/native/3.4.1061/avr8-gnu-toolchain/bin/../lib/gcc/avr/4.8.1/../../../../avr/lib/avr5\libc.a(malloc.o)
                0x00001d38                malloc
                0x00001e68                free
 .text.avr-libc
                0x00001f86       0xbc c:/program files (x86)/atmel/atmel toolchain/avr8 gcc/native/3.4.1061/avr8-gnu-toolchain/bin/../lib/gcc/avr/4.8.1/../../../../avr/lib/avr5\libc.a(rand.o)
                0x0000201c                rand_r
                0x00002022                rand
                0x0000202c                srand
 .text.avr-libc
                0x00002042       0x96 c:/program files (x86)/atmel/atmel toolchain/avr8 gcc/native/3.4.1061/avr8-gnu-toolchain/bin/../lib/gcc/avr/4.8.1/../../../../avr/lib/avr5\libc.a(fdevopen.o)
                0x00002042                fdevopen
 .text.avr-libc
                0x000020d8       0x28 c:/program files (x86)/atmel/atmel toolchain/avr8 gcc/native/3.4.1061/avr8-gnu-toolchain/bin/../lib/gcc/avr/4.8.1/../../../../avr/lib/avr5\libc.a(printf.o)
                0x000020d8                printf
 .text.avr-libc
                0x00002100      0x3a4 c:/program files (x86)/atmel/atmel toolchain/avr8 gcc/native/3.4.1061/avr8-gnu-toolchain/bin/../lib/gcc/avr/4.8.1/../../../../avr/lib/avr5\libc.a(vfprintf_std.o)
                0x00002100                vfprintf
 .text.avr-libc
                0x000024a4       0x38 c:/program files (x86)/atmel/atmel toolchain/avr8 gcc/native/3.4.1061/avr8-gnu-toolchain/bin/../lib/gcc/avr/4.8.1/../../../../avr/lib/avr5\libc.a(calloc.o)
                0x000024a4                calloc
 .text.avr-libc
                0x000024dc       0x16 c:/program files (x86)/atmel/atmel toolchain/avr8 gcc/native/3.4.1061/avr8-gnu-toolchain/bin/../lib/gcc/avr/4.8.1/../../../../avr/lib/avr5\libc.a(strnlen_P.o)
                0x000024dc                strnlen_P
 .text.avr-libc
                0x000024f2        0xe c:/program files (x86)/atmel/atmel toolchain/avr8 gcc/native/3.4.1061/avr8-gnu-toolchain/bin/../lib/gcc/avr/4.8.1/../../../../avr/lib/avr5\libc.a(memset.o)
                0x000024f2                memset
 .text.avr-libc
                0x00002500       0x16 c:/program files (x86)/atmel/atmel toolchain/avr8 gcc/native/3.4.1061/avr8-gnu-toolchain/bin/../lib/gcc/avr/4.8.1/../../../../avr/lib/avr5\libc.a(strnlen.o)
                0x00002500                strnlen
 .text.avr-libc
                0x00002516       0x64 c:/program files (x86)/atmel/atmel toolchain/avr8 gcc/native/3.4.1061/avr8-gnu-toolchain/bin/../lib/gcc/avr/4.8.1/../../../../avr/lib/avr5\libc.a(fputc.o)
                0x00002516                fputc
 .text.avr-libc
                0x0000257a       0xbc c:/program files (x86)/atmel/atmel toolchain/avr8 gcc/native/3.4.1061/avr8-gnu-toolchain/bin/../lib/gcc/avr/4.8.1/../../../../avr/lib/avr5\libc.a(ultoa_invert.o)
                0x0000257a                __ultoa_invert
 .text.libgcc.mul
                0x00002636       0x16 c:/program files (x86)/atmel/atmel toolchain/avr8 gcc/native/3.4.1061/avr8-gnu-toolchain/bin/../lib/gcc/avr/4.8.1/avr5\libgcc.a(_muluhisi3.o)
                0x00002636                __muluhisi3
 .text.libgcc.mul
                0x0000264c       0x10 c:/program files (x86)/atmel/atmel toolchain/avr8 gcc/native/3.4.1061/avr8-gnu-toolchain/bin/../lib/gcc/avr/4.8.1/avr5\libgcc.a(_mulshisi3.o)
                0x0000264c                __mulshisi3
                0x00002652                __mulohisi3
 .text.libgcc.prologue
                0x0000265c       0x38 c:/program files (x86)/atmel/atmel toolchain/avr8 gcc/native/3.4.1061/avr8-gnu-toolchain/bin/../lib/gcc/avr/4.8.1/avr5\libgcc.a(_prologue.o)
                0x0000265c                __prologue_saves__
 .text.libgcc.prologue
                0x00002694       0x36 c:/program files (x86)/atmel/atmel toolchain/avr8 gcc/native/3.4.1061/avr8-gnu-toolchain/bin/../lib/gcc/avr/4.8.1/avr5\libgcc.a(_epilogue.o)
                0x00002694                __epilogue_restores__
 .text.libgcc.mul
                0x000026ca       0x1e c:/program files (x86)/atmel/atmel toolchain/avr8 gcc/native/3.4.1061/avr8-gnu-toolchain/bin/../lib/gcc/avr/4.8.1/avr5\libgcc.a(_umulhisi3.o)
                0x000026ca                __umulhisi3
                0x000026e8                . = ALIGN (0x2)
 *(.fini9)
 .fini9         0x000026e8        0x0 c:/program files (x86)/atmel/atmel toolchain/avr8 gcc/native/3.4.1061/avr8-gnu-toolchain/bin/../lib/gcc/avr/4.8.1/avr5\libgcc.a(_exit.o)
                0x000026e8                _exit
                0x000026e8                exit
 *(.fini9)
 *(.fini8)
 *(.fini8)
 *(.fini7)
 *(.fini7)
 *(.fini6)
 *(.fini6)
 *(.fini5)
 *(.fini5)
 *(.fini4)
 *(.fini4)
 *(.fini3)
 *(.fini3)
 *(.fini2)
 *(.fini2)
 *(.fini1)
 *(.fini1)
 *(.fini0)
 .fini0         0x000026e8        0x4 c:/program files (x86)/atmel/atmel toolchain/avr8 gcc/native/3.4.1061/avr8-gnu-toolchain/bin/../lib/gcc/avr/4.8.1/avr5\libgcc.a(_exit.o)
 *(.fini0)
                0x000026ec                _etext = .

.data           0x00800100       0xba load address 0x000026ec
                0x00800100                PROVIDE (__data_start, .)
 *(.data)
 .data          0x00800100        0x6 c:/program files (x86)/atmel/atmel toolchain/avr8 gcc/native/3.4.1061/avr8-gnu-toolchain/bin/../lib/gcc/avr/4.8.1/../../../../avr/lib/avr5\libc.a(malloc.o)
                0x00800100                __malloc_heap_end
                0x00800102                __malloc_heap_start
                0x00800104                __malloc_margin
 .data          0x00800106        0x4 c:/program files (x86)/atmel/atmel toolchain/avr8 gcc/native/3.4.1061/avr8-gnu-toolchain/bin/../lib/gcc/avr/4.8.1/../../../../avr/lib/avr5\libc.a(rand.o)
 *(.data*)
 .data.yMean    0x0080010a        0x4 Driver_files/joy_driver.o
                0x0080010a                yMean
 .data.xMean    0x0080010e        0x4 Driver_files/joy_driver.o
                0x0080010e                xMean
 *(.rodata)
 *(.rodata*)
 .rodata.str1.1
                0x00800112        0x7 main.o
 .rodata.str1.1
                0x00800119       0x26 Driver_files/joy_driver.o
 .rodata.str1.1
                0x0080013f       0x34 Driver_files/MCP_driver.o
 .rodata.str1.1
                0x00800173       0x47 Interface_files/menu.o
                                 0x49 (size before relaxing)
 *(.gnu.linkonce.d*)
                0x008001ba                . = ALIGN (0x2)
                0x008001ba                _edata = .
                0x008001ba                PROVIDE (__data_end, .)

.bss            0x008001ba        0xa
                0x008001ba                PROVIDE (__bss_start, .)
 *(.bss)
 *(.bss*)
 *(COMMON)
 COMMON         0x008001ba        0x4 c:/program files (x86)/atmel/atmel toolchain/avr8 gcc/native/3.4.1061/avr8-gnu-toolchain/bin/../lib/gcc/avr/4.8.1/../../../../avr/lib/avr5\libc.a(malloc.o)
                0x008001ba                __brkval
                0x008001bc                __flp
 COMMON         0x008001be        0x6 c:/program files (x86)/atmel/atmel toolchain/avr8 gcc/native/3.4.1061/avr8-gnu-toolchain/bin/../lib/gcc/avr/4.8.1/../../../../avr/lib/avr5\libc.a(iob.o)
                0x008001be                __iob
                0x008001c4                PROVIDE (__bss_end, .)
                0x000026ec                __data_load_start = LOADADDR (.data)
                0x000027a6                __data_load_end = (__data_load_start + SIZEOF (.data))

.noinit         0x008001c4        0x0
                0x008001c4                PROVIDE (__noinit_start, .)
 *(.noinit*)
                0x008001c4                PROVIDE (__noinit_end, .)
                0x008001c4                _end = .
                0x008001c4                PROVIDE (__heap_start, .)

.eeprom         0x00810000        0x0
 *(.eeprom*)
                0x00810000                __eeprom_end = .

.fuse
 *(.fuse)
 *(.lfuse)
 *(.hfuse)
 *(.efuse)

.lock
 *(.lock*)

.signature
 *(.signature*)

.user_signatures
 *(.user_signatures*)

.stab
 *(.stab)

.stabstr
 *(.stabstr)

.stab.excl
 *(.stab.excl)

.stab.exclstr
 *(.stab.exclstr)

.stab.index
 *(.stab.index)

.stab.indexstr
 *(.stab.indexstr)

.comment        0x00000000       0x5c
 *(.comment)
 .comment       0x00000000       0x30 Driver_files/message_handler.o
                                 0x31 (size before relaxing)
 .comment       0x00000000       0x31 Driver_files/SPI_driver.o
 .comment       0x00000000       0x31 main.o
 .comment       0x00000000       0x31 Driver_files/adc_driver.o
 .comment       0x00000000       0x31 Driver_files/CAN_driver.o
 .comment       0x00000000       0x31 Driver_files/joy_driver.o
 .comment       0x00000000       0x31 Driver_files/MCP_driver.o
 .comment       0x00000000       0x31 Driver_files/oled_driver.o
 .comment       0x00000000       0x31 Driver_files/sram_driver.o
 .comment       0x00000000       0x31 Driver_files/uart_driver.o
 .comment       0x00000000       0x31 Game_files/draw.o
 .comment       0x00000000       0x31 Game_files/pong.o
 .comment       0x00000000       0x31 Game_files/snake.o
 .comment       0x00000000       0x31 Interface_files/menu.o
 .comment       0x00000000       0x31 c:/program files (x86)/atmel/atmel toolchain/avr8 gcc/native/3.4.1061/avr8-gnu-toolchain/bin/../lib/gcc/avr/4.8.1/../../../../avr/lib/avr5\libc.a(malloc.o)
 .comment       0x00000000       0x31 c:/program files (x86)/atmel/atmel toolchain/avr8 gcc/native/3.4.1061/avr8-gnu-toolchain/bin/../lib/gcc/avr/4.8.1/../../../../avr/lib/avr5\libc.a(rand.o)
 .comment       0x00000000       0x31 c:/program files (x86)/atmel/atmel toolchain/avr8 gcc/native/3.4.1061/avr8-gnu-toolchain/bin/../lib/gcc/avr/4.8.1/../../../../avr/lib/avr5\libc.a(fdevopen.o)
 .comment       0x00000000       0x31 c:/program files (x86)/atmel/atmel toolchain/avr8 gcc/native/3.4.1061/avr8-gnu-toolchain/bin/../lib/gcc/avr/4.8.1/../../../../avr/lib/avr5\libc.a(iob.o)
 .comment       0x00000000       0x31 c:/program files (x86)/atmel/atmel toolchain/avr8 gcc/native/3.4.1061/avr8-gnu-toolchain/bin/../lib/gcc/avr/4.8.1/../../../../avr/lib/avr5\libc.a(printf.o)
 .comment       0x00000030       0x2c c:/program files (x86)/atmel/atmel toolchain/avr8 gcc/native/3.4.1061/avr8-gnu-toolchain/bin/../lib/gcc/avr/4.8.1/../../../../avr/lib/avr5\libc.a(vfprintf_std.o)
                                 0x2d (size before relaxing)
 .comment       0x00000000       0x31 c:/program files (x86)/atmel/atmel toolchain/avr8 gcc/native/3.4.1061/avr8-gnu-toolchain/bin/../lib/gcc/avr/4.8.1/../../../../avr/lib/avr5\libc.a(calloc.o)
 .comment       0x00000000       0x31 c:/program files (x86)/atmel/atmel toolchain/avr8 gcc/native/3.4.1061/avr8-gnu-toolchain/bin/../lib/gcc/avr/4.8.1/../../../../avr/lib/avr5\libc.a(fputc.o)

.note.gnu.build-id
 *(.note.gnu.build-id)

.debug
 *(.debug)

.line
 *(.line)

.debug_srcinfo
 *(.debug_srcinfo)

.debug_sfnames
 *(.debug_sfnames)

.debug_aranges  0x00000000      0x388
 *(.debug_aranges)
 .debug_aranges
                0x00000000       0x30 Driver_files/message_handler.o
 .debug_aranges
                0x00000030       0x48 Driver_files/SPI_driver.o
 .debug_aranges
                0x00000078       0x28 main.o
 .debug_aranges
                0x000000a0       0x28 Driver_files/adc_driver.o
 .debug_aranges
                0x000000c8       0x30 Driver_files/CAN_driver.o
 .debug_aranges
                0x000000f8       0x40 Driver_files/joy_driver.o
 .debug_aranges
                0x00000138       0x68 Driver_files/MCP_driver.o
 .debug_aranges
                0x000001a0       0xb0 Driver_files/oled_driver.o
 .debug_aranges
                0x00000250       0x30 Driver_files/sram_driver.o
 .debug_aranges
                0x00000280       0x30 Driver_files/uart_driver.o
 .debug_aranges
                0x000002b0       0x20 Game_files/draw.o
 .debug_aranges
                0x000002d0       0x58 Game_files/pong.o
 .debug_aranges
                0x00000328       0x38 Game_files/snake.o
 .debug_aranges
                0x00000360       0x28 Interface_files/menu.o

.debug_pubnames
 *(.debug_pubnames)

.debug_info     0x00000000     0x3c86
 *(.debug_info .gnu.linkonce.wi.*)
 .debug_info    0x00000000      0x233 Driver_files/message_handler.o
 .debug_info    0x00000233      0x141 Driver_files/SPI_driver.o
 .debug_info    0x00000374      0x179 main.o
 .debug_info    0x000004ed      0x167 Driver_files/adc_driver.o
 .debug_info    0x00000654      0x35a Driver_files/CAN_driver.o
 .debug_info    0x000009ae      0x57e Driver_files/joy_driver.o
 .debug_info    0x00000f2c      0x67f Driver_files/MCP_driver.o
 .debug_info    0x000015ab      0xe06 Driver_files/oled_driver.o
 .debug_info    0x000023b1      0x21a Driver_files/sram_driver.o
 .debug_info    0x000025cb      0x1f3 Driver_files/uart_driver.o
 .debug_info    0x000027be      0x25a Game_files/draw.o
 .debug_info    0x00002a18      0x6a1 Game_files/pong.o
 .debug_info    0x000030b9      0x5de Game_files/snake.o
 .debug_info    0x00003697      0x5ef Interface_files/menu.o

.debug_abbrev   0x00000000     0x17bc
 *(.debug_abbrev)
 .debug_abbrev  0x00000000      0x18e Driver_files/message_handler.o
 .debug_abbrev  0x0000018e       0xd4 Driver_files/SPI_driver.o
 .debug_abbrev  0x00000262      0x10a main.o
 .debug_abbrev  0x0000036c      0x117 Driver_files/adc_driver.o
 .debug_abbrev  0x00000483      0x19f Driver_files/CAN_driver.o
 .debug_abbrev  0x00000622      0x272 Driver_files/joy_driver.o
 .debug_abbrev  0x00000894      0x1d6 Driver_files/MCP_driver.o
 .debug_abbrev  0x00000a6a      0x266 Driver_files/oled_driver.o
 .debug_abbrev  0x00000cd0      0x132 Driver_files/sram_driver.o
 .debug_abbrev  0x00000e02      0x131 Driver_files/uart_driver.o
 .debug_abbrev  0x00000f33      0x18b Game_files/draw.o
 .debug_abbrev  0x000010be      0x24e Game_files/pong.o
 .debug_abbrev  0x0000130c      0x27d Game_files/snake.o
 .debug_abbrev  0x00001589      0x233 Interface_files/menu.o

.debug_line     0x00000000     0x17c4
 *(.debug_line .debug_line.* .debug_line_end)
 .debug_line    0x00000000      0x10e Driver_files/message_handler.o
 .debug_line    0x0000010e      0x114 Driver_files/SPI_driver.o
 .debug_line    0x00000222      0x15a main.o
 .debug_line    0x0000037c      0x14d Driver_files/adc_driver.o
 .debug_line    0x000004c9      0x123 Driver_files/CAN_driver.o
 .debug_line    0x000005ec      0x1fb Driver_files/joy_driver.o
 .debug_line    0x000007e7      0x1e1 Driver_files/MCP_driver.o
 .debug_line    0x000009c8      0x300 Driver_files/oled_driver.o
 .debug_line    0x00000cc8      0x111 Driver_files/sram_driver.o
 .debug_line    0x00000dd9       0xf9 Driver_files/uart_driver.o
 .debug_line    0x00000ed2      0x17a Game_files/draw.o
 .debug_line    0x0000104c      0x261 Game_files/pong.o
 .debug_line    0x000012ad      0x302 Game_files/snake.o
 .debug_line    0x000015af      0x215 Interface_files/menu.o

.debug_frame    0x00000000      0xafc
 *(.debug_frame)
 .debug_frame   0x00000000       0x9c Driver_files/message_handler.o
 .debug_frame   0x0000009c       0x74 Driver_files/SPI_driver.o
 .debug_frame   0x00000110       0x40 main.o
 .debug_frame   0x00000150       0x34 Driver_files/adc_driver.o
 .debug_frame   0x00000184       0x64 Driver_files/CAN_driver.o
 .debug_frame   0x000001e8      0x11c Driver_files/joy_driver.o
 .debug_frame   0x00000304       0xfc Driver_files/MCP_driver.o
 .debug_frame   0x00000400      0x2c4 Driver_files/oled_driver.o
 .debug_frame   0x000006c4       0xc0 Driver_files/sram_driver.o
 .debug_frame   0x00000784       0x44 Driver_files/uart_driver.o
 .debug_frame   0x000007c8       0x24 Game_files/draw.o
 .debug_frame   0x000007ec      0x1a0 Game_files/pong.o
 .debug_frame   0x0000098c       0xc8 Game_files/snake.o
 .debug_frame   0x00000a54       0xa8 Interface_files/menu.o

.debug_str      0x00000000      0x962
 *(.debug_str)
 .debug_str     0x00000000      0x1aa Driver_files/message_handler.o
                                0x200 (size before relaxing)
 .debug_str     0x000001aa       0x5f Driver_files/SPI_driver.o
                                0x189 (size before relaxing)
 .debug_str     0x00000209       0x48 main.o
                                0x188 (size before relaxing)
 .debug_str     0x00000251       0x93 Driver_files/adc_driver.o
                                0x1bd (size before relaxing)
 .debug_str     0x000002e4       0x5a Driver_files/CAN_driver.o
                                0x1c9 (size before relaxing)
 .debug_str     0x0000033e      0x113 Driver_files/joy_driver.o
                                0x2ce (size before relaxing)
 .debug_str     0x00000451       0x65 Driver_files/MCP_driver.o
                                0x229 (size before relaxing)
 .debug_str     0x000004b6      0x15f Driver_files/oled_driver.o
                                0x316 (size before relaxing)
 .debug_str     0x00000615       0x7b Driver_files/sram_driver.o
                                0x1d6 (size before relaxing)
 .debug_str     0x00000690       0x5f Driver_files/uart_driver.o
                                0x197 (size before relaxing)
 .debug_str     0x000006ef       0x1f Game_files/draw.o
                                0x20d (size before relaxing)
 .debug_str     0x0000070e      0x103 Game_files/pong.o
                                0x2f2 (size before relaxing)
 .debug_str     0x00000811       0x79 Game_files/snake.o
                                0x27a (size before relaxing)
 .debug_str     0x0000088a       0xd8 Interface_files/menu.o
                                0x311 (size before relaxing)

.debug_loc      0x00000000     0x2d99
 *(.debug_loc)
 .debug_loc     0x00000000      0x112 Driver_files/message_handler.o
 .debug_loc     0x00000112       0x40 Driver_files/SPI_driver.o
 .debug_loc     0x00000152       0x3c main.o
 .debug_loc     0x0000018e       0x26 Driver_files/adc_driver.o
 .debug_loc     0x000001b4      0x135 Driver_files/CAN_driver.o
 .debug_loc     0x000002e9      0x4c4 Driver_files/joy_driver.o
 .debug_loc     0x000007ad      0x32b Driver_files/MCP_driver.o
 .debug_loc     0x00000ad8      0xf86 Driver_files/oled_driver.o
 .debug_loc     0x00001a5e      0x243 Driver_files/sram_driver.o
 .debug_loc     0x00001ca1       0x5d Driver_files/uart_driver.o
 .debug_loc     0x00001cfe       0x49 Game_files/draw.o
 .debug_loc     0x00001d47      0x725 Game_files/pong.o
 .debug_loc     0x0000246c      0x51a Game_files/snake.o
 .debug_loc     0x00002986      0x413 Interface_files/menu.o

.debug_macinfo
 *(.debug_macinfo)

.debug_weaknames
 *(.debug_weaknames)

.debug_funcnames
 *(.debug_funcnames)

.debug_typenames
 *(.debug_typenames)

.debug_varnames
 *(.debug_varnames)

.debug_pubtypes
 *(.debug_pubtypes)

.debug_ranges   0x00000000      0x3d8
 *(.debug_ranges)
 .debug_ranges  0x00000000       0x20 Driver_files/message_handler.o
 .debug_ranges  0x00000020       0x38 Driver_files/SPI_driver.o
 .debug_ranges  0x00000058       0x18 main.o
 .debug_ranges  0x00000070       0x18 Driver_files/adc_driver.o
 .debug_ranges  0x00000088       0x20 Driver_files/CAN_driver.o
 .debug_ranges  0x000000a8       0x48 Driver_files/joy_driver.o
 .debug_ranges  0x000000f0       0x58 Driver_files/MCP_driver.o
 .debug_ranges  0x00000148      0x130 Driver_files/oled_driver.o
 .debug_ranges  0x00000278       0x50 Driver_files/sram_driver.o
 .debug_ranges  0x000002c8       0x20 Driver_files/uart_driver.o
 .debug_ranges  0x000002e8       0x10 Game_files/draw.o
 .debug_ranges  0x000002f8       0x48 Game_files/pong.o
 .debug_ranges  0x00000340       0x40 Game_files/snake.o
 .debug_ranges  0x00000380       0x58 Interface_files/menu.o

.debug_macro
 *(.debug_macro)
OUTPUT(ByggernBellLund_6_2.elf elf32-avr)
LOAD linker stubs
