Archive member included because of file (symbol)

c:/program files (x86)/atmel/atmel toolchain/avr8 gcc/native/3.4.1061/avr8-gnu-toolchain/bin/../lib/gcc/avr/4.8.1/../../../../avr/lib/avr5\libm.a(addsf3.o)
                              Driver_files/joy_driver.o (__subsf3)
c:/program files (x86)/atmel/atmel toolchain/avr8 gcc/native/3.4.1061/avr8-gnu-toolchain/bin/../lib/gcc/avr/4.8.1/../../../../avr/lib/avr5\libm.a(addsf3x.o)
                              c:/program files (x86)/atmel/atmel toolchain/avr8 gcc/native/3.4.1061/avr8-gnu-toolchain/bin/../lib/gcc/avr/4.8.1/../../../../avr/lib/avr5\libm.a(addsf3.o) (__addsf3x)
c:/program files (x86)/atmel/atmel toolchain/avr8 gcc/native/3.4.1061/avr8-gnu-toolchain/bin/../lib/gcc/avr/4.8.1/../../../../avr/lib/avr5\libm.a(cmpsf2.o)
                              Driver_files/joy_driver.o (__ltsf2)
c:/program files (x86)/atmel/atmel toolchain/avr8 gcc/native/3.4.1061/avr8-gnu-toolchain/bin/../lib/gcc/avr/4.8.1/../../../../avr/lib/avr5\libm.a(divsf3.o)
                              Driver_files/music_driver.o (__divsf3)
c:/program files (x86)/atmel/atmel toolchain/avr8 gcc/native/3.4.1061/avr8-gnu-toolchain/bin/../lib/gcc/avr/4.8.1/../../../../avr/lib/avr5\libm.a(divsf3x.o)
                              c:/program files (x86)/atmel/atmel toolchain/avr8 gcc/native/3.4.1061/avr8-gnu-toolchain/bin/../lib/gcc/avr/4.8.1/../../../../avr/lib/avr5\libm.a(divsf3.o) (__divsf3x)
c:/program files (x86)/atmel/atmel toolchain/avr8 gcc/native/3.4.1061/avr8-gnu-toolchain/bin/../lib/gcc/avr/4.8.1/../../../../avr/lib/avr5\libm.a(fixsfsi.o)
                              Driver_files/music_driver.o (__fixsfsi)
c:/program files (x86)/atmel/atmel toolchain/avr8 gcc/native/3.4.1061/avr8-gnu-toolchain/bin/../lib/gcc/avr/4.8.1/../../../../avr/lib/avr5\libm.a(fixunssfsi.o)
                              c:/program files (x86)/atmel/atmel toolchain/avr8 gcc/native/3.4.1061/avr8-gnu-toolchain/bin/../lib/gcc/avr/4.8.1/../../../../avr/lib/avr5\libm.a(fixsfsi.o) (__fixunssfsi)
c:/program files (x86)/atmel/atmel toolchain/avr8 gcc/native/3.4.1061/avr8-gnu-toolchain/bin/../lib/gcc/avr/4.8.1/../../../../avr/lib/avr5\libm.a(floatsisf.o)
                              Driver_files/music_driver.o (__floatsisf)
c:/program files (x86)/atmel/atmel toolchain/avr8 gcc/native/3.4.1061/avr8-gnu-toolchain/bin/../lib/gcc/avr/4.8.1/../../../../avr/lib/avr5\libm.a(fp_cmp.o)
                              c:/program files (x86)/atmel/atmel toolchain/avr8 gcc/native/3.4.1061/avr8-gnu-toolchain/bin/../lib/gcc/avr/4.8.1/../../../../avr/lib/avr5\libm.a(cmpsf2.o) (__fp_cmp)
c:/program files (x86)/atmel/atmel toolchain/avr8 gcc/native/3.4.1061/avr8-gnu-toolchain/bin/../lib/gcc/avr/4.8.1/../../../../avr/lib/avr5\libm.a(fp_inf.o)
                              c:/program files (x86)/atmel/atmel toolchain/avr8 gcc/native/3.4.1061/avr8-gnu-toolchain/bin/../lib/gcc/avr/4.8.1/../../../../avr/lib/avr5\libm.a(addsf3x.o) (__fp_inf)
c:/program files (x86)/atmel/atmel toolchain/avr8 gcc/native/3.4.1061/avr8-gnu-toolchain/bin/../lib/gcc/avr/4.8.1/../../../../avr/lib/avr5\libm.a(fp_nan.o)
                              c:/program files (x86)/atmel/atmel toolchain/avr8 gcc/native/3.4.1061/avr8-gnu-toolchain/bin/../lib/gcc/avr/4.8.1/../../../../avr/lib/avr5\libm.a(addsf3x.o) (__fp_nan)
c:/program files (x86)/atmel/atmel toolchain/avr8 gcc/native/3.4.1061/avr8-gnu-toolchain/bin/../lib/gcc/avr/4.8.1/../../../../avr/lib/avr5\libm.a(fp_pscA.o)
                              c:/program files (x86)/atmel/atmel toolchain/avr8 gcc/native/3.4.1061/avr8-gnu-toolchain/bin/../lib/gcc/avr/4.8.1/../../../../avr/lib/avr5\libm.a(addsf3x.o) (__fp_pscA)
c:/program files (x86)/atmel/atmel toolchain/avr8 gcc/native/3.4.1061/avr8-gnu-toolchain/bin/../lib/gcc/avr/4.8.1/../../../../avr/lib/avr5\libm.a(fp_pscB.o)
                              c:/program files (x86)/atmel/atmel toolchain/avr8 gcc/native/3.4.1061/avr8-gnu-toolchain/bin/../lib/gcc/avr/4.8.1/../../../../avr/lib/avr5\libm.a(addsf3x.o) (__fp_pscB)
c:/program files (x86)/atmel/atmel toolchain/avr8 gcc/native/3.4.1061/avr8-gnu-toolchain/bin/../lib/gcc/avr/4.8.1/../../../../avr/lib/avr5\libm.a(fp_round.o)
                              c:/program files (x86)/atmel/atmel toolchain/avr8 gcc/native/3.4.1061/avr8-gnu-toolchain/bin/../lib/gcc/avr/4.8.1/../../../../avr/lib/avr5\libm.a(addsf3.o) (__fp_round)
c:/program files (x86)/atmel/atmel toolchain/avr8 gcc/native/3.4.1061/avr8-gnu-toolchain/bin/../lib/gcc/avr/4.8.1/../../../../avr/lib/avr5\libm.a(fp_split3.o)
                              c:/program files (x86)/atmel/atmel toolchain/avr8 gcc/native/3.4.1061/avr8-gnu-toolchain/bin/../lib/gcc/avr/4.8.1/../../../../avr/lib/avr5\libm.a(addsf3x.o) (__fp_split3)
c:/program files (x86)/atmel/atmel toolchain/avr8 gcc/native/3.4.1061/avr8-gnu-toolchain/bin/../lib/gcc/avr/4.8.1/../../../../avr/lib/avr5\libm.a(fp_zero.o)
[...]
Memory Configuration

Name             Origin             Length             Attributes
text             0x00000000         0x00020000         xr
data             0x00800060         0x0000ffa0         rw !x
eeprom           0x00810000         0x00010000         rw !x
fuse             0x00820000         0x00000400         rw !x
lock             0x00830000         0x00000400         rw !x
signature        0x00840000         0x00000400         rw !x
user_signatures  0x00850000         0x00000400         rw !x
*default*        0x00000000         0xffffffff

Linker script and memory map

Address of section .data set to 0x800100
LOAD c:/program files (x86)/atmel/atmel toolchain/avr8 gcc/native/3.4.1061/avr8-gnu-toolchain/bin/../lib/gcc/avr/4.8.1/../../../../avr/lib/avr5/crtm162.o
LOAD Driver_files/EEPROM_driver.o
LOAD Driver_files/message_handler.o
LOAD Driver_files/music_driver.o
LOAD Driver_files/SPI_driver.o
LOAD Game_files/highscore.o
LOAD Game_files/pingpong.o
LOAD main.o
LOAD Driver_files/adc_driver.o
LOAD Driver_files/CAN_driver.o
LOAD Driver_files/joy_driver.o
LOAD Driver_files/MCP_driver.o
LOAD Driver_files/oled_driver.o
LOAD Driver_files/sram_driver.o
LOAD Driver_files/uart_driver.o
LOAD Game_files/draw.o
LOAD Game_files/pong.o
LOAD Game_files/snake.o
LOAD Interface_files/menu.o
START GROUP
LOAD c:/program files (x86)/atmel/atmel toolchain/avr8 gcc/native/3.4.1061/avr8-gnu-toolchain/bin/../lib/gcc/avr/4.8.1/../../../../avr/lib/avr5\libm.a
END GROUP
START GROUP
LOAD c:/program files (x86)/atmel/atmel toolchain/avr8 gcc/native/3.4.1061/avr8-gnu-toolchain/bin/../lib/gcc/avr/4.8.1/avr5\libgcc.a
LOAD c:/program files (x86)/atmel/atmel toolchain/avr8 gcc/native/3.4.1061/avr8-gnu-toolchain/bin/../lib/gcc/avr/4.8.1/../../../../avr/lib/avr5\libm.a
LOAD c:/program files (x86)/atmel/atmel toolchain/avr8 gcc/native/3.4.1061/avr8-gnu-toolchain/bin/../lib/gcc/avr/4.8.1/../../../../avr/lib/avr5\libc.a
END GROUP

.hash
 *(.hash)

.dynsym
 *(.dynsym)

.dynstr
 *(.dynstr)

.gnu.version
 *(.gnu.version)

.gnu.version_d
 *(.gnu.version_d)

.gnu.version_r
 *(.gnu.version_r)

.rel.init
 *(.rel.init)

.rela.init
 *(.rela.init)

.rel.text
 *(.rel.text)
 *(.rel.text.*)
 *(.rel.gnu.linkonce.t*)

.rela.text
 *(.rela.text)
 *(.rela.text.*)
 *(.rela.gnu.linkonce.t*)

.rel.fini
 *(.rel.fini)

.rela.fini
 *(.rela.fini)

.rel.rodata
 *(.rel.rodata)
 *(.rel.rodata.*)
 *(.rel.gnu.linkonce.r*)

.rela.rodata
 *(.rela.rodata)
 *(.rela.rodata.*)
 *(.rela.gnu.linkonce.r*)

.rel.data
 *(.rel.data)
 *(.rel.data.*)
 *(.rel.gnu.linkonce.d*)

.rela.data
 *(.rela.data)
 *(.rela.data.*)
 *(.rela.gnu.linkonce.d*)

.rel.ctors
 *(.rel.ctors)

.rela.ctors
 *(.rela.ctors)

.rel.dtors
 *(.rel.dtors)

.rela.dtors
 *(.rela.dtors)

.rel.got
 *(.rel.got)

.rela.got
 *(.rela.got)

.rel.bss
 *(.rel.bss)

.rela.bss
 *(.rela.bss)

.rel.plt
 *(.rel.plt)

.rela.plt
 *(.rela.plt)

.text           0x00000000     0x3460
 *(.vectors)
 .vectors       0x00000000       0x70 c:/program files (x86)/atmel/atmel toolchain/avr8 gcc/native/3.4.1061/avr8-gnu-toolchain/bin/../lib/gcc/avr/4.8.1/../../../../avr/lib/avr5/crtm162.o
                0x00000000                __vector_default
                0x00000000                __vectors
 *(.vectors)
 *(.progmem.gcc*)
                0x00000070                . = ALIGN (0x2)
                0x00000070                __trampolines_start = .
 *(.trampolines)
 .trampolines   0x00000070        0x0 linker stubs
 *(.trampolines*)
                0x00000070                __trampolines_end = .
 *(.progmem*)
 .progmem.data.font
                0x00000070      0x2f8 Driver_files/oled_driver.o
                0x00000070                font
                0x00000368                . = ALIGN (0x2)
 *(.jumptables)
 *(.jumptables*)
 *(.lowtext)
 *(.lowtext*)
                0x00000368                __ctors_start = .
 *(.ctors)
                0x00000368                __ctors_end = .
                0x00000368                __dtors_start = .
 *(.dtors)
                0x00000368                __dtors_end = .
 SORT(*)(.ctors)
 SORT(*)(.dtors)
 *(.init0)
 .init0         0x00000368        0x0 c:/program files (x86)/atmel/atmel toolchain/avr8 gcc/native/3.4.1061/avr8-gnu-toolchain/bin/../lib/gcc/avr/4.8.1/../../../../avr/lib/avr5/crtm162.o
                0x00000368                __init
 *(.init0)
 *(.init1)
 *(.init1)
 *(.init2)
 .init2         0x00000368        0xc c:/program files (x86)/atmel/atmel toolchain/avr8 gcc/native/3.4.1061/avr8-gnu-toolchain/bin/../lib/gcc/avr/4.8.1/../../../../avr/lib/avr5/crtm162.o
 *(.init2)
 *(.init3)
 *(.init3)
 *(.init4)
 .init4         0x00000374       0x16 c:/program files (x86)/atmel/atmel toolchain/avr8 gcc/native/3.4.1061/avr8-gnu-toolchain/bin/../lib/gcc/avr/4.8.1/avr5\libgcc.a(_copy_data.o)
                0x00000374                __do_copy_data
 .init4         0x0000038a       0x10 c:/program files (x86)/atmel/atmel toolchain/avr8 gcc/native/3.4.1061/avr8-gnu-toolchain/bin/../lib/gcc/avr/4.8.1/avr5\libgcc.a(_clear_bss.o)
                0x0000038a                __do_clear_bss
 *(.init4)
 *(.init5)
 *(.init5)
 *(.init6)
 *(.init6)
 *(.init7)
 *(.init7)
 *(.init8)
 *(.init8)
 *(.init9)
 .init9         0x0000039a        0x8 c:/program files (x86)/atmel/atmel toolchain/avr8 gcc/native/3.4.1061/avr8-gnu-toolchain/bin/../lib/gcc/avr/4.8.1/../../../../avr/lib/avr5/crtm162.o
 *(.init9)
 *(.text)
 .text          0x000003a2        0x4 c:/program files (x86)/atmel/atmel toolchain/avr8 gcc/native/3.4.1061/avr8-gnu-toolchain/bin/../lib/gcc/avr/4.8.1/../../../../avr/lib/avr5/crtm162.o
                0x000003a2                __vector_22
                0x000003a2                __vector_1
                0x000003a2                __vector_24
                0x000003a2                __vector_12
                0x000003a2                __bad_interrupt
                0x000003a2                __vector_6
                0x000003a2                __vector_3
                0x000003a2                __vector_23
                0x000003a2                __vector_25
                0x000003a2                __vector_11
                0x000003a2                __vector_13
                0x000003a2                __vector_17
                0x000003a2                __vector_19
                0x000003a2                __vector_7
                0x000003a2                __vector_27
                0x000003a2                __vector_5
                0x000003a2                __vector_4
                0x000003a2                __vector_9
                0x000003a2                __vector_21
                0x000003a2                __vector_15
                0x000003a2                __vector_8
                0x000003a2                __vector_26
                0x000003a2                __vector_10
                0x000003a2                __vector_16
                0x000003a2                __vector_18
                0x000003a2                __vector_20
                0x000003a6                . = ALIGN (0x2)
 *(.text.*)
 .text.EEPROM_read
                0x000003a6        0xe Driver_files/EEPROM_driver.o
                0x000003a6                EEPROM_read
 .text.EEPROM_write
                0x000003b4       0x14 Driver_files/EEPROM_driver.o
                0x000003b4                EEPROM_write
 .text.init_handler
                0x000003c8       0x18 Driver_files/message_handler.o
                0x000003c8                init_handler
 .text.send_controlls
                0x000003e0       0x4c Driver_files/message_handler.o
                0x000003e0                send_controlls
 .text.send_highscore
                0x0000042c       0xa0 Driver_files/message_handler.o
                0x0000042c                send_highscore
 .text.handle_message
                0x000004cc       0x58 Driver_files/message_handler.o
                0x000004cc                handle_message
 .text.__vector_2
                0x00000524       0x48 Driver_files/message_handler.o
                0x00000524                __vector_2
 .text.SPI_init
                0x0000056c        0xa Driver_files/SPI_driver.o
                0x0000056c                SPI_init
 .text.SPI_transmit
                0x00000576        0xa Driver_files/SPI_driver.o
                0x00000576                SPI_transmit
 .text.SPI_send
                0x00000580        0x6 Driver_files/SPI_driver.o
                0x00000580                SPI_send
 .text.SPI_receive
                0x00000586        0x8 Driver_files/SPI_driver.o
                0x00000586                SPI_receive
 .text.SPI_ss_high
                0x0000058e        0x4 Driver_files/SPI_driver.o
                0x0000058e                SPI_ss_high
 .text.SPI_ss_low
                0x00000592        0x4 Driver_files/SPI_driver.o
                0x00000592                SPI_ss_low
 .text.highscore_save
                0x00000596       0x92 Game_files/highscore.o
                0x00000596                highscore_save
 .text.highscore_get
                0x00000628       0xdc Game_files/highscore.o
                0x00000628                highscore_get
 .text.highscore_leaderboard
                0x00000704       0x54 Game_files/highscore.o
                0x00000704                highscore_leaderboard
 .text.highscore_add
                0x00000758       0xf8 Game_files/highscore.o
                0x00000758                highscore_add
 .text.highscore_clear
                0x00000850       0x4a Game_files/highscore.o
                0x00000850                highscore_clear
 .text.highscore_clear_all
                0x0000089a       0x14 Game_files/highscore.o
                0x0000089a                highscore_clear_all
 .text.highscore_print
                0x000008ae      0x100 Game_files/highscore.o
                0x000008ae                highscore_print
 .text.highscore_print_pingpong
                0x000009ae        0x8 Game_files/highscore.o
                0x000009ae                highscore_print_pingpong
 .text.highscore_print_snake
                0x000009b6        0x8 Game_files/highscore.o
                0x000009b6                highscore_print_snake
 .text.highscore_print_pong
                0x000009be        0x8 Game_files/highscore.o
                0x000009be                highscore_print_pong
 .text.highscore_prompt
                0x000009c6      0x1b0 Game_files/highscore.o
                0x000009c6                highscore_prompt
 .text.play_pingpong
                0x00000b76      0x104 Game_files/pingpong.o
                0x00000b76                play_pingpong
 .text.play_pingpong_web
                0x00000c7a        0x8 Game_files/pingpong.o
                0x00000c7a                play_pingpong_web
 .text.play_pingpong_joy
                0x00000c82        0x8 Game_files/pingpong.o
                0x00000c82                play_pingpong_joy
 .text.state_set
                0x00000c8a        0x6 Game_files/pingpong.o
                0x00000c8a                state_set
 .text.score_set
                0x00000c90        0x6 Game_files/pingpong.o
                0x00000c90                score_set
 .text.bus_init
                0x00000c96        0xe main.o
                0x00000c96                bus_init
 .text.main     0x00000ca4       0x2e main.o
                0x00000ca4                main
 .text.get_adc  0x00000cd2       0x28 Driver_files/adc_driver.o
                0x00000cd2                get_adc
 .text.CAN_init
                0x00000cfa       0x32 Driver_files/CAN_driver.o
                0x00000cfa                CAN_init
 .text.CAN_transmit
                0x00000d2c       0x66 Driver_files/CAN_driver.o
                0x00000d2c                CAN_transmit
 .text.CAN_receive
                0x00000d92       0x76 Driver_files/CAN_driver.o
                0x00000d92                CAN_receive
 .text.get_slider_position
                0x00000e08       0x4e Driver_files/joy_driver.o
                0x00000e08                get_slider_position
 .text.get_joystick_direction
                0x00000e56       0xac Driver_files/joy_driver.o
                0x00000e56                get_joystick_direction
 .text.get_joystick_position
                0x00000f02       0xc0 Driver_files/joy_driver.o
                0x00000f02                get_joystick_position
 .text.calibration_visual_countdown
                0x00000fc2       0x70 Driver_files/joy_driver.o
                0x00000fc2                calibration_visual_countdown
 .text.calibrate_joystick
                0x00001032      0x120 Driver_files/joy_driver.o
                0x00001032                calibrate_joystick
 .text.MCP_reset
                0x00001152       0x10 Driver_files/MCP_driver.o
                0x00001152                MCP_reset
 .text.MCP_read
                0x00001162       0x24 Driver_files/MCP_driver.o
                0x00001162                MCP_read
 .text.MCP_init
                0x00001186       0x38 Driver_files/MCP_driver.o
                0x00001186                MCP_init
 .text.MCP_write
                0x000011be       0x28 Driver_files/MCP_driver.o
                0x000011be                MCP_write
 .text.MCP_rts  0x000011e6       0x42 Driver_files/MCP_driver.o
                0x000011e6                MCP_rts
 .text.MCP_bit_modify
                0x00001228       0x34 Driver_files/MCP_driver.o
                0x00001228                MCP_bit_modify
 .text.oled_init
                0x0000125c       0x5c Driver_files/oled_driver.o
                0x0000125c                oled_init
 .text.oled_sram_flush
                0x000012b8       0x70 Driver_files/oled_driver.o
                0x000012b8                oled_sram_flush
 .text.__vector_14
                0x00001328       0x50 Driver_files/oled_driver.o
                0x00001328                __vector_14
 .text.oled_sram_write_string
                0x00001378       0x9c Driver_files/oled_driver.o
                0x00001378                oled_sram_write_string
 .text.oled_sram_write_char
                0x00001414       0x68 Driver_files/oled_driver.o
                0x00001414                oled_sram_write_char
 .text.oled_sram_clear_line
                0x0000147c       0x3c Driver_files/oled_driver.o
                0x0000147c                oled_sram_clear_line
 .text.oled_sram_clear_screen
                0x000014b8       0x28 Driver_files/oled_driver.o
                0x000014b8                oled_sram_clear_screen
 .text.oled_sram_write_bit
                0x000014e0       0x78 Driver_files/oled_driver.o
                0x000014e0                oled_sram_write_bit
 .text.getSRAM  0x00001558        0x8 Driver_files/sram_driver.o
                0x00001558                getSRAM
 .text.setSRAM  0x00001560        0xa Driver_files/sram_driver.o
                0x00001560                setSRAM
 .text.uartSend
                0x0000156a        0xc Driver_files/uart_driver.o
                0x0000156a                uartSend
 .text.uartInit
                0x00001576       0x38 Driver_files/uart_driver.o
                0x00001576                uartInit
 .text.play_draw
                0x000015ae       0x5e Game_files/draw.o
                0x000015ae                play_draw
 .text.racketHit
                0x0000160c       0x74 Game_files/pong.o
                0x0000160c                racketHit
 .text.updateBallAngle
                0x00001680       0xb2 Game_files/pong.o
                0x00001680                updateBallAngle
 .text.ballInit
                0x00001732       0x3e Game_files/pong.o
                0x00001732                ballInit
 .text.updateBallPosition
                0x00001770       0xea Game_files/pong.o
                0x00001770                updateBallPosition
 .text.updateSliderPosition
                0x0000185a       0x3a Game_files/pong.o
                0x0000185a                updateSliderPosition
 .text.updateScreen
                0x00001894       0xf0 Game_files/pong.o
                0x00001894                updateScreen
 .text.playRound
                0x00001984       0xe6 Game_files/pong.o
                0x00001984                playRound
 .text.printScore
                0x00001a6a       0x82 Game_files/pong.o
                0x00001a6a                printScore
 .text.printEndScreen
                0x00001aec       0x68 Game_files/pong.o
                0x00001aec                printEndScreen
 .text.playPong
                0x00001b54       0x5a Game_files/pong.o
                0x00001b54                playPong
 .text.detectCollision
                0x00001bae       0x38 Game_files/snake.o
                0x00001bae                detectCollision
 .text.placeFood
                0x00001be6       0x5a Game_files/snake.o
                0x00001be6                placeFood
 .text.drawBoard
                0x00001c40       0xee Game_files/snake.o
                0x00001c40                drawBoard
 .text.playSnake
                0x00001d2e      0x3b0 Game_files/snake.o
                0x00001d2e                playSnake
 .text.make_screen
                0x000020de      0x250 Interface_files/menu.o
                0x000020de                make_screen
 .text.menuSystem
                0x0000232e      0x232 Interface_files/menu.o
                0x0000232e                menuSystem
 .text.avr-libc.fplib
                0x00002560        0xa c:/program files (x86)/atmel/atmel toolchain/avr8 gcc/native/3.4.1061/avr8-gnu-toolchain/bin/../lib/gcc/avr/4.8.1/../../../../avr/lib/avr5\libm.a(addsf3.o)
                0x00002560                __subsf3
                0x00002562                __addsf3
 .text.avr-libc.fplib
                0x0000256a       0xc0 c:/program files (x86)/atmel/atmel toolchain/avr8 gcc/native/3.4.1061/avr8-gnu-toolchain/bin/../lib/gcc/avr/4.8.1/../../../../avr/lib/avr5\libm.a(addsf3x.o)
                0x00002584                __addsf3x
 .text.avr-libc.fplib
                0x0000262a        0x8 c:/program files (x86)/atmel/atmel toolchain/avr8 gcc/native/3.4.1061/avr8-gnu-toolchain/bin/../lib/gcc/avr/4.8.1/../../../../avr/lib/avr5\libm.a(cmpsf2.o)
                0x0000262a                __nesf2
                0x0000262a                __eqsf2
                0x0000262a                __cmpsf2
                0x0000262a                __ltsf2
                0x0000262a                __lesf2
 .text.avr-libc.fplib
                0x00002632        0x4 c:/program files (x86)/atmel/atmel toolchain/avr8 gcc/native/3.4.1061/avr8-gnu-toolchain/bin/../lib/gcc/avr/4.8.1/../../../../avr/lib/avr5\libm.a(divsf3.o)
                0x00002632                __divsf3
 .text.avr-libc.fplib
                0x00002636       0xcc c:/program files (x86)/atmel/atmel toolchain/avr8 gcc/native/3.4.1061/avr8-gnu-toolchain/bin/../lib/gcc/avr/4.8.1/../../../../avr/lib/avr5\libm.a(divsf3x.o)
                0x0000264c                __divsf3x
                0x00002650                __divsf3_pse
 .text.avr-libc.fplib
                0x00002702        0xa c:/program files (x86)/atmel/atmel toolchain/avr8 gcc/native/3.4.1061/avr8-gnu-toolchain/bin/../lib/gcc/avr/4.8.1/../../../../avr/lib/avr5\libm.a(fixsfsi.o)
                0x00002702                __fixsfsi
 .text.avr-libc.fplib
                0x0000270c       0x58 c:/program files (x86)/atmel/atmel toolchain/avr8 gcc/native/3.4.1061/avr8-gnu-toolchain/bin/../lib/gcc/avr/4.8.1/../../../../avr/lib/avr5\libm.a(fixunssfsi.o)
                0x0000270c                __fixunssfsi
 .text.avr-libc.fplib
                0x00002764       0x7a c:/program files (x86)/atmel/atmel toolchain/avr8 gcc/native/3.4.1061/avr8-gnu-toolchain/bin/../lib/gcc/avr/4.8.1/../../../../avr/lib/avr5\libm.a(floatsisf.o)
                0x00002764                __floatunsisf
                0x00002768                __floatsisf
 .text.avr-libc.fplib
                0x000027de       0x48 c:/program files (x86)/atmel/atmel toolchain/avr8 gcc/native/3.4.1061/avr8-gnu-toolchain/bin/../lib/gcc/avr/4.8.1/../../../../avr/lib/avr5\libm.a(fp_cmp.o)
                0x000027de                __fp_cmp
 .text.avr-libc.fplib
                0x00002826        0xc c:/program files (x86)/atmel/atmel toolchain/avr8 gcc/native/3.4.1061/avr8-gnu-toolchain/bin/../lib/gcc/avr/4.8.1/../../../../avr/lib/avr5\libm.a(fp_inf.o)
                0x00002826                __fp_inf
 .text.avr-libc.fplib
                0x00002832        0x6 c:/program files (x86)/atmel/atmel toolchain/avr8 gcc/native/3.4.1061/avr8-gnu-toolchain/bin/../lib/gcc/avr/4.8.1/../../../../avr/lib/avr5\libm.a(fp_nan.o)
                0x00002832                __fp_nan
 .text.avr-libc.fplib
                0x00002838        0xe c:/program files (x86)/atmel/atmel toolchain/avr8 gcc/native/3.4.1061/avr8-gnu-toolchain/bin/../lib/gcc/avr/4.8.1/../../../../avr/lib/avr5\libm.a(fp_pscA.o)
                0x00002838                __fp_pscA
 .text.avr-libc.fplib
                0x00002846        0xe c:/program files (x86)/atmel/atmel toolchain/avr8 gcc/native/3.4.1061/avr8-gnu-toolchain/bin/../lib/gcc/avr/4.8.1/../../../../avr/lib/avr5\libm.a(fp_pscB.o)
                0x00002846                __fp_pscB
 .text.avr-libc.fplib
                0x00002854       0x22 c:/program files (x86)/atmel/atmel toolchain/avr8 gcc/native/3.4.1061/avr8-gnu-toolchain/bin/../lib/gcc/avr/4.8.1/../../../../avr/lib/avr5\libm.a(fp_round.o)
                0x00002854                __fp_round
 .text.avr-libc.fplib
                0x00002876       0x44 c:/program files (x86)/atmel/atmel toolchain/avr8 gcc/native/3.4.1061/avr8-gnu-toolchain/bin/../lib/gcc/avr/4.8.1/../../../../avr/lib/avr5\libm.a(fp_split3.o)
                0x00002876                __fp_split3
                0x00002886                __fp_splitA
 .text.avr-libc.fplib
                0x000028ba        0xe c:/program files (x86)/atmel/atmel toolchain/avr8 gcc/native/3.4.1061/avr8-gnu-toolchain/bin/../lib/gcc/avr/4.8.1/../../../../avr/lib/avr5\libm.a(fp_zero.o)
                0x000028ba                __fp_zero
                0x000028bc                __fp_szero
 .text.avr-libc.fplib
                0x000028c8        0x8 c:/program files (x86)/atmel/atmel toolchain/avr8 gcc/native/3.4.1061/avr8-gnu-toolchain/bin/../lib/gcc/avr/4.8.1/../../../../avr/lib/avr5\libm.a(gesf2.o)
                0x000028c8                __gesf2
                0x000028c8                __gtsf2
 .text.avr-libc.fplib
                0x000028d0        0x4 c:/program files (x86)/atmel/atmel toolchain/avr8 gcc/native/3.4.1061/avr8-gnu-toolchain/bin/../lib/gcc/avr/4.8.1/../../../../avr/lib/avr5\libm.a(mulsf3.o)
                0x000028d0                __mulsf3
 .text.avr-libc.fplib
                0x000028d4       0xc2 c:/program files (x86)/atmel/atmel toolchain/avr8 gcc/native/3.4.1061/avr8-gnu-toolchain/bin/../lib/gcc/avr/4.8.1/../../../../avr/lib/avr5\libm.a(mulsf3x.o)
                0x000028e8                __mulsf3x
                0x000028ec                __mulsf3_pse
 .text.libgcc.div
                0x00002996       0x28 c:/program files (x86)/atmel/atmel toolchain/avr8 gcc/native/3.4.1061/avr8-gnu-toolchain/bin/../lib/gcc/avr/4.8.1/avr5\libgcc.a(_divmodhi4.o)
                0x00002996                _div
                0x00002996                __divmodhi4
 .text.libgcc.div
                0x000029be       0x2e c:/program files (x86)/atmel/atmel toolchain/avr8 gcc/native/3.4.1061/avr8-gnu-toolchain/bin/../lib/gcc/avr/4.8.1/avr5\libgcc.a(_divmodsi4.o)
                0x000029be                __divmodsi4
 .text.libgcc.div
                0x000029ec       0x10 c:/program files (x86)/atmel/atmel toolchain/avr8 gcc/native/3.4.1061/avr8-gnu-toolchain/bin/../lib/gcc/avr/4.8.1/avr5\libgcc.a(_negsi2.o)
                0x000029ec                __negsi2
 .text.libgcc.div
                0x000029fc       0x28 c:/program files (x86)/atmel/atmel toolchain/avr8 gcc/native/3.4.1061/avr8-gnu-toolchain/bin/../lib/gcc/avr/4.8.1/avr5\libgcc.a(_udivmodhi4.o)
                0x000029fc                __udivmodhi4
 .text.libgcc.div
                0x00002a24       0x44 c:/program files (x86)/atmel/atmel toolchain/avr8 gcc/native/3.4.1061/avr8-gnu-toolchain/bin/../lib/gcc/avr/4.8.1/avr5\libgcc.a(_udivmodsi4.o)
                0x00002a24                __udivmodsi4
 .text.avr-libc
                0x00002a68      0x24e c:/program files (x86)/atmel/atmel toolchain/avr8 gcc/native/3.4.1061/avr8-gnu-toolchain/bin/../lib/gcc/avr/4.8.1/../../../../avr/lib/avr5\libc.a(malloc.o)
                0x00002a68                malloc
                0x00002b98                free
 .text.avr-libc
                0x00002cb6       0xbc c:/program files (x86)/atmel/atmel toolchain/avr8 gcc/native/3.4.1061/avr8-gnu-toolchain/bin/../lib/gcc/avr/4.8.1/../../../../avr/lib/avr5\libc.a(rand.o)
                0x00002d4c                rand_r
                0x00002d52                rand
                0x00002d5c                srand
 .text.avr-libc
                0x00002d72       0x96 c:/program files (x86)/atmel/atmel toolchain/avr8 gcc/native/3.4.1061/avr8-gnu-toolchain/bin/../lib/gcc/avr/4.8.1/../../../../avr/lib/avr5\libc.a(fdevopen.o)
                0x00002d72                fdevopen
 .text.avr-libc
                0x00002e08       0x28 c:/program files (x86)/atmel/atmel toolchain/avr8 gcc/native/3.4.1061/avr8-gnu-toolchain/bin/../lib/gcc/avr/4.8.1/../../../../avr/lib/avr5\libc.a(printf.o)
                0x00002e08                printf
 .text.avr-libc
                0x00002e30       0x44 c:/program files (x86)/atmel/atmel toolchain/avr8 gcc/native/3.4.1061/avr8-gnu-toolchain/bin/../lib/gcc/avr/4.8.1/../../../../avr/lib/avr5\libc.a(sprintf.o)
                0x00002e30                sprintf
 .text.avr-libc
                0x00002e74      0x3a4 c:/program files (x86)/atmel/atmel toolchain/avr8 gcc/native/3.4.1061/avr8-gnu-toolchain/bin/../lib/gcc/avr/4.8.1/../../../../avr/lib/avr5\libc.a(vfprintf_std.o)
                0x00002e74                vfprintf
 .text.avr-libc
                0x00003218       0x38 c:/program files (x86)/atmel/atmel toolchain/avr8 gcc/native/3.4.1061/avr8-gnu-toolchain/bin/../lib/gcc/avr/4.8.1/../../../../avr/lib/avr5\libc.a(calloc.o)
                0x00003218                calloc
 .text.avr-libc
                0x00003250       0x16 c:/program files (x86)/atmel/atmel toolchain/avr8 gcc/native/3.4.1061/avr8-gnu-toolchain/bin/../lib/gcc/avr/4.8.1/../../../../avr/lib/avr5\libc.a(strnlen_P.o)
                0x00003250                strnlen_P
 .text.avr-libc
                0x00003266        0xe c:/program files (x86)/atmel/atmel toolchain/avr8 gcc/native/3.4.1061/avr8-gnu-toolchain/bin/../lib/gcc/avr/4.8.1/../../../../avr/lib/avr5\libc.a(memset.o)
                0x00003266                memset
 .text.avr-libc
                0x00003274       0x16 c:/program files (x86)/atmel/atmel toolchain/avr8 gcc/native/3.4.1061/avr8-gnu-toolchain/bin/../lib/gcc/avr/4.8.1/../../../../avr/lib/avr5\libc.a(strnlen.o)
                0x00003274                strnlen
 .text.avr-libc
                0x0000328a       0x64 c:/program files (x86)/atmel/atmel toolchain/avr8 gcc/native/3.4.1061/avr8-gnu-toolchain/bin/../lib/gcc/avr/4.8.1/../../../../avr/lib/avr5\libc.a(fputc.o)
                0x0000328a                fputc
 .text.avr-libc
                0x000032ee       0xbc c:/program files (x86)/atmel/atmel toolchain/avr8 gcc/native/3.4.1061/avr8-gnu-toolchain/bin/../lib/gcc/avr/4.8.1/../../../../avr/lib/avr5\libc.a(ultoa_invert.o)
                0x000032ee                __ultoa_invert
 .text.libgcc.mul
                0x000033aa       0x16 c:/program files (x86)/atmel/atmel toolchain/avr8 gcc/native/3.4.1061/avr8-gnu-toolchain/bin/../lib/gcc/avr/4.8.1/avr5\libgcc.a(_muluhisi3.o)
                0x000033aa                __muluhisi3
 .text.libgcc.mul
                0x000033c0       0x10 c:/program files (x86)/atmel/atmel toolchain/avr8 gcc/native/3.4.1061/avr8-gnu-toolchain/bin/../lib/gcc/avr/4.8.1/avr5\libgcc.a(_mulshisi3.o)
                0x000033c0                __mulshisi3
                0x000033c6                __mulohisi3
 .text.libgcc.prologue
                0x000033d0       0x38 c:/program files (x86)/atmel/atmel toolchain/avr8 gcc/native/3.4.1061/avr8-gnu-toolchain/bin/../lib/gcc/avr/4.8.1/avr5\libgcc.a(_prologue.o)
                0x000033d0                __prologue_saves__
 .text.libgcc.prologue
                0x00003408       0x36 c:/program files (x86)/atmel/atmel toolchain/avr8 gcc/native/3.4.1061/avr8-gnu-toolchain/bin/../lib/gcc/avr/4.8.1/avr5\libgcc.a(_epilogue.o)
                0x00003408                __epilogue_restores__
 .text.libgcc.mul
                0x0000343e       0x1e c:/program files (x86)/atmel/atmel toolchain/avr8 gcc/native/3.4.1061/avr8-gnu-toolchain/bin/../lib/gcc/avr/4.8.1/avr5\libgcc.a(_umulhisi3.o)
                0x0000343e                __umulhisi3
                0x0000345c                . = ALIGN (0x2)
 *(.fini9)
 .fini9         0x0000345c        0x0 c:/program files (x86)/atmel/atmel toolchain/avr8 gcc/native/3.4.1061/avr8-gnu-toolchain/bin/../lib/gcc/avr/4.8.1/avr5\libgcc.a(_exit.o)
                0x0000345c                _exit
                0x0000345c                exit
 *(.fini9)
 *(.fini8)
 *(.fini8)
 *(.fini7)
 *(.fini7)
 *(.fini6)
 *(.fini6)
 *(.fini5)
 *(.fini5)
 *(.fini4)
 *(.fini4)
 *(.fini3)
 *(.fini3)
 *(.fini2)
 *(.fini2)
 *(.fini1)
 *(.fini1)
 *(.fini0)
 .fini0         0x0000345c        0x4 c:/program files (x86)/atmel/atmel toolchain/avr8 gcc/native/3.4.1061/avr8-gnu-toolchain/bin/../lib/gcc/avr/4.8.1/avr5\libgcc.a(_exit.o)
 *(.fini0)
                0x00003460                _etext = .

.data           0x00800100      0x166 load address 0x00003460
                0x00800100                PROVIDE (__data_start, .)
 *(.data)
 .data          0x00800100        0x6 c:/program files (x86)/atmel/atmel toolchain/avr8 gcc/native/3.4.1061/avr8-gnu-toolchain/bin/../lib/gcc/avr/4.8.1/../../../../avr/lib/avr5\libc.a(malloc.o)
                0x00800100                __malloc_heap_end
                0x00800102                __malloc_heap_start
                0x00800104                __malloc_margin
 .data          0x00800106        0x4 c:/program files (x86)/atmel/atmel toolchain/avr8 gcc/native/3.4.1061/avr8-gnu-toolchain/bin/../lib/gcc/avr/4.8.1/../../../../avr/lib/avr5\libc.a(rand.o)
 *(.data*)
 .data.yMean    0x0080010a        0x4 Driver_files/joy_driver.o
                0x0080010a                yMean
 .data.xMean    0x0080010e        0x4 Driver_files/joy_driver.o
                0x0080010e                xMean
 *(.rodata)
 *(.rodata*)
 .rodata.str1.1
                0x00800112       0x31 Game_files/highscore.o
 .rodata.str1.1
                0x00800143       0x27 Game_files/pingpong.o
 .rodata.str1.1
                0x0080016a        0x7 main.o
 .rodata.str1.1
                0x00800171       0x26 Driver_files/joy_driver.o
 .rodata.str1.1
                0x00800197       0x34 Driver_files/MCP_driver.o
 .rodata.str1.1
                0x008001cb       0x23 Game_files/pong.o
 .rodata.str1.1
                0x008001ee       0x78 Interface_files/menu.o
                                 0x7f (size before relaxing)
 *(.gnu.linkonce.d*)
                0x00800266                . = ALIGN (0x2)
                0x00800266                _edata = .
                0x00800266                PROVIDE (__data_end, .)

.bss            0x00800266        0xc
                0x00800266                PROVIDE (__bss_start, .)
 *(.bss)
 *(.bss*)
 *(COMMON)
 COMMON         0x00800266        0x2 Game_files/pingpong.o
                0x00800266                current_state
                0x00800267                current_score
 COMMON         0x00800268        0x4 c:/program files (x86)/atmel/atmel toolchain/avr8 gcc/native/3.4.1061/avr8-gnu-toolchain/bin/../lib/gcc/avr/4.8.1/../../../../avr/lib/avr5\libc.a(malloc.o)
                0x00800268                __brkval
                0x0080026a                __flp
 COMMON         0x0080026c        0x6 c:/program files (x86)/atmel/atmel toolchain/avr8 gcc/native/3.4.1061/avr8-gnu-toolchain/bin/../lib/gcc/avr/4.8.1/../../../../avr/lib/avr5\libc.a(iob.o)
                0x0080026c                __iob
                0x00800272                PROVIDE (__bss_end, .)
                0x00003460                __data_load_start = LOADADDR (.data)
                0x000035c6                __data_load_end = (__data_load_start + SIZEOF (.data))

.noinit         0x00800272        0x0
                0x00800272                PROVIDE (__noinit_start, .)
 *(.noinit*)
                0x00800272                PROVIDE (__noinit_end, .)
                0x00800272                _end = .
                0x00800272                PROVIDE (__heap_start, .)

.eeprom         0x00810000        0x0
 *(.eeprom*)
                0x00810000                __eeprom_end = .

.fuse
 *(.fuse)
 *(.lfuse)
 *(.hfuse)
 *(.efuse)

.lock
 *(.lock*)

.signature
 *(.signature*)

.user_signatures
 *(.user_signatures*)

.stab
 *(.stab)

.stabstr
 *(.stabstr)

.stab.excl
 *(.stab.excl)

.stab.exclstr
 *(.stab.exclstr)

.stab.index
 *(.stab.index)

.stab.indexstr
 *(.stab.indexstr)

.comment        0x00000000       0x5c
 *(.comment)
 .comment       0x00000000       0x30 Driver_files/EEPROM_driver.o
                                 0x31 (size before relaxing)
 .comment       0x00000000       0x31 Driver_files/message_handler.o
 .comment       0x00000000       0x31 Driver_files/SPI_driver.o
 .comment       0x00000000       0x31 Game_files/highscore.o
 .comment       0x00000000       0x31 Game_files/pingpong.o
 .comment       0x00000000       0x31 main.o
 .comment       0x00000000       0x31 Driver_files/adc_driver.o
 .comment       0x00000000       0x31 Driver_files/CAN_driver.o
 .comment       0x00000000       0x31 Driver_files/joy_driver.o
 .comment       0x00000000       0x31 Driver_files/MCP_driver.o
 .comment       0x00000000       0x31 Driver_files/oled_driver.o
 .comment       0x00000000       0x31 Driver_files/sram_driver.o
 .comment       0x00000000       0x31 Driver_files/uart_driver.o
 .comment       0x00000000       0x31 Game_files/draw.o
 .comment       0x00000000       0x31 Game_files/pong.o
 .comment       0x00000000       0x31 Game_files/snake.o
 .comment       0x00000000       0x31 Interface_files/menu.o
 .comment       0x00000000       0x31 c:/program files (x86)/atmel/atmel toolchain/avr8 gcc/native/3.4.1061/avr8-gnu-toolchain/bin/../lib/gcc/avr/4.8.1/../../../../avr/lib/avr5\libc.a(malloc.o)
 .comment       0x00000000       0x31 c:/program files (x86)/atmel/atmel toolchain/avr8 gcc/native/3.4.1061/avr8-gnu-toolchain/bin/../lib/gcc/avr/4.8.1/../../../../avr/lib/avr5\libc.a(rand.o)
 .comment       0x00000000       0x31 c:/program files (x86)/atmel/atmel toolchain/avr8 gcc/native/3.4.1061/avr8-gnu-toolchain/bin/../lib/gcc/avr/4.8.1/../../../../avr/lib/avr5\libc.a(fdevopen.o)
 .comment       0x00000000       0x31 c:/program files (x86)/atmel/atmel toolchain/avr8 gcc/native/3.4.1061/avr8-gnu-toolchain/bin/../lib/gcc/avr/4.8.1/../../../../avr/lib/avr5\libc.a(iob.o)
 .comment       0x00000000       0x31 c:/program files (x86)/atmel/atmel toolchain/avr8 gcc/native/3.4.1061/avr8-gnu-toolchain/bin/../lib/gcc/avr/4.8.1/../../../../avr/lib/avr5\libc.a(printf.o)
 .comment       0x00000000       0x31 c:/program files (x86)/atmel/atmel toolchain/avr8 gcc/native/3.4.1061/avr8-gnu-toolchain/bin/../lib/gcc/avr/4.8.1/../../../../avr/lib/avr5\libc.a(sprintf.o)
 .comment       0x00000030       0x2c c:/program files (x86)/atmel/atmel toolchain/avr8 gcc/native/3.4.1061/avr8-gnu-toolchain/bin/../lib/gcc/avr/4.8.1/../../../../avr/lib/avr5\libc.a(vfprintf_std.o)
                                 0x2d (size before relaxing)
 .comment       0x00000000       0x31 c:/program files (x86)/atmel/atmel toolchain/avr8 gcc/native/3.4.1061/avr8-gnu-toolchain/bin/../lib/gcc/avr/4.8.1/../../../../avr/lib/avr5\libc.a(calloc.o)
 .comment       0x00000000       0x31 c:/program files (x86)/atmel/atmel toolchain/avr8 gcc/native/3.4.1061/avr8-gnu-toolchain/bin/../lib/gcc/avr/4.8.1/../../../../avr/lib/avr5\libc.a(fputc.o)

.note.gnu.build-id
 *(.note.gnu.build-id)

.debug
 *(.debug)

.line
 *(.line)

.debug_srcinfo
 *(.debug_srcinfo)

.debug_sfnames
 *(.debug_sfnames)

.debug_aranges  0x00000000      0x480
 *(.debug_aranges)
 .debug_aranges
                0x00000000       0x28 Driver_files/EEPROM_driver.o
 .debug_aranges
                0x00000028       0x40 Driver_files/message_handler.o
 .debug_aranges
                0x00000068       0x48 Driver_files/SPI_driver.o
 .debug_aranges
                0x000000b0       0x70 Game_files/highscore.o
 .debug_aranges
                0x00000120       0x40 Game_files/pingpong.o
 .debug_aranges
                0x00000160       0x28 main.o
 .debug_aranges
                0x00000188       0x28 Driver_files/adc_driver.o
 .debug_aranges
                0x000001b0       0x30 Driver_files/CAN_driver.o
 .debug_aranges
                0x000001e0       0x40 Driver_files/joy_driver.o
 .debug_aranges
                0x00000220       0x68 Driver_files/MCP_driver.o
 .debug_aranges
                0x00000288       0xb0 Driver_files/oled_driver.o
 .debug_aranges
                0x00000338       0x30 Driver_files/sram_driver.o
 .debug_aranges
                0x00000368       0x30 Driver_files/uart_driver.o
 .debug_aranges
                0x00000398       0x20 Game_files/draw.o
 .debug_aranges
                0x000003b8       0x68 Game_files/pong.o
 .debug_aranges
                0x00000420       0x38 Game_files/snake.o
 .debug_aranges
                0x00000458       0x28 Interface_files/menu.o

.debug_pubnames
 *(.debug_pubnames)

.debug_info     0x00000000     0x5245
 *(.debug_info .gnu.linkonce.wi.*)
 .debug_info    0x00000000       0xdc Driver_files/EEPROM_driver.o
 .debug_info    0x000000dc      0x46a Driver_files/message_handler.o
 .debug_info    0x00000546      0x141 Driver_files/SPI_driver.o
 .debug_info    0x00000687      0x982 Game_files/highscore.o
 .debug_info    0x00001009      0x48b Game_files/pingpong.o
 .debug_info    0x00001494      0x179 main.o
 .debug_info    0x0000160d      0x14f Driver_files/adc_driver.o
 .debug_info    0x0000175c      0x35a Driver_files/CAN_driver.o
 .debug_info    0x00001ab6      0x5a8 Driver_files/joy_driver.o
 .debug_info    0x0000205e      0x67f Driver_files/MCP_driver.o
 .debug_info    0x000026dd      0xe06 Driver_files/oled_driver.o
 .debug_info    0x000034e3      0x21a Driver_files/sram_driver.o
 .debug_info    0x000036fd      0x1f3 Driver_files/uart_driver.o
 .debug_info    0x000038f0      0x273 Game_files/draw.o
 .debug_info    0x00003b63      0x9d4 Game_files/pong.o
 .debug_info    0x00004537      0x708 Game_files/snake.o
 .debug_info    0x00004c3f      0x606 Interface_files/menu.o

.debug_abbrev   0x00000000     0x1d4f
 *(.debug_abbrev)
 .debug_abbrev  0x00000000       0x8b Driver_files/EEPROM_driver.o
 .debug_abbrev  0x0000008b      0x1b7 Driver_files/message_handler.o
 .debug_abbrev  0x00000242       0xd4 Driver_files/SPI_driver.o
 .debug_abbrev  0x00000316      0x271 Game_files/highscore.o
 .debug_abbrev  0x00000587      0x237 Game_files/pingpong.o
 .debug_abbrev  0x000007be      0x10a main.o
 .debug_abbrev  0x000008c8      0x108 Driver_files/adc_driver.o
 .debug_abbrev  0x000009d0      0x19f Driver_files/CAN_driver.o
 .debug_abbrev  0x00000b6f      0x272 Driver_files/joy_driver.o
 .debug_abbrev  0x00000de1      0x1d6 Driver_files/MCP_driver.o
 .debug_abbrev  0x00000fb7      0x266 Driver_files/oled_driver.o
 .debug_abbrev  0x0000121d      0x132 Driver_files/sram_driver.o
 .debug_abbrev  0x0000134f      0x131 Driver_files/uart_driver.o
 .debug_abbrev  0x00001480      0x19a Game_files/draw.o
 .debug_abbrev  0x0000161a      0x26b Game_files/pong.o
 .debug_abbrev  0x00001885      0x299 Game_files/snake.o
 .debug_abbrev  0x00001b1e      0x231 Interface_files/menu.o

.debug_line     0x00000000     0x1eef
 *(.debug_line .debug_line.* .debug_line_end)
 .debug_line    0x00000000       0xe0 Driver_files/EEPROM_driver.o
 .debug_line    0x000000e0      0x180 Driver_files/message_handler.o
 .debug_line    0x00000260      0x114 Driver_files/SPI_driver.o
 .debug_line    0x00000374      0x303 Game_files/highscore.o
 .debug_line    0x00000677      0x218 Game_files/pingpong.o
 .debug_line    0x0000088f      0x15a main.o
 .debug_line    0x000009e9      0x14d Driver_files/adc_driver.o
 .debug_line    0x00000b36      0x123 Driver_files/CAN_driver.o
 .debug_line    0x00000c59      0x1f9 Driver_files/joy_driver.o
 .debug_line    0x00000e52      0x1e1 Driver_files/MCP_driver.o
 .debug_line    0x00001033      0x300 Driver_files/oled_driver.o
 .debug_line    0x00001333      0x111 Driver_files/sram_driver.o
 .debug_line    0x00001444       0xf9 Driver_files/uart_driver.o
 .debug_line    0x0000153d      0x17a Game_files/draw.o
 .debug_line    0x000016b7      0x2b1 Game_files/pong.o
 .debug_line    0x00001968      0x365 Game_files/snake.o
 .debug_line    0x00001ccd      0x222 Interface_files/menu.o

.debug_frame    0x00000000      0xe88
 *(.debug_frame)
 .debug_frame   0x00000000       0x34 Driver_files/EEPROM_driver.o
 .debug_frame   0x00000034       0xe4 Driver_files/message_handler.o
 .debug_frame   0x00000118       0x74 Driver_files/SPI_driver.o
 .debug_frame   0x0000018c      0x250 Game_files/highscore.o
 .debug_frame   0x000003dc       0x94 Game_files/pingpong.o
 .debug_frame   0x00000470       0x40 main.o
 .debug_frame   0x000004b0       0x34 Driver_files/adc_driver.o
 .debug_frame   0x000004e4       0x64 Driver_files/CAN_driver.o
 .debug_frame   0x00000548      0x114 Driver_files/joy_driver.o
 .debug_frame   0x0000065c       0xfc Driver_files/MCP_driver.o
 .debug_frame   0x00000758      0x2c4 Driver_files/oled_driver.o
 .debug_frame   0x00000a1c       0xc0 Driver_files/sram_driver.o
 .debug_frame   0x00000adc       0x44 Driver_files/uart_driver.o
 .debug_frame   0x00000b20       0x24 Game_files/draw.o
 .debug_frame   0x00000b44      0x1d4 Game_files/pong.o
 .debug_frame   0x00000d18       0xc8 Game_files/snake.o
 .debug_frame   0x00000de0       0xa8 Interface_files/menu.o

.debug_str      0x00000000      0xbd2
 *(.debug_str)
 .debug_str     0x00000000      0x13b Driver_files/EEPROM_driver.o
                                0x174 (size before relaxing)
 .debug_str     0x0000013b      0x17a Driver_files/message_handler.o
                                0x2e5 (size before relaxing)
 .debug_str     0x000002b5       0x81 Driver_files/SPI_driver.o
                                0x189 (size before relaxing)
 .debug_str     0x00000336      0x19c Game_files/highscore.o
                                0x384 (size before relaxing)
 .debug_str     0x000004d2       0x67 Game_files/pingpong.o
                                0x2c3 (size before relaxing)
 .debug_str     0x00000539       0x41 main.o
                                0x188 (size before relaxing)
 .debug_str     0x0000057a       0x45 Driver_files/adc_driver.o
                                0x1ab (size before relaxing)
 .debug_str     0x000005bf       0x5a Driver_files/CAN_driver.o
                                0x1c9 (size before relaxing)
 .debug_str     0x00000619       0x90 Driver_files/joy_driver.o
                                0x2f3 (size before relaxing)
 .debug_str     0x000006a9       0x56 Driver_files/MCP_driver.o
                                0x229 (size before relaxing)
 .debug_str     0x000006ff      0x159 Driver_files/oled_driver.o
                                0x316 (size before relaxing)
 .debug_str     0x00000858       0x7b Driver_files/sram_driver.o
                                0x1d6 (size before relaxing)
 .debug_str     0x000008d3       0x5f Driver_files/uart_driver.o
                                0x197 (size before relaxing)
 .debug_str     0x00000932       0x1f Game_files/draw.o
                                0x21e (size before relaxing)
 .debug_str     0x00000951      0x13f Game_files/pong.o
                                0x364 (size before relaxing)
 .debug_str     0x00000a90       0x79 Game_files/snake.o
                                0x2a2 (size before relaxing)
 .debug_str     0x00000b09       0xc9 Interface_files/menu.o
                                0x322 (size before relaxing)

.debug_loc      0x00000000     0x3cc9
 *(.debug_loc)
 .debug_loc     0x00000000       0x24 Driver_files/EEPROM_driver.o
 .debug_loc     0x00000024      0x1da Driver_files/message_handler.o
 .debug_loc     0x000001fe       0x40 Driver_files/SPI_driver.o
 .debug_loc     0x0000023e      0x8fd Game_files/highscore.o
 .debug_loc     0x00000b3b      0x137 Game_files/pingpong.o
 .debug_loc     0x00000c72       0x3c main.o
 .debug_loc     0x00000cae       0x26 Driver_files/adc_driver.o
 .debug_loc     0x00000cd4      0x135 Driver_files/CAN_driver.o
 .debug_loc     0x00000e09      0x4cd Driver_files/joy_driver.o
 .debug_loc     0x000012d6      0x32b Driver_files/MCP_driver.o
 .debug_loc     0x00001601      0xf86 Driver_files/oled_driver.o
 .debug_loc     0x00002587      0x243 Driver_files/sram_driver.o
 .debug_loc     0x000027ca       0x5d Driver_files/uart_driver.o
 .debug_loc     0x00002827       0x49 Game_files/draw.o
 .debug_loc     0x00002870      0x85a Game_files/pong.o
 .debug_loc     0x000030ca      0x7ec Game_files/snake.o
 .debug_loc     0x000038b6      0x413 Interface_files/menu.o

.debug_macinfo
 *(.debug_macinfo)

.debug_weaknames
 *(.debug_weaknames)

.debug_funcnames
 *(.debug_funcnames)

.debug_typenames
 *(.debug_typenames)

.debug_varnames
 *(.debug_varnames)

.debug_pubtypes
 *(.debug_pubtypes)

.debug_ranges   0x00000000      0x4e8
 *(.debug_ranges)
 .debug_ranges  0x00000000       0x18 Driver_files/EEPROM_driver.o
 .debug_ranges  0x00000018       0x30 Driver_files/message_handler.o
 .debug_ranges  0x00000048       0x38 Driver_files/SPI_driver.o
 .debug_ranges  0x00000080       0x78 Game_files/highscore.o
 .debug_ranges  0x000000f8       0x30 Game_files/pingpong.o
 .debug_ranges  0x00000128       0x18 main.o
 .debug_ranges  0x00000140       0x18 Driver_files/adc_driver.o
 .debug_ranges  0x00000158       0x20 Driver_files/CAN_driver.o
 .debug_ranges  0x00000178       0x48 Driver_files/joy_driver.o
 .debug_ranges  0x000001c0       0x58 Driver_files/MCP_driver.o
 .debug_ranges  0x00000218      0x130 Driver_files/oled_driver.o
 .debug_ranges  0x00000348       0x50 Driver_files/sram_driver.o
 .debug_ranges  0x00000398       0x20 Driver_files/uart_driver.o
 .debug_ranges  0x000003b8       0x10 Game_files/draw.o
 .debug_ranges  0x000003c8       0x58 Game_files/pong.o
 .debug_ranges  0x00000420       0x70 Game_files/snake.o
 .debug_ranges  0x00000490       0x58 Interface_files/menu.o

.debug_macro
 *(.debug_macro)
OUTPUT(ByggernBellLund_6_2.elf elf32-avr)
LOAD linker stubs
