Archive member included because of file (symbol)

c:/program files (x86)/atmel/atmel toolchain/avr8 gcc/native/3.4.1061/avr8-gnu-toolchain/bin/../lib/gcc/avr/4.8.1/../../../../avr/lib/avr5\libm.a(addsf3.o)
                              Driver_files/joy_driver.o (__subsf3)
c:/program files (x86)/atmel/atmel toolchain/avr8 gcc/native/3.4.1061/avr8-gnu-toolchain/bin/../lib/gcc/avr/4.8.1/../../../../avr/lib/avr5\libm.a(addsf3x.o)
                              c:/program files (x86)/atmel/atmel toolchain/avr8 gcc/native/3.4.1061/avr8-gnu-toolchain/bin/../lib/gcc/avr/4.8.1/../../../../avr/lib/avr5\libm.a(addsf3.o) (__addsf3x)
c:/program files (x86)/atmel/atmel toolchain/avr8 gcc/native/3.4.1061/avr8-gnu-toolchain/bin/../lib/gcc/avr/4.8.1/../../../../avr/lib/avr5\libm.a(cmpsf2.o)
                              Driver_files/joy_driver.o (__ltsf2)
c:/program files (x86)/atmel/atmel toolchain/avr8 gcc/native/3.4.1061/avr8-gnu-toolchain/bin/../lib/gcc/avr/4.8.1/../../../../avr/lib/avr5\libm.a(divsf3.o)
                              Driver_files/joy_driver.o (__divsf3)
c:/program files (x86)/atmel/atmel toolchain/avr8 gcc/native/3.4.1061/avr8-gnu-toolchain/bin/../lib/gcc/avr/4.8.1/../../../../avr/lib/avr5\libm.a(divsf3x.o)
                              c:/program files (x86)/atmel/atmel toolchain/avr8 gcc/native/3.4.1061/avr8-gnu-toolchain/bin/../lib/gcc/avr/4.8.1/../../../../avr/lib/avr5\libm.a(divsf3.o) (__divsf3x)
c:/program files (x86)/atmel/atmel toolchain/avr8 gcc/native/3.4.1061/avr8-gnu-toolchain/bin/../lib/gcc/avr/4.8.1/../../../../avr/lib/avr5\libm.a(fixsfsi.o)
                              Driver_files/joy_driver.o (__fixsfsi)
c:/program files (x86)/atmel/atmel toolchain/avr8 gcc/native/3.4.1061/avr8-gnu-toolchain/bin/../lib/gcc/avr/4.8.1/../../../../avr/lib/avr5\libm.a(fixunssfsi.o)
                              c:/program files (x86)/atmel/atmel toolchain/avr8 gcc/native/3.4.1061/avr8-gnu-toolchain/bin/../lib/gcc/avr/4.8.1/../../../../avr/lib/avr5\libm.a(fixsfsi.o) (__fixunssfsi)
c:/program files (x86)/atmel/atmel toolchain/avr8 gcc/native/3.4.1061/avr8-gnu-toolchain/bin/../lib/gcc/avr/4.8.1/../../../../avr/lib/avr5\libm.a(floatsisf.o)
                              Driver_files/joy_driver.o (__floatsisf)
c:/program files (x86)/atmel/atmel toolchain/avr8 gcc/native/3.4.1061/avr8-gnu-toolchain/bin/../lib/gcc/avr/4.8.1/../../../../avr/lib/avr5\libm.a(fp_cmp.o)
                              c:/program files (x86)/atmel/atmel toolchain/avr8 gcc/native/3.4.1061/avr8-gnu-toolchain/bin/../lib/gcc/avr/4.8.1/../../../../avr/lib/avr5\libm.a(cmpsf2.o) (__fp_cmp)
c:/program files (x86)/atmel/atmel toolchain/avr8 gcc/native/3.4.1061/avr8-gnu-toolchain/bin/../lib/gcc/avr/4.8.1/../../../../avr/lib/avr5\libm.a(fp_inf.o)
                              c:/program files (x86)/atmel/atmel toolchain/avr8 gcc/native/3.4.1061/avr8-gnu-toolchain/bin/../lib/gcc/avr/4.8.1/../../../../avr/lib/avr5\libm.a(addsf3x.o) (__fp_inf)
c:/program files (x86)/atmel/atmel toolchain/avr8 gcc/native/3.4.1061/avr8-gnu-toolchain/bin/../lib/gcc/avr/4.8.1/../../../../avr/lib/avr5\libm.a(fp_nan.o)
                              c:/program files (x86)/atmel/atmel toolchain/avr8 gcc/native/3.4.1061/avr8-gnu-toolchain/bin/../lib/gcc/avr/4.8.1/../../../../avr/lib/avr5\libm.a(addsf3x.o) (__fp_nan)
c:/program files (x86)/atmel/atmel toolchain/avr8 gcc/native/3.4.1061/avr8-gnu-toolchain/bin/../lib/gcc/avr/4.8.1/../../../../avr/lib/avr5\libm.a(fp_pscA.o)
                              c:/program files (x86)/atmel/atmel toolchain/avr8 gcc/native/3.4.1061/avr8-gnu-toolchain/bin/../lib/gcc/avr/4.8.1/../../../../avr/lib/avr5\libm.a(addsf3x.o) (__fp_pscA)
c:/program files (x86)/atmel/atmel toolchain/avr8 gcc/native/3.4.1061/avr8-gnu-toolchain/bin/../lib/gcc/avr/4.8.1/../../../../avr/lib/avr5\libm.a(fp_pscB.o)
                              c:/program files (x86)/atmel/atmel toolchain/avr8 gcc/native/3.4.1061/avr8-gnu-toolchain/bin/../lib/gcc/avr/4.8.1/../../../../avr/lib/avr5\libm.a(addsf3x.o) (__fp_pscB)
c:/program files (x86)/atmel/atmel toolchain/avr8 gcc/native/3.4.1061/avr8-gnu-toolchain/bin/../lib/gcc/avr/4.8.1/../../../../avr/lib/avr5\libm.a(fp_round.o)
                              c:/program files (x86)/atmel/atmel toolchain/avr8 gcc/native/3.4.1061/avr8-gnu-toolchain/bin/../lib/gcc/avr/4.8.1/../../../../avr/lib/avr5\libm.a(addsf3.o) (__fp_round)
c:/program files (x86)/atmel/atmel toolchain/avr8 gcc/native/3.4.1061/avr8-gnu-toolchain/bin/../lib/gcc/avr/4.8.1/../../../../avr/lib/avr5\libm.a(fp_split3.o)
                              c:/program files (x86)/atmel/atmel toolchain/avr8 gcc/native/3.4.1061/avr8-gnu-toolchain/bin/../lib/gcc/avr/4.8.1/../../../../avr/lib/avr5\libm.a(addsf3x.o) (__fp_split3)
c:/program files (x86)/atmel/atmel toolchain/avr8 gcc/native/3.4.1061/avr8-gnu-toolchain/bin/../lib/gcc/avr/4.8.1/../../../../avr/lib/avr5\libm.a(fp_zero.o)
[...]
Memory Configuration

Name             Origin             Length             Attributes
text             0x00000000         0x00020000         xr
data             0x00800060         0x0000ffa0         rw !x
eeprom           0x00810000         0x00010000         rw !x
fuse             0x00820000         0x00000400         rw !x
lock             0x00830000         0x00000400         rw !x
signature        0x00840000         0x00000400         rw !x
user_signatures  0x00850000         0x00000400         rw !x
*default*        0x00000000         0xffffffff

Linker script and memory map

Address of section .data set to 0x800100
LOAD c:/program files (x86)/atmel/atmel toolchain/avr8 gcc/native/3.4.1061/avr8-gnu-toolchain/bin/../lib/gcc/avr/4.8.1/../../../../avr/lib/avr5/crtm162.o
LOAD Driver_files/EEPROM_driver.o
LOAD Driver_files/message_handler.o
LOAD Driver_files/SPI_driver.o
LOAD Game_files/highscore.o
LOAD Game_files/pingpong.o
LOAD main.o
LOAD Driver_files/adc_driver.o
LOAD Driver_files/CAN_driver.o
LOAD Driver_files/joy_driver.o
LOAD Driver_files/MCP_driver.o
LOAD Driver_files/oled_driver.o
LOAD Driver_files/sram_driver.o
LOAD Driver_files/uart_driver.o
LOAD Game_files/draw.o
LOAD Game_files/pong.o
LOAD Game_files/snake.o
LOAD Interface_files/menu.o
START GROUP
LOAD c:/program files (x86)/atmel/atmel toolchain/avr8 gcc/native/3.4.1061/avr8-gnu-toolchain/bin/../lib/gcc/avr/4.8.1/../../../../avr/lib/avr5\libm.a
END GROUP
START GROUP
LOAD c:/program files (x86)/atmel/atmel toolchain/avr8 gcc/native/3.4.1061/avr8-gnu-toolchain/bin/../lib/gcc/avr/4.8.1/avr5\libgcc.a
LOAD c:/program files (x86)/atmel/atmel toolchain/avr8 gcc/native/3.4.1061/avr8-gnu-toolchain/bin/../lib/gcc/avr/4.8.1/../../../../avr/lib/avr5\libm.a
LOAD c:/program files (x86)/atmel/atmel toolchain/avr8 gcc/native/3.4.1061/avr8-gnu-toolchain/bin/../lib/gcc/avr/4.8.1/../../../../avr/lib/avr5\libc.a
END GROUP

.hash
 *(.hash)

.dynsym
 *(.dynsym)

.dynstr
 *(.dynstr)

.gnu.version
 *(.gnu.version)

.gnu.version_d
 *(.gnu.version_d)

.gnu.version_r
 *(.gnu.version_r)

.rel.init
 *(.rel.init)

.rela.init
 *(.rela.init)

.rel.text
 *(.rel.text)
 *(.rel.text.*)
 *(.rel.gnu.linkonce.t*)

.rela.text
 *(.rela.text)
 *(.rela.text.*)
 *(.rela.gnu.linkonce.t*)

.rel.fini
 *(.rel.fini)

.rela.fini
 *(.rela.fini)

.rel.rodata
 *(.rel.rodata)
 *(.rel.rodata.*)
 *(.rel.gnu.linkonce.r*)

.rela.rodata
 *(.rela.rodata)
 *(.rela.rodata.*)
 *(.rela.gnu.linkonce.r*)

.rel.data
 *(.rel.data)
 *(.rel.data.*)
 *(.rel.gnu.linkonce.d*)

.rela.data
 *(.rela.data)
 *(.rela.data.*)
 *(.rela.gnu.linkonce.d*)

.rel.ctors
 *(.rel.ctors)

.rela.ctors
 *(.rela.ctors)

.rel.dtors
 *(.rel.dtors)

.rela.dtors
 *(.rela.dtors)

.rel.got
 *(.rel.got)

.rela.got
 *(.rela.got)

.rel.bss
 *(.rel.bss)

.rela.bss
 *(.rela.bss)

.rel.plt
 *(.rel.plt)

.rela.plt
 *(.rela.plt)

.text           0x00000000     0x31d8
 *(.vectors)
 .vectors       0x00000000       0x70 c:/program files (x86)/atmel/atmel toolchain/avr8 gcc/native/3.4.1061/avr8-gnu-toolchain/bin/../lib/gcc/avr/4.8.1/../../../../avr/lib/avr5/crtm162.o
                0x00000000                __vector_default
                0x00000000                __vectors
 *(.vectors)
 *(.progmem.gcc*)
                0x00000070                . = ALIGN (0x2)
                0x00000070                __trampolines_start = .
 *(.trampolines)
 .trampolines   0x00000070        0x0 linker stubs
 *(.trampolines*)
                0x00000070                __trampolines_end = .
 *(.progmem*)
 .progmem.data.font
                0x00000070      0x2f8 Driver_files/oled_driver.o
                0x00000070                font
                0x00000368                . = ALIGN (0x2)
 *(.jumptables)
 *(.jumptables*)
 *(.lowtext)
 *(.lowtext*)
                0x00000368                __ctors_start = .
 *(.ctors)
                0x00000368                __ctors_end = .
                0x00000368                __dtors_start = .
 *(.dtors)
                0x00000368                __dtors_end = .
 SORT(*)(.ctors)
 SORT(*)(.dtors)
 *(.init0)
 .init0         0x00000368        0x0 c:/program files (x86)/atmel/atmel toolchain/avr8 gcc/native/3.4.1061/avr8-gnu-toolchain/bin/../lib/gcc/avr/4.8.1/../../../../avr/lib/avr5/crtm162.o
                0x00000368                __init
 *(.init0)
 *(.init1)
 *(.init1)
 *(.init2)
 .init2         0x00000368        0xc c:/program files (x86)/atmel/atmel toolchain/avr8 gcc/native/3.4.1061/avr8-gnu-toolchain/bin/../lib/gcc/avr/4.8.1/../../../../avr/lib/avr5/crtm162.o
 *(.init2)
 *(.init3)
 *(.init3)
 *(.init4)
 .init4         0x00000374       0x16 c:/program files (x86)/atmel/atmel toolchain/avr8 gcc/native/3.4.1061/avr8-gnu-toolchain/bin/../lib/gcc/avr/4.8.1/avr5\libgcc.a(_copy_data.o)
                0x00000374                __do_copy_data
 .init4         0x0000038a       0x10 c:/program files (x86)/atmel/atmel toolchain/avr8 gcc/native/3.4.1061/avr8-gnu-toolchain/bin/../lib/gcc/avr/4.8.1/avr5\libgcc.a(_clear_bss.o)
                0x0000038a                __do_clear_bss
 *(.init4)
 *(.init5)
 *(.init5)
 *(.init6)
 *(.init6)
 *(.init7)
 *(.init7)
 *(.init8)
 *(.init8)
 *(.init9)
 .init9         0x0000039a        0x8 c:/program files (x86)/atmel/atmel toolchain/avr8 gcc/native/3.4.1061/avr8-gnu-toolchain/bin/../lib/gcc/avr/4.8.1/../../../../avr/lib/avr5/crtm162.o
 *(.init9)
 *(.text)
 .text          0x000003a2        0x4 c:/program files (x86)/atmel/atmel toolchain/avr8 gcc/native/3.4.1061/avr8-gnu-toolchain/bin/../lib/gcc/avr/4.8.1/../../../../avr/lib/avr5/crtm162.o
                0x000003a2                __vector_22
                0x000003a2                __vector_1
                0x000003a2                __vector_24
                0x000003a2                __vector_12
                0x000003a2                __bad_interrupt
                0x000003a2                __vector_6
                0x000003a2                __vector_3
                0x000003a2                __vector_23
                0x000003a2                __vector_25
                0x000003a2                __vector_11
                0x000003a2                __vector_13
                0x000003a2                __vector_17
                0x000003a2                __vector_19
                0x000003a2                __vector_7
                0x000003a2                __vector_27
                0x000003a2                __vector_5
                0x000003a2                __vector_4
                0x000003a2                __vector_9
                0x000003a2                __vector_21
                0x000003a2                __vector_15
                0x000003a2                __vector_8
                0x000003a2                __vector_26
                0x000003a2                __vector_10
                0x000003a2                __vector_16
                0x000003a2                __vector_18
                0x000003a2                __vector_20
                0x000003a6                . = ALIGN (0x2)
 *(.text.*)
 .text.EEPROM_read
                0x000003a6        0xe Driver_files/EEPROM_driver.o
                0x000003a6                EEPROM_read
 .text.EEPROM_write
                0x000003b4       0x14 Driver_files/EEPROM_driver.o
                0x000003b4                EEPROM_write
 .text.init_handler
                0x000003c8       0x18 Driver_files/message_handler.o
                0x000003c8                init_handler
 .text.send_controlls
                0x000003e0       0x4c Driver_files/message_handler.o
                0x000003e0                send_controlls
 .text.handle_message
                0x0000042c       0x4c Driver_files/message_handler.o
                0x0000042c                handle_message
 .text.__vector_2
                0x00000478       0x48 Driver_files/message_handler.o
                0x00000478                __vector_2
 .text.SPI_init
                0x000004c0        0xa Driver_files/SPI_driver.o
                0x000004c0                SPI_init
 .text.SPI_transmit
                0x000004ca        0xa Driver_files/SPI_driver.o
                0x000004ca                SPI_transmit
 .text.SPI_send
                0x000004d4        0x6 Driver_files/SPI_driver.o
                0x000004d4                SPI_send
 .text.SPI_receive
                0x000004da        0x8 Driver_files/SPI_driver.o
                0x000004da                SPI_receive
 .text.SPI_ss_high
                0x000004e2        0x4 Driver_files/SPI_driver.o
                0x000004e2                SPI_ss_high
 .text.SPI_ss_low
                0x000004e6        0x4 Driver_files/SPI_driver.o
                0x000004e6                SPI_ss_low
 .text.highscore_save
                0x000004ea       0x92 Game_files/highscore.o
                0x000004ea                highscore_save
 .text.highscore_get
                0x0000057c       0xdc Game_files/highscore.o
                0x0000057c                highscore_get
 .text.highscore_leaderboard
                0x00000658       0x54 Game_files/highscore.o
                0x00000658                highscore_leaderboard
 .text.highscore_add
                0x000006ac       0xf8 Game_files/highscore.o
                0x000006ac                highscore_add
 .text.highscore_clear
                0x000007a4       0x4a Game_files/highscore.o
                0x000007a4                highscore_clear
 .text.highscore_clear_all
                0x000007ee       0x14 Game_files/highscore.o
                0x000007ee                highscore_clear_all
 .text.highscore_print
                0x00000802      0x100 Game_files/highscore.o
                0x00000802                highscore_print
 .text.highscore_print_pingpong
                0x00000902        0x8 Game_files/highscore.o
                0x00000902                highscore_print_pingpong
 .text.highscore_print_snake
                0x0000090a        0x8 Game_files/highscore.o
                0x0000090a                highscore_print_snake
 .text.highscore_print_pong
                0x00000912        0x8 Game_files/highscore.o
                0x00000912                highscore_print_pong
 .text.highscore_prompt
                0x0000091a      0x1b0 Game_files/highscore.o
                0x0000091a                highscore_prompt
 .text.play_pingpong
                0x00000aca      0x104 Game_files/pingpong.o
                0x00000aca                play_pingpong
 .text.state_set
                0x00000bce        0x6 Game_files/pingpong.o
                0x00000bce                state_set
 .text.score_set
                0x00000bd4        0x6 Game_files/pingpong.o
                0x00000bd4                score_set
 .text.bus_init
                0x00000bda        0xe main.o
                0x00000bda                bus_init
 .text.main     0x00000be8       0x2e main.o
                0x00000be8                main
 .text.get_adc  0x00000c16       0x28 Driver_files/adc_driver.o
                0x00000c16                get_adc
 .text.CAN_init
                0x00000c3e       0x32 Driver_files/CAN_driver.o
                0x00000c3e                CAN_init
 .text.CAN_transmit
                0x00000c70       0x66 Driver_files/CAN_driver.o
                0x00000c70                CAN_transmit
 .text.CAN_receive
                0x00000cd6       0x76 Driver_files/CAN_driver.o
                0x00000cd6                CAN_receive
 .text.get_slider_position
                0x00000d4c       0x4e Driver_files/joy_driver.o
                0x00000d4c                get_slider_position
 .text.get_joystick_direction
                0x00000d9a       0xac Driver_files/joy_driver.o
                0x00000d9a                get_joystick_direction
 .text.get_joystick_position
                0x00000e46       0xc0 Driver_files/joy_driver.o
                0x00000e46                get_joystick_position
 .text.calibration_visual_countdown
                0x00000f06       0x70 Driver_files/joy_driver.o
                0x00000f06                calibration_visual_countdown
 .text.calibrate_joystick
                0x00000f76      0x120 Driver_files/joy_driver.o
                0x00000f76                calibrate_joystick
 .text.MCP_reset
                0x00001096       0x10 Driver_files/MCP_driver.o
                0x00001096                MCP_reset
 .text.MCP_read
                0x000010a6       0x24 Driver_files/MCP_driver.o
                0x000010a6                MCP_read
 .text.MCP_init
                0x000010ca       0x38 Driver_files/MCP_driver.o
                0x000010ca                MCP_init
 .text.MCP_write
                0x00001102       0x28 Driver_files/MCP_driver.o
                0x00001102                MCP_write
 .text.MCP_rts  0x0000112a       0x42 Driver_files/MCP_driver.o
                0x0000112a                MCP_rts
 .text.MCP_bit_modify
                0x0000116c       0x34 Driver_files/MCP_driver.o
                0x0000116c                MCP_bit_modify
 .text.oled_init
                0x000011a0       0x5c Driver_files/oled_driver.o
                0x000011a0                oled_init
 .text.oled_sram_flush
                0x000011fc       0x70 Driver_files/oled_driver.o
                0x000011fc                oled_sram_flush
 .text.__vector_14
                0x0000126c       0x50 Driver_files/oled_driver.o
                0x0000126c                __vector_14
 .text.oled_sram_write_string
                0x000012bc       0x9c Driver_files/oled_driver.o
                0x000012bc                oled_sram_write_string
 .text.oled_sram_write_char
                0x00001358       0x68 Driver_files/oled_driver.o
                0x00001358                oled_sram_write_char
 .text.oled_sram_clear_line
                0x000013c0       0x3c Driver_files/oled_driver.o
                0x000013c0                oled_sram_clear_line
 .text.oled_sram_clear_screen
                0x000013fc       0x28 Driver_files/oled_driver.o
                0x000013fc                oled_sram_clear_screen
 .text.oled_sram_write_bit
                0x00001424       0x78 Driver_files/oled_driver.o
                0x00001424                oled_sram_write_bit
 .text.getSRAM  0x0000149c        0x8 Driver_files/sram_driver.o
                0x0000149c                getSRAM
 .text.setSRAM  0x000014a4        0xa Driver_files/sram_driver.o
                0x000014a4                setSRAM
 .text.uartSend
                0x000014ae        0xc Driver_files/uart_driver.o
                0x000014ae                uartSend
 .text.uartInit
                0x000014ba       0x38 Driver_files/uart_driver.o
                0x000014ba                uartInit
 .text.play_draw
                0x000014f2       0x5e Game_files/draw.o
                0x000014f2                play_draw
 .text.racketHit
                0x00001550       0x74 Game_files/pong.o
                0x00001550                racketHit
 .text.updateBallAngle
                0x000015c4       0xb2 Game_files/pong.o
                0x000015c4                updateBallAngle
 .text.ballInit
                0x00001676       0x3e Game_files/pong.o
                0x00001676                ballInit
 .text.updateBallPosition
                0x000016b4       0xea Game_files/pong.o
                0x000016b4                updateBallPosition
 .text.updateSliderPosition
                0x0000179e       0x3a Game_files/pong.o
                0x0000179e                updateSliderPosition
 .text.updateScreen
                0x000017d8       0xf0 Game_files/pong.o
                0x000017d8                updateScreen
 .text.playRound
                0x000018c8       0xe6 Game_files/pong.o
                0x000018c8                playRound
 .text.printScore
                0x000019ae       0x82 Game_files/pong.o
                0x000019ae                printScore
 .text.printEndScreen
                0x00001a30       0x68 Game_files/pong.o
                0x00001a30                printEndScreen
 .text.playPong
                0x00001a98       0x5a Game_files/pong.o
                0x00001a98                playPong
 .text.detectCollision
                0x00001af2       0x38 Game_files/snake.o
                0x00001af2                detectCollision
 .text.placeFood
                0x00001b2a       0x5a Game_files/snake.o
                0x00001b2a                placeFood
 .text.drawBoard
                0x00001b84       0xee Game_files/snake.o
                0x00001b84                drawBoard
 .text.playSnake
                0x00001c72      0x1f6 Game_files/snake.o
                0x00001c72                playSnake
 .text.make_screen
                0x00001e68      0x250 Interface_files/menu.o
                0x00001e68                make_screen
 .text.menuSystem
                0x000020b8      0x220 Interface_files/menu.o
                0x000020b8                menuSystem
 .text.avr-libc.fplib
                0x000022d8        0xa c:/program files (x86)/atmel/atmel toolchain/avr8 gcc/native/3.4.1061/avr8-gnu-toolchain/bin/../lib/gcc/avr/4.8.1/../../../../avr/lib/avr5\libm.a(addsf3.o)
                0x000022d8                __subsf3
                0x000022da                __addsf3
 .text.avr-libc.fplib
                0x000022e2       0xc0 c:/program files (x86)/atmel/atmel toolchain/avr8 gcc/native/3.4.1061/avr8-gnu-toolchain/bin/../lib/gcc/avr/4.8.1/../../../../avr/lib/avr5\libm.a(addsf3x.o)
                0x000022fc                __addsf3x
 .text.avr-libc.fplib
                0x000023a2        0x8 c:/program files (x86)/atmel/atmel toolchain/avr8 gcc/native/3.4.1061/avr8-gnu-toolchain/bin/../lib/gcc/avr/4.8.1/../../../../avr/lib/avr5\libm.a(cmpsf2.o)
                0x000023a2                __nesf2
                0x000023a2                __eqsf2
                0x000023a2                __cmpsf2
                0x000023a2                __ltsf2
                0x000023a2                __lesf2
 .text.avr-libc.fplib
                0x000023aa        0x4 c:/program files (x86)/atmel/atmel toolchain/avr8 gcc/native/3.4.1061/avr8-gnu-toolchain/bin/../lib/gcc/avr/4.8.1/../../../../avr/lib/avr5\libm.a(divsf3.o)
                0x000023aa                __divsf3
 .text.avr-libc.fplib
                0x000023ae       0xcc c:/program files (x86)/atmel/atmel toolchain/avr8 gcc/native/3.4.1061/avr8-gnu-toolchain/bin/../lib/gcc/avr/4.8.1/../../../../avr/lib/avr5\libm.a(divsf3x.o)
                0x000023c4                __divsf3x
                0x000023c8                __divsf3_pse
 .text.avr-libc.fplib
                0x0000247a        0xa c:/program files (x86)/atmel/atmel toolchain/avr8 gcc/native/3.4.1061/avr8-gnu-toolchain/bin/../lib/gcc/avr/4.8.1/../../../../avr/lib/avr5\libm.a(fixsfsi.o)
                0x0000247a                __fixsfsi
 .text.avr-libc.fplib
                0x00002484       0x58 c:/program files (x86)/atmel/atmel toolchain/avr8 gcc/native/3.4.1061/avr8-gnu-toolchain/bin/../lib/gcc/avr/4.8.1/../../../../avr/lib/avr5\libm.a(fixunssfsi.o)
                0x00002484                __fixunssfsi
 .text.avr-libc.fplib
                0x000024dc       0x7a c:/program files (x86)/atmel/atmel toolchain/avr8 gcc/native/3.4.1061/avr8-gnu-toolchain/bin/../lib/gcc/avr/4.8.1/../../../../avr/lib/avr5\libm.a(floatsisf.o)
                0x000024dc                __floatunsisf
                0x000024e0                __floatsisf
 .text.avr-libc.fplib
                0x00002556       0x48 c:/program files (x86)/atmel/atmel toolchain/avr8 gcc/native/3.4.1061/avr8-gnu-toolchain/bin/../lib/gcc/avr/4.8.1/../../../../avr/lib/avr5\libm.a(fp_cmp.o)
                0x00002556                __fp_cmp
 .text.avr-libc.fplib
                0x0000259e        0xc c:/program files (x86)/atmel/atmel toolchain/avr8 gcc/native/3.4.1061/avr8-gnu-toolchain/bin/../lib/gcc/avr/4.8.1/../../../../avr/lib/avr5\libm.a(fp_inf.o)
                0x0000259e                __fp_inf
 .text.avr-libc.fplib
                0x000025aa        0x6 c:/program files (x86)/atmel/atmel toolchain/avr8 gcc/native/3.4.1061/avr8-gnu-toolchain/bin/../lib/gcc/avr/4.8.1/../../../../avr/lib/avr5\libm.a(fp_nan.o)
                0x000025aa                __fp_nan
 .text.avr-libc.fplib
                0x000025b0        0xe c:/program files (x86)/atmel/atmel toolchain/avr8 gcc/native/3.4.1061/avr8-gnu-toolchain/bin/../lib/gcc/avr/4.8.1/../../../../avr/lib/avr5\libm.a(fp_pscA.o)
                0x000025b0                __fp_pscA
 .text.avr-libc.fplib
                0x000025be        0xe c:/program files (x86)/atmel/atmel toolchain/avr8 gcc/native/3.4.1061/avr8-gnu-toolchain/bin/../lib/gcc/avr/4.8.1/../../../../avr/lib/avr5\libm.a(fp_pscB.o)
                0x000025be                __fp_pscB
 .text.avr-libc.fplib
                0x000025cc       0x22 c:/program files (x86)/atmel/atmel toolchain/avr8 gcc/native/3.4.1061/avr8-gnu-toolchain/bin/../lib/gcc/avr/4.8.1/../../../../avr/lib/avr5\libm.a(fp_round.o)
                0x000025cc                __fp_round
 .text.avr-libc.fplib
                0x000025ee       0x44 c:/program files (x86)/atmel/atmel toolchain/avr8 gcc/native/3.4.1061/avr8-gnu-toolchain/bin/../lib/gcc/avr/4.8.1/../../../../avr/lib/avr5\libm.a(fp_split3.o)
                0x000025ee                __fp_split3
                0x000025fe                __fp_splitA
 .text.avr-libc.fplib
                0x00002632        0xe c:/program files (x86)/atmel/atmel toolchain/avr8 gcc/native/3.4.1061/avr8-gnu-toolchain/bin/../lib/gcc/avr/4.8.1/../../../../avr/lib/avr5\libm.a(fp_zero.o)
                0x00002632                __fp_zero
                0x00002634                __fp_szero
 .text.avr-libc.fplib
                0x00002640        0x8 c:/program files (x86)/atmel/atmel toolchain/avr8 gcc/native/3.4.1061/avr8-gnu-toolchain/bin/../lib/gcc/avr/4.8.1/../../../../avr/lib/avr5\libm.a(gesf2.o)
                0x00002640                __gesf2
                0x00002640                __gtsf2
 .text.avr-libc.fplib
                0x00002648        0x4 c:/program files (x86)/atmel/atmel toolchain/avr8 gcc/native/3.4.1061/avr8-gnu-toolchain/bin/../lib/gcc/avr/4.8.1/../../../../avr/lib/avr5\libm.a(mulsf3.o)
                0x00002648                __mulsf3
 .text.avr-libc.fplib
                0x0000264c       0xc2 c:/program files (x86)/atmel/atmel toolchain/avr8 gcc/native/3.4.1061/avr8-gnu-toolchain/bin/../lib/gcc/avr/4.8.1/../../../../avr/lib/avr5\libm.a(mulsf3x.o)
                0x00002660                __mulsf3x
                0x00002664                __mulsf3_pse
 .text.libgcc.div
                0x0000270e       0x28 c:/program files (x86)/atmel/atmel toolchain/avr8 gcc/native/3.4.1061/avr8-gnu-toolchain/bin/../lib/gcc/avr/4.8.1/avr5\libgcc.a(_divmodhi4.o)
                0x0000270e                _div
                0x0000270e                __divmodhi4
 .text.libgcc.div
                0x00002736       0x2e c:/program files (x86)/atmel/atmel toolchain/avr8 gcc/native/3.4.1061/avr8-gnu-toolchain/bin/../lib/gcc/avr/4.8.1/avr5\libgcc.a(_divmodsi4.o)
                0x00002736                __divmodsi4
 .text.libgcc.div
                0x00002764       0x10 c:/program files (x86)/atmel/atmel toolchain/avr8 gcc/native/3.4.1061/avr8-gnu-toolchain/bin/../lib/gcc/avr/4.8.1/avr5\libgcc.a(_negsi2.o)
                0x00002764                __negsi2
 .text.libgcc.div
                0x00002774       0x28 c:/program files (x86)/atmel/atmel toolchain/avr8 gcc/native/3.4.1061/avr8-gnu-toolchain/bin/../lib/gcc/avr/4.8.1/avr5\libgcc.a(_udivmodhi4.o)
                0x00002774                __udivmodhi4
 .text.libgcc.div
                0x0000279c       0x44 c:/program files (x86)/atmel/atmel toolchain/avr8 gcc/native/3.4.1061/avr8-gnu-toolchain/bin/../lib/gcc/avr/4.8.1/avr5\libgcc.a(_udivmodsi4.o)
                0x0000279c                __udivmodsi4
 .text.avr-libc
                0x000027e0      0x24e c:/program files (x86)/atmel/atmel toolchain/avr8 gcc/native/3.4.1061/avr8-gnu-toolchain/bin/../lib/gcc/avr/4.8.1/../../../../avr/lib/avr5\libc.a(malloc.o)
                0x000027e0                malloc
                0x00002910                free
 .text.avr-libc
                0x00002a2e       0xbc c:/program files (x86)/atmel/atmel toolchain/avr8 gcc/native/3.4.1061/avr8-gnu-toolchain/bin/../lib/gcc/avr/4.8.1/../../../../avr/lib/avr5\libc.a(rand.o)
                0x00002ac4                rand_r
                0x00002aca                rand
                0x00002ad4                srand
 .text.avr-libc
                0x00002aea       0x96 c:/program files (x86)/atmel/atmel toolchain/avr8 gcc/native/3.4.1061/avr8-gnu-toolchain/bin/../lib/gcc/avr/4.8.1/../../../../avr/lib/avr5\libc.a(fdevopen.o)
                0x00002aea                fdevopen
 .text.avr-libc
                0x00002b80       0x28 c:/program files (x86)/atmel/atmel toolchain/avr8 gcc/native/3.4.1061/avr8-gnu-toolchain/bin/../lib/gcc/avr/4.8.1/../../../../avr/lib/avr5\libc.a(printf.o)
                0x00002b80                printf
 .text.avr-libc
                0x00002ba8       0x44 c:/program files (x86)/atmel/atmel toolchain/avr8 gcc/native/3.4.1061/avr8-gnu-toolchain/bin/../lib/gcc/avr/4.8.1/../../../../avr/lib/avr5\libc.a(sprintf.o)
                0x00002ba8                sprintf
 .text.avr-libc
                0x00002bec      0x3a4 c:/program files (x86)/atmel/atmel toolchain/avr8 gcc/native/3.4.1061/avr8-gnu-toolchain/bin/../lib/gcc/avr/4.8.1/../../../../avr/lib/avr5\libc.a(vfprintf_std.o)
                0x00002bec                vfprintf
 .text.avr-libc
                0x00002f90       0x38 c:/program files (x86)/atmel/atmel toolchain/avr8 gcc/native/3.4.1061/avr8-gnu-toolchain/bin/../lib/gcc/avr/4.8.1/../../../../avr/lib/avr5\libc.a(calloc.o)
                0x00002f90                calloc
 .text.avr-libc
                0x00002fc8       0x16 c:/program files (x86)/atmel/atmel toolchain/avr8 gcc/native/3.4.1061/avr8-gnu-toolchain/bin/../lib/gcc/avr/4.8.1/../../../../avr/lib/avr5\libc.a(strnlen_P.o)
                0x00002fc8                strnlen_P
 .text.avr-libc
                0x00002fde        0xe c:/program files (x86)/atmel/atmel toolchain/avr8 gcc/native/3.4.1061/avr8-gnu-toolchain/bin/../lib/gcc/avr/4.8.1/../../../../avr/lib/avr5\libc.a(memset.o)
                0x00002fde                memset
 .text.avr-libc
                0x00002fec       0x16 c:/program files (x86)/atmel/atmel toolchain/avr8 gcc/native/3.4.1061/avr8-gnu-toolchain/bin/../lib/gcc/avr/4.8.1/../../../../avr/lib/avr5\libc.a(strnlen.o)
                0x00002fec                strnlen
 .text.avr-libc
                0x00003002       0x64 c:/program files (x86)/atmel/atmel toolchain/avr8 gcc/native/3.4.1061/avr8-gnu-toolchain/bin/../lib/gcc/avr/4.8.1/../../../../avr/lib/avr5\libc.a(fputc.o)
                0x00003002                fputc
 .text.avr-libc
                0x00003066       0xbc c:/program files (x86)/atmel/atmel toolchain/avr8 gcc/native/3.4.1061/avr8-gnu-toolchain/bin/../lib/gcc/avr/4.8.1/../../../../avr/lib/avr5\libc.a(ultoa_invert.o)
                0x00003066                __ultoa_invert
 .text.libgcc.mul
                0x00003122       0x16 c:/program files (x86)/atmel/atmel toolchain/avr8 gcc/native/3.4.1061/avr8-gnu-toolchain/bin/../lib/gcc/avr/4.8.1/avr5\libgcc.a(_muluhisi3.o)
                0x00003122                __muluhisi3
 .text.libgcc.mul
                0x00003138       0x10 c:/program files (x86)/atmel/atmel toolchain/avr8 gcc/native/3.4.1061/avr8-gnu-toolchain/bin/../lib/gcc/avr/4.8.1/avr5\libgcc.a(_mulshisi3.o)
                0x00003138                __mulshisi3
                0x0000313e                __mulohisi3
 .text.libgcc.prologue
                0x00003148       0x38 c:/program files (x86)/atmel/atmel toolchain/avr8 gcc/native/3.4.1061/avr8-gnu-toolchain/bin/../lib/gcc/avr/4.8.1/avr5\libgcc.a(_prologue.o)
                0x00003148                __prologue_saves__
 .text.libgcc.prologue
                0x00003180       0x36 c:/program files (x86)/atmel/atmel toolchain/avr8 gcc/native/3.4.1061/avr8-gnu-toolchain/bin/../lib/gcc/avr/4.8.1/avr5\libgcc.a(_epilogue.o)
                0x00003180                __epilogue_restores__
 .text.libgcc.mul
                0x000031b6       0x1e c:/program files (x86)/atmel/atmel toolchain/avr8 gcc/native/3.4.1061/avr8-gnu-toolchain/bin/../lib/gcc/avr/4.8.1/avr5\libgcc.a(_umulhisi3.o)
                0x000031b6                __umulhisi3
                0x000031d4                . = ALIGN (0x2)
 *(.fini9)
 .fini9         0x000031d4        0x0 c:/program files (x86)/atmel/atmel toolchain/avr8 gcc/native/3.4.1061/avr8-gnu-toolchain/bin/../lib/gcc/avr/4.8.1/avr5\libgcc.a(_exit.o)
                0x000031d4                _exit
                0x000031d4                exit
 *(.fini9)
 *(.fini8)
 *(.fini8)
 *(.fini7)
 *(.fini7)
 *(.fini6)
 *(.fini6)
 *(.fini5)
 *(.fini5)
 *(.fini4)
 *(.fini4)
 *(.fini3)
 *(.fini3)
 *(.fini2)
 *(.fini2)
 *(.fini1)
 *(.fini1)
 *(.fini0)
 .fini0         0x000031d4        0x4 c:/program files (x86)/atmel/atmel toolchain/avr8 gcc/native/3.4.1061/avr8-gnu-toolchain/bin/../lib/gcc/avr/4.8.1/avr5\libgcc.a(_exit.o)
 *(.fini0)
                0x000031d8                _etext = .

.data           0x00800100      0x14a load address 0x000031d8
                0x00800100                PROVIDE (__data_start, .)
 *(.data)
 .data          0x00800100        0x6 c:/program files (x86)/atmel/atmel toolchain/avr8 gcc/native/3.4.1061/avr8-gnu-toolchain/bin/../lib/gcc/avr/4.8.1/../../../../avr/lib/avr5\libc.a(malloc.o)
                0x00800100                __malloc_heap_end
                0x00800102                __malloc_heap_start
                0x00800104                __malloc_margin
 .data          0x00800106        0x4 c:/program files (x86)/atmel/atmel toolchain/avr8 gcc/native/3.4.1061/avr8-gnu-toolchain/bin/../lib/gcc/avr/4.8.1/../../../../avr/lib/avr5\libc.a(rand.o)
 *(.data*)
 .data.yMean    0x0080010a        0x4 Driver_files/joy_driver.o
                0x0080010a                yMean
 .data.xMean    0x0080010e        0x4 Driver_files/joy_driver.o
                0x0080010e                xMean
 *(.rodata)
 *(.rodata*)
 .rodata.str1.1
                0x00800112       0x31 Game_files/highscore.o
 .rodata.str1.1
                0x00800143       0x27 Game_files/pingpong.o
 .rodata.str1.1
                0x0080016a        0x7 main.o
 .rodata.str1.1
                0x00800171       0x26 Driver_files/joy_driver.o
 .rodata.str1.1
                0x00800197       0x34 Driver_files/MCP_driver.o
 .rodata.str1.1
                0x008001cb       0x23 Game_files/pong.o
 .rodata.str1.1
                0x008001ee       0x5c Interface_files/menu.o
                                 0x63 (size before relaxing)
 *(.gnu.linkonce.d*)
                0x0080024a                . = ALIGN (0x2)
                0x0080024a                _edata = .
                0x0080024a                PROVIDE (__data_end, .)

.bss            0x0080024a        0xc
                0x0080024a                PROVIDE (__bss_start, .)
 *(.bss)
 *(.bss*)
 *(COMMON)
 COMMON         0x0080024a        0x2 Game_files/pingpong.o
                0x0080024a                current_state
                0x0080024b                current_score
 COMMON         0x0080024c        0x4 c:/program files (x86)/atmel/atmel toolchain/avr8 gcc/native/3.4.1061/avr8-gnu-toolchain/bin/../lib/gcc/avr/4.8.1/../../../../avr/lib/avr5\libc.a(malloc.o)
                0x0080024c                __brkval
                0x0080024e                __flp
 COMMON         0x00800250        0x6 c:/program files (x86)/atmel/atmel toolchain/avr8 gcc/native/3.4.1061/avr8-gnu-toolchain/bin/../lib/gcc/avr/4.8.1/../../../../avr/lib/avr5\libc.a(iob.o)
                0x00800250                __iob
                0x00800256                PROVIDE (__bss_end, .)
                0x000031d8                __data_load_start = LOADADDR (.data)
                0x00003322                __data_load_end = (__data_load_start + SIZEOF (.data))

.noinit         0x00800256        0x0
                0x00800256                PROVIDE (__noinit_start, .)
 *(.noinit*)
                0x00800256                PROVIDE (__noinit_end, .)
                0x00800256                _end = .
                0x00800256                PROVIDE (__heap_start, .)

.eeprom         0x00810000        0x0
 *(.eeprom*)
                0x00810000                __eeprom_end = .

.fuse
 *(.fuse)
 *(.lfuse)
 *(.hfuse)
 *(.efuse)

.lock
 *(.lock*)

.signature
 *(.signature*)

.user_signatures
 *(.user_signatures*)

.stab
 *(.stab)

.stabstr
 *(.stabstr)

.stab.excl
 *(.stab.excl)

.stab.exclstr
 *(.stab.exclstr)

.stab.index
 *(.stab.index)

.stab.indexstr
 *(.stab.indexstr)

.comment        0x00000000       0x5c
 *(.comment)
 .comment       0x00000000       0x30 Driver_files/EEPROM_driver.o
                                 0x31 (size before relaxing)
 .comment       0x00000000       0x31 Driver_files/message_handler.o
 .comment       0x00000000       0x31 Driver_files/SPI_driver.o
 .comment       0x00000000       0x31 Game_files/highscore.o
 .comment       0x00000000       0x31 Game_files/pingpong.o
 .comment       0x00000000       0x31 main.o
 .comment       0x00000000       0x31 Driver_files/adc_driver.o
 .comment       0x00000000       0x31 Driver_files/CAN_driver.o
 .comment       0x00000000       0x31 Driver_files/joy_driver.o
 .comment       0x00000000       0x31 Driver_files/MCP_driver.o
 .comment       0x00000000       0x31 Driver_files/oled_driver.o
 .comment       0x00000000       0x31 Driver_files/sram_driver.o
 .comment       0x00000000       0x31 Driver_files/uart_driver.o
 .comment       0x00000000       0x31 Game_files/draw.o
 .comment       0x00000000       0x31 Game_files/pong.o
 .comment       0x00000000       0x31 Game_files/snake.o
 .comment       0x00000000       0x31 Interface_files/menu.o
 .comment       0x00000000       0x31 c:/program files (x86)/atmel/atmel toolchain/avr8 gcc/native/3.4.1061/avr8-gnu-toolchain/bin/../lib/gcc/avr/4.8.1/../../../../avr/lib/avr5\libc.a(malloc.o)
 .comment       0x00000000       0x31 c:/program files (x86)/atmel/atmel toolchain/avr8 gcc/native/3.4.1061/avr8-gnu-toolchain/bin/../lib/gcc/avr/4.8.1/../../../../avr/lib/avr5\libc.a(rand.o)
 .comment       0x00000000       0x31 c:/program files (x86)/atmel/atmel toolchain/avr8 gcc/native/3.4.1061/avr8-gnu-toolchain/bin/../lib/gcc/avr/4.8.1/../../../../avr/lib/avr5\libc.a(fdevopen.o)
 .comment       0x00000000       0x31 c:/program files (x86)/atmel/atmel toolchain/avr8 gcc/native/3.4.1061/avr8-gnu-toolchain/bin/../lib/gcc/avr/4.8.1/../../../../avr/lib/avr5\libc.a(iob.o)
 .comment       0x00000000       0x31 c:/program files (x86)/atmel/atmel toolchain/avr8 gcc/native/3.4.1061/avr8-gnu-toolchain/bin/../lib/gcc/avr/4.8.1/../../../../avr/lib/avr5\libc.a(printf.o)
 .comment       0x00000000       0x31 c:/program files (x86)/atmel/atmel toolchain/avr8 gcc/native/3.4.1061/avr8-gnu-toolchain/bin/../lib/gcc/avr/4.8.1/../../../../avr/lib/avr5\libc.a(sprintf.o)
 .comment       0x00000030       0x2c c:/program files (x86)/atmel/atmel toolchain/avr8 gcc/native/3.4.1061/avr8-gnu-toolchain/bin/../lib/gcc/avr/4.8.1/../../../../avr/lib/avr5\libc.a(vfprintf_std.o)
                                 0x2d (size before relaxing)
 .comment       0x00000000       0x31 c:/program files (x86)/atmel/atmel toolchain/avr8 gcc/native/3.4.1061/avr8-gnu-toolchain/bin/../lib/gcc/avr/4.8.1/../../../../avr/lib/avr5\libc.a(calloc.o)
 .comment       0x00000000       0x31 c:/program files (x86)/atmel/atmel toolchain/avr8 gcc/native/3.4.1061/avr8-gnu-toolchain/bin/../lib/gcc/avr/4.8.1/../../../../avr/lib/avr5\libc.a(fputc.o)

.note.gnu.build-id
 *(.note.gnu.build-id)

.debug
 *(.debug)

.line
 *(.line)

.debug_srcinfo
 *(.debug_srcinfo)

.debug_sfnames
 *(.debug_sfnames)

.debug_aranges  0x00000000      0x468
 *(.debug_aranges)
 .debug_aranges
                0x00000000       0x28 Driver_files/EEPROM_driver.o
 .debug_aranges
                0x00000028       0x38 Driver_files/message_handler.o
 .debug_aranges
                0x00000060       0x48 Driver_files/SPI_driver.o
 .debug_aranges
                0x000000a8       0x70 Game_files/highscore.o
 .debug_aranges
                0x00000118       0x30 Game_files/pingpong.o
 .debug_aranges
                0x00000148       0x28 main.o
 .debug_aranges
                0x00000170       0x28 Driver_files/adc_driver.o
 .debug_aranges
                0x00000198       0x30 Driver_files/CAN_driver.o
 .debug_aranges
                0x000001c8       0x40 Driver_files/joy_driver.o
 .debug_aranges
                0x00000208       0x68 Driver_files/MCP_driver.o
 .debug_aranges
                0x00000270       0xb0 Driver_files/oled_driver.o
 .debug_aranges
                0x00000320       0x30 Driver_files/sram_driver.o
 .debug_aranges
                0x00000350       0x30 Driver_files/uart_driver.o
 .debug_aranges
                0x00000380       0x20 Game_files/draw.o
 .debug_aranges
                0x000003a0       0x68 Game_files/pong.o
 .debug_aranges
                0x00000408       0x38 Game_files/snake.o
 .debug_aranges
                0x00000440       0x28 Interface_files/menu.o

.debug_pubnames
 *(.debug_pubnames)

.debug_info     0x00000000     0x501f
 *(.debug_info .gnu.linkonce.wi.*)
 .debug_info    0x00000000       0xdc Driver_files/EEPROM_driver.o
 .debug_info    0x000000dc      0x33b Driver_files/message_handler.o
 .debug_info    0x00000417      0x141 Driver_files/SPI_driver.o
 .debug_info    0x00000558      0x982 Game_files/highscore.o
 .debug_info    0x00000eda      0x420 Game_files/pingpong.o
 .debug_info    0x000012fa      0x179 main.o
 .debug_info    0x00001473      0x14f Driver_files/adc_driver.o
 .debug_info    0x000015c2      0x35a Driver_files/CAN_driver.o
 .debug_info    0x0000191c      0x5a8 Driver_files/joy_driver.o
 .debug_info    0x00001ec4      0x67f Driver_files/MCP_driver.o
 .debug_info    0x00002543      0xe06 Driver_files/oled_driver.o
 .debug_info    0x00003349      0x21a Driver_files/sram_driver.o
 .debug_info    0x00003563      0x1f3 Driver_files/uart_driver.o
 .debug_info    0x00003756      0x273 Game_files/draw.o
 .debug_info    0x000039c9      0x9d4 Game_files/pong.o
 .debug_info    0x0000439d      0x67c Game_files/snake.o
 .debug_info    0x00004a19      0x606 Interface_files/menu.o

.debug_abbrev   0x00000000     0x1d10
 *(.debug_abbrev)
 .debug_abbrev  0x00000000       0x8b Driver_files/EEPROM_driver.o
 .debug_abbrev  0x0000008b      0x1a1 Driver_files/message_handler.o
 .debug_abbrev  0x0000022c       0xd4 Driver_files/SPI_driver.o
 .debug_abbrev  0x00000300      0x271 Game_files/highscore.o
 .debug_abbrev  0x00000571      0x20e Game_files/pingpong.o
 .debug_abbrev  0x0000077f      0x10a main.o
 .debug_abbrev  0x00000889      0x108 Driver_files/adc_driver.o
 .debug_abbrev  0x00000991      0x19f Driver_files/CAN_driver.o
 .debug_abbrev  0x00000b30      0x272 Driver_files/joy_driver.o
 .debug_abbrev  0x00000da2      0x1d6 Driver_files/MCP_driver.o
 .debug_abbrev  0x00000f78      0x266 Driver_files/oled_driver.o
 .debug_abbrev  0x000011de      0x132 Driver_files/sram_driver.o
 .debug_abbrev  0x00001310      0x131 Driver_files/uart_driver.o
 .debug_abbrev  0x00001441      0x19a Game_files/draw.o
 .debug_abbrev  0x000015db      0x26b Game_files/pong.o
 .debug_abbrev  0x00001846      0x299 Game_files/snake.o
 .debug_abbrev  0x00001adf      0x231 Interface_files/menu.o

.debug_line     0x00000000     0x1e53
 *(.debug_line .debug_line.* .debug_line_end)
 .debug_line    0x00000000       0xe0 Driver_files/EEPROM_driver.o
 .debug_line    0x000000e0      0x154 Driver_files/message_handler.o
 .debug_line    0x00000234      0x114 Driver_files/SPI_driver.o
 .debug_line    0x00000348      0x303 Game_files/highscore.o
 .debug_line    0x0000064b      0x1ed Game_files/pingpong.o
 .debug_line    0x00000838      0x15a main.o
 .debug_line    0x00000992      0x14d Driver_files/adc_driver.o
 .debug_line    0x00000adf      0x123 Driver_files/CAN_driver.o
 .debug_line    0x00000c02      0x1f9 Driver_files/joy_driver.o
 .debug_line    0x00000dfb      0x1e1 Driver_files/MCP_driver.o
 .debug_line    0x00000fdc      0x300 Driver_files/oled_driver.o
 .debug_line    0x000012dc      0x111 Driver_files/sram_driver.o
 .debug_line    0x000013ed       0xf9 Driver_files/uart_driver.o
 .debug_line    0x000014e6      0x17a Game_files/draw.o
 .debug_line    0x00001660      0x2b1 Game_files/pong.o
 .debug_line    0x00001911      0x321 Game_files/snake.o
 .debug_line    0x00001c32      0x221 Interface_files/menu.o

.debug_frame    0x00000000      0xe40
 *(.debug_frame)
 .debug_frame   0x00000000       0x34 Driver_files/EEPROM_driver.o
 .debug_frame   0x00000034       0xbc Driver_files/message_handler.o
 .debug_frame   0x000000f0       0x74 Driver_files/SPI_driver.o
 .debug_frame   0x00000164      0x250 Game_files/highscore.o
 .debug_frame   0x000003b4       0x74 Game_files/pingpong.o
 .debug_frame   0x00000428       0x40 main.o
 .debug_frame   0x00000468       0x34 Driver_files/adc_driver.o
 .debug_frame   0x0000049c       0x64 Driver_files/CAN_driver.o
 .debug_frame   0x00000500      0x114 Driver_files/joy_driver.o
 .debug_frame   0x00000614       0xfc Driver_files/MCP_driver.o
 .debug_frame   0x00000710      0x2c4 Driver_files/oled_driver.o
 .debug_frame   0x000009d4       0xc0 Driver_files/sram_driver.o
 .debug_frame   0x00000a94       0x44 Driver_files/uart_driver.o
 .debug_frame   0x00000ad8       0x24 Game_files/draw.o
 .debug_frame   0x00000afc      0x1d4 Game_files/pong.o
 .debug_frame   0x00000cd0       0xc8 Game_files/snake.o
 .debug_frame   0x00000d98       0xa8 Interface_files/menu.o

.debug_str      0x00000000      0xb93
 *(.debug_str)
 .debug_str     0x00000000      0x13b Driver_files/EEPROM_driver.o
                                0x174 (size before relaxing)
 .debug_str     0x0000013b      0x134 Driver_files/message_handler.o
                                0x283 (size before relaxing)
 .debug_str     0x0000026f       0x81 Driver_files/SPI_driver.o
                                0x189 (size before relaxing)
 .debug_str     0x000002f0      0x1c7 Game_files/highscore.o
                                0x384 (size before relaxing)
 .debug_str     0x000004b7       0x43 Game_files/pingpong.o
                                0x289 (size before relaxing)
 .debug_str     0x000004fa       0x41 main.o
                                0x188 (size before relaxing)
 .debug_str     0x0000053b       0x45 Driver_files/adc_driver.o
                                0x1ab (size before relaxing)
 .debug_str     0x00000580       0x5a Driver_files/CAN_driver.o
                                0x1c9 (size before relaxing)
 .debug_str     0x000005da       0x90 Driver_files/joy_driver.o
                                0x2f3 (size before relaxing)
 .debug_str     0x0000066a       0x56 Driver_files/MCP_driver.o
                                0x229 (size before relaxing)
 .debug_str     0x000006c0      0x159 Driver_files/oled_driver.o
                                0x316 (size before relaxing)
 .debug_str     0x00000819       0x7b Driver_files/sram_driver.o
                                0x1d6 (size before relaxing)
 .debug_str     0x00000894       0x5f Driver_files/uart_driver.o
                                0x197 (size before relaxing)
 .debug_str     0x000008f3       0x1f Game_files/draw.o
                                0x21e (size before relaxing)
 .debug_str     0x00000912      0x13f Game_files/pong.o
                                0x364 (size before relaxing)
 .debug_str     0x00000a51       0x79 Game_files/snake.o
                                0x2a2 (size before relaxing)
 .debug_str     0x00000aca       0xc9 Interface_files/menu.o
                                0x322 (size before relaxing)

.debug_loc      0x00000000     0x399f
 *(.debug_loc)
 .debug_loc     0x00000000       0x24 Driver_files/EEPROM_driver.o
 .debug_loc     0x00000024      0x159 Driver_files/message_handler.o
 .debug_loc     0x0000017d       0x40 Driver_files/SPI_driver.o
 .debug_loc     0x000001bd      0x8fd Game_files/highscore.o
 .debug_loc     0x00000aba       0xdd Game_files/pingpong.o
 .debug_loc     0x00000b97       0x3c main.o
 .debug_loc     0x00000bd3       0x26 Driver_files/adc_driver.o
 .debug_loc     0x00000bf9      0x135 Driver_files/CAN_driver.o
 .debug_loc     0x00000d2e      0x4cd Driver_files/joy_driver.o
 .debug_loc     0x000011fb      0x32b Driver_files/MCP_driver.o
 .debug_loc     0x00001526      0xf86 Driver_files/oled_driver.o
 .debug_loc     0x000024ac      0x243 Driver_files/sram_driver.o
 .debug_loc     0x000026ef       0x5d Driver_files/uart_driver.o
 .debug_loc     0x0000274c       0x49 Game_files/draw.o
 .debug_loc     0x00002795      0x85a Game_files/pong.o
 .debug_loc     0x00002fef      0x59d Game_files/snake.o
 .debug_loc     0x0000358c      0x413 Interface_files/menu.o

.debug_macinfo
 *(.debug_macinfo)

.debug_weaknames
 *(.debug_weaknames)

.debug_funcnames
 *(.debug_funcnames)

.debug_typenames
 *(.debug_typenames)

.debug_varnames
 *(.debug_varnames)

.debug_pubtypes
 *(.debug_pubtypes)

.debug_ranges   0x00000000      0x4b8
 *(.debug_ranges)
 .debug_ranges  0x00000000       0x18 Driver_files/EEPROM_driver.o
 .debug_ranges  0x00000018       0x28 Driver_files/message_handler.o
 .debug_ranges  0x00000040       0x38 Driver_files/SPI_driver.o
 .debug_ranges  0x00000078       0x78 Game_files/highscore.o
 .debug_ranges  0x000000f0       0x20 Game_files/pingpong.o
 .debug_ranges  0x00000110       0x18 main.o
 .debug_ranges  0x00000128       0x18 Driver_files/adc_driver.o
 .debug_ranges  0x00000140       0x20 Driver_files/CAN_driver.o
 .debug_ranges  0x00000160       0x48 Driver_files/joy_driver.o
 .debug_ranges  0x000001a8       0x58 Driver_files/MCP_driver.o
 .debug_ranges  0x00000200      0x130 Driver_files/oled_driver.o
 .debug_ranges  0x00000330       0x50 Driver_files/sram_driver.o
 .debug_ranges  0x00000380       0x20 Driver_files/uart_driver.o
 .debug_ranges  0x000003a0       0x10 Game_files/draw.o
 .debug_ranges  0x000003b0       0x58 Game_files/pong.o
 .debug_ranges  0x00000408       0x58 Game_files/snake.o
 .debug_ranges  0x00000460       0x58 Interface_files/menu.o

.debug_macro
 *(.debug_macro)
OUTPUT(ByggernBellLund_6_2.elf elf32-avr)
LOAD linker stubs
