Archive member included because of file (symbol)

c:/program files (x86)/atmel/atmel toolchain/avr8 gcc/native/3.4.1061/avr8-gnu-toolchain/bin/../lib/gcc/avr/4.8.1/../../../../avr/lib/avr5\libm.a(addsf3.o)
                              Driver_files/joy_driver.o (__subsf3)
c:/program files (x86)/atmel/atmel toolchain/avr8 gcc/native/3.4.1061/avr8-gnu-toolchain/bin/../lib/gcc/avr/4.8.1/../../../../avr/lib/avr5\libm.a(addsf3x.o)
                              c:/program files (x86)/atmel/atmel toolchain/avr8 gcc/native/3.4.1061/avr8-gnu-toolchain/bin/../lib/gcc/avr/4.8.1/../../../../avr/lib/avr5\libm.a(addsf3.o) (__addsf3x)
c:/program files (x86)/atmel/atmel toolchain/avr8 gcc/native/3.4.1061/avr8-gnu-toolchain/bin/../lib/gcc/avr/4.8.1/../../../../avr/lib/avr5\libm.a(cmpsf2.o)
                              Driver_files/joy_driver.o (__ltsf2)
c:/program files (x86)/atmel/atmel toolchain/avr8 gcc/native/3.4.1061/avr8-gnu-toolchain/bin/../lib/gcc/avr/4.8.1/../../../../avr/lib/avr5\libm.a(divsf3.o)
                              Driver_files/joy_driver.o (__divsf3)
c:/program files (x86)/atmel/atmel toolchain/avr8 gcc/native/3.4.1061/avr8-gnu-toolchain/bin/../lib/gcc/avr/4.8.1/../../../../avr/lib/avr5\libm.a(divsf3x.o)
                              c:/program files (x86)/atmel/atmel toolchain/avr8 gcc/native/3.4.1061/avr8-gnu-toolchain/bin/../lib/gcc/avr/4.8.1/../../../../avr/lib/avr5\libm.a(divsf3.o) (__divsf3x)
c:/program files (x86)/atmel/atmel toolchain/avr8 gcc/native/3.4.1061/avr8-gnu-toolchain/bin/../lib/gcc/avr/4.8.1/../../../../avr/lib/avr5\libm.a(fixsfsi.o)
                              Driver_files/joy_driver.o (__fixsfsi)
c:/program files (x86)/atmel/atmel toolchain/avr8 gcc/native/3.4.1061/avr8-gnu-toolchain/bin/../lib/gcc/avr/4.8.1/../../../../avr/lib/avr5\libm.a(fixunssfsi.o)
                              c:/program files (x86)/atmel/atmel toolchain/avr8 gcc/native/3.4.1061/avr8-gnu-toolchain/bin/../lib/gcc/avr/4.8.1/../../../../avr/lib/avr5\libm.a(fixsfsi.o) (__fixunssfsi)
c:/program files (x86)/atmel/atmel toolchain/avr8 gcc/native/3.4.1061/avr8-gnu-toolchain/bin/../lib/gcc/avr/4.8.1/../../../../avr/lib/avr5\libm.a(floatsisf.o)
                              Driver_files/joy_driver.o (__floatsisf)
c:/program files (x86)/atmel/atmel toolchain/avr8 gcc/native/3.4.1061/avr8-gnu-toolchain/bin/../lib/gcc/avr/4.8.1/../../../../avr/lib/avr5\libm.a(fp_cmp.o)
                              c:/program files (x86)/atmel/atmel toolchain/avr8 gcc/native/3.4.1061/avr8-gnu-toolchain/bin/../lib/gcc/avr/4.8.1/../../../../avr/lib/avr5\libm.a(cmpsf2.o) (__fp_cmp)
c:/program files (x86)/atmel/atmel toolchain/avr8 gcc/native/3.4.1061/avr8-gnu-toolchain/bin/../lib/gcc/avr/4.8.1/../../../../avr/lib/avr5\libm.a(fp_inf.o)
                              c:/program files (x86)/atmel/atmel toolchain/avr8 gcc/native/3.4.1061/avr8-gnu-toolchain/bin/../lib/gcc/avr/4.8.1/../../../../avr/lib/avr5\libm.a(addsf3x.o) (__fp_inf)
c:/program files (x86)/atmel/atmel toolchain/avr8 gcc/native/3.4.1061/avr8-gnu-toolchain/bin/../lib/gcc/avr/4.8.1/../../../../avr/lib/avr5\libm.a(fp_nan.o)
                              c:/program files (x86)/atmel/atmel toolchain/avr8 gcc/native/3.4.1061/avr8-gnu-toolchain/bin/../lib/gcc/avr/4.8.1/../../../../avr/lib/avr5\libm.a(addsf3x.o) (__fp_nan)
c:/program files (x86)/atmel/atmel toolchain/avr8 gcc/native/3.4.1061/avr8-gnu-toolchain/bin/../lib/gcc/avr/4.8.1/../../../../avr/lib/avr5\libm.a(fp_pscA.o)
                              c:/program files (x86)/atmel/atmel toolchain/avr8 gcc/native/3.4.1061/avr8-gnu-toolchain/bin/../lib/gcc/avr/4.8.1/../../../../avr/lib/avr5\libm.a(addsf3x.o) (__fp_pscA)
c:/program files (x86)/atmel/atmel toolchain/avr8 gcc/native/3.4.1061/avr8-gnu-toolchain/bin/../lib/gcc/avr/4.8.1/../../../../avr/lib/avr5\libm.a(fp_pscB.o)
                              c:/program files (x86)/atmel/atmel toolchain/avr8 gcc/native/3.4.1061/avr8-gnu-toolchain/bin/../lib/gcc/avr/4.8.1/../../../../avr/lib/avr5\libm.a(addsf3x.o) (__fp_pscB)
c:/program files (x86)/atmel/atmel toolchain/avr8 gcc/native/3.4.1061/avr8-gnu-toolchain/bin/../lib/gcc/avr/4.8.1/../../../../avr/lib/avr5\libm.a(fp_round.o)
                              c:/program files (x86)/atmel/atmel toolchain/avr8 gcc/native/3.4.1061/avr8-gnu-toolchain/bin/../lib/gcc/avr/4.8.1/../../../../avr/lib/avr5\libm.a(addsf3.o) (__fp_round)
c:/program files (x86)/atmel/atmel toolchain/avr8 gcc/native/3.4.1061/avr8-gnu-toolchain/bin/../lib/gcc/avr/4.8.1/../../../../avr/lib/avr5\libm.a(fp_split3.o)
                              c:/program files (x86)/atmel/atmel toolchain/avr8 gcc/native/3.4.1061/avr8-gnu-toolchain/bin/../lib/gcc/avr/4.8.1/../../../../avr/lib/avr5\libm.a(addsf3x.o) (__fp_split3)
c:/program files (x86)/atmel/atmel toolchain/avr8 gcc/native/3.4.1061/avr8-gnu-toolchain/bin/../lib/gcc/avr/4.8.1/../../../../avr/lib/avr5\libm.a(fp_zero.o)
[...]
Memory Configuration

Name             Origin             Length             Attributes
text             0x00000000         0x00020000         xr
data             0x00800060         0x0000ffa0         rw !x
eeprom           0x00810000         0x00010000         rw !x
fuse             0x00820000         0x00000400         rw !x
lock             0x00830000         0x00000400         rw !x
signature        0x00840000         0x00000400         rw !x
user_signatures  0x00850000         0x00000400         rw !x
*default*        0x00000000         0xffffffff

Linker script and memory map

Address of section .data set to 0x800100
LOAD c:/program files (x86)/atmel/atmel toolchain/avr8 gcc/native/3.4.1061/avr8-gnu-toolchain/bin/../lib/gcc/avr/4.8.1/../../../../avr/lib/avr5/crtm162.o
LOAD Driver_files/EEPROM_driver.o
LOAD Driver_files/message_handler.o
LOAD Driver_files/SPI_driver.o
LOAD Game_files/highscore.o
LOAD Game_files/pingpong.o
LOAD main.o
LOAD Driver_files/adc_driver.o
LOAD Driver_files/CAN_driver.o
LOAD Driver_files/joy_driver.o
LOAD Driver_files/MCP_driver.o
LOAD Driver_files/oled_driver.o
LOAD Driver_files/sram_driver.o
LOAD Driver_files/uart_driver.o
LOAD Game_files/draw.o
LOAD Game_files/pong.o
LOAD Game_files/snake.o
LOAD Interface_files/menu.o
START GROUP
LOAD c:/program files (x86)/atmel/atmel toolchain/avr8 gcc/native/3.4.1061/avr8-gnu-toolchain/bin/../lib/gcc/avr/4.8.1/../../../../avr/lib/avr5\libm.a
END GROUP
START GROUP
LOAD c:/program files (x86)/atmel/atmel toolchain/avr8 gcc/native/3.4.1061/avr8-gnu-toolchain/bin/../lib/gcc/avr/4.8.1/avr5\libgcc.a
LOAD c:/program files (x86)/atmel/atmel toolchain/avr8 gcc/native/3.4.1061/avr8-gnu-toolchain/bin/../lib/gcc/avr/4.8.1/../../../../avr/lib/avr5\libm.a
LOAD c:/program files (x86)/atmel/atmel toolchain/avr8 gcc/native/3.4.1061/avr8-gnu-toolchain/bin/../lib/gcc/avr/4.8.1/../../../../avr/lib/avr5\libc.a
END GROUP

.hash
 *(.hash)

.dynsym
 *(.dynsym)

.dynstr
 *(.dynstr)

.gnu.version
 *(.gnu.version)

.gnu.version_d
 *(.gnu.version_d)

.gnu.version_r
 *(.gnu.version_r)

.rel.init
 *(.rel.init)

.rela.init
 *(.rela.init)

.rel.text
 *(.rel.text)
 *(.rel.text.*)
 *(.rel.gnu.linkonce.t*)

.rela.text
 *(.rela.text)
 *(.rela.text.*)
 *(.rela.gnu.linkonce.t*)

.rel.fini
 *(.rel.fini)

.rela.fini
 *(.rela.fini)

.rel.rodata
 *(.rel.rodata)
 *(.rel.rodata.*)
 *(.rel.gnu.linkonce.r*)

.rela.rodata
 *(.rela.rodata)
 *(.rela.rodata.*)
 *(.rela.gnu.linkonce.r*)

.rel.data
 *(.rel.data)
 *(.rel.data.*)
 *(.rel.gnu.linkonce.d*)

.rela.data
 *(.rela.data)
 *(.rela.data.*)
 *(.rela.gnu.linkonce.d*)

.rel.ctors
 *(.rel.ctors)

.rela.ctors
 *(.rela.ctors)

.rel.dtors
 *(.rel.dtors)

.rela.dtors
 *(.rela.dtors)

.rel.got
 *(.rel.got)

.rela.got
 *(.rela.got)

.rel.bss
 *(.rel.bss)

.rela.bss
 *(.rela.bss)

.rel.plt
 *(.rel.plt)

.rela.plt
 *(.rela.plt)

.text           0x00000000     0x2ce8
 *(.vectors)
 .vectors       0x00000000       0x70 c:/program files (x86)/atmel/atmel toolchain/avr8 gcc/native/3.4.1061/avr8-gnu-toolchain/bin/../lib/gcc/avr/4.8.1/../../../../avr/lib/avr5/crtm162.o
                0x00000000                __vector_default
                0x00000000                __vectors
 *(.vectors)
 *(.progmem.gcc*)
                0x00000070                . = ALIGN (0x2)
                0x00000070                __trampolines_start = .
 *(.trampolines)
 .trampolines   0x00000070        0x0 linker stubs
 *(.trampolines*)
                0x00000070                __trampolines_end = .
 *(.progmem*)
 .progmem.data.font
                0x00000070      0x2f8 Driver_files/oled_driver.o
                0x00000070                font
                0x00000368                . = ALIGN (0x2)
 *(.jumptables)
 *(.jumptables*)
 *(.lowtext)
 *(.lowtext*)
                0x00000368                __ctors_start = .
 *(.ctors)
                0x00000368                __ctors_end = .
                0x00000368                __dtors_start = .
 *(.dtors)
                0x00000368                __dtors_end = .
 SORT(*)(.ctors)
 SORT(*)(.dtors)
 *(.init0)
 .init0         0x00000368        0x0 c:/program files (x86)/atmel/atmel toolchain/avr8 gcc/native/3.4.1061/avr8-gnu-toolchain/bin/../lib/gcc/avr/4.8.1/../../../../avr/lib/avr5/crtm162.o
                0x00000368                __init
 *(.init0)
 *(.init1)
 *(.init1)
 *(.init2)
 .init2         0x00000368        0xc c:/program files (x86)/atmel/atmel toolchain/avr8 gcc/native/3.4.1061/avr8-gnu-toolchain/bin/../lib/gcc/avr/4.8.1/../../../../avr/lib/avr5/crtm162.o
 *(.init2)
 *(.init3)
 *(.init3)
 *(.init4)
 .init4         0x00000374       0x16 c:/program files (x86)/atmel/atmel toolchain/avr8 gcc/native/3.4.1061/avr8-gnu-toolchain/bin/../lib/gcc/avr/4.8.1/avr5\libgcc.a(_copy_data.o)
                0x00000374                __do_copy_data
 .init4         0x0000038a       0x10 c:/program files (x86)/atmel/atmel toolchain/avr8 gcc/native/3.4.1061/avr8-gnu-toolchain/bin/../lib/gcc/avr/4.8.1/avr5\libgcc.a(_clear_bss.o)
                0x0000038a                __do_clear_bss
 *(.init4)
 *(.init5)
 *(.init5)
 *(.init6)
 *(.init6)
 *(.init7)
 *(.init7)
 *(.init8)
 *(.init8)
 *(.init9)
 .init9         0x0000039a        0x8 c:/program files (x86)/atmel/atmel toolchain/avr8 gcc/native/3.4.1061/avr8-gnu-toolchain/bin/../lib/gcc/avr/4.8.1/../../../../avr/lib/avr5/crtm162.o
 *(.init9)
 *(.text)
 .text          0x000003a2        0x4 c:/program files (x86)/atmel/atmel toolchain/avr8 gcc/native/3.4.1061/avr8-gnu-toolchain/bin/../lib/gcc/avr/4.8.1/../../../../avr/lib/avr5/crtm162.o
                0x000003a2                __vector_22
                0x000003a2                __vector_1
                0x000003a2                __vector_24
                0x000003a2                __vector_12
                0x000003a2                __bad_interrupt
                0x000003a2                __vector_6
                0x000003a2                __vector_3
                0x000003a2                __vector_23
                0x000003a2                __vector_25
                0x000003a2                __vector_11
                0x000003a2                __vector_13
                0x000003a2                __vector_17
                0x000003a2                __vector_19
                0x000003a2                __vector_7
                0x000003a2                __vector_27
                0x000003a2                __vector_5
                0x000003a2                __vector_4
                0x000003a2                __vector_9
                0x000003a2                __vector_21
                0x000003a2                __vector_15
                0x000003a2                __vector_8
                0x000003a2                __vector_26
                0x000003a2                __vector_10
                0x000003a2                __vector_16
                0x000003a2                __vector_18
                0x000003a2                __vector_20
                0x000003a6                . = ALIGN (0x2)
 *(.text.*)
 .text.EEPROM_read
                0x000003a6        0xe Driver_files/EEPROM_driver.o
                0x000003a6                EEPROM_read
 .text.init_handler
                0x000003b4       0x18 Driver_files/message_handler.o
                0x000003b4                init_handler
 .text.send_controlls
                0x000003cc       0x4c Driver_files/message_handler.o
                0x000003cc                send_controlls
 .text.handle_message
                0x00000418       0x4c Driver_files/message_handler.o
                0x00000418                handle_message
 .text.__vector_2
                0x00000464       0x48 Driver_files/message_handler.o
                0x00000464                __vector_2
 .text.SPI_init
                0x000004ac        0xa Driver_files/SPI_driver.o
                0x000004ac                SPI_init
 .text.SPI_transmit
                0x000004b6        0xa Driver_files/SPI_driver.o
                0x000004b6                SPI_transmit
 .text.SPI_send
                0x000004c0        0x6 Driver_files/SPI_driver.o
                0x000004c0                SPI_send
 .text.SPI_receive
                0x000004c6        0x8 Driver_files/SPI_driver.o
                0x000004c6                SPI_receive
 .text.SPI_ss_high
                0x000004ce        0x4 Driver_files/SPI_driver.o
                0x000004ce                SPI_ss_high
 .text.SPI_ss_low
                0x000004d2        0x4 Driver_files/SPI_driver.o
                0x000004d2                SPI_ss_low
 .text.highscore_get
                0x000004d6       0xdc Game_files/highscore.o
                0x000004d6                highscore_get
 .text.highscore_leaderboard
                0x000005b2       0x54 Game_files/highscore.o
                0x000005b2                highscore_leaderboard
 .text.play_pingpong
                0x00000606      0x16a Game_files/pingpong.o
                0x00000606                play_pingpong
 .text.state_set
                0x00000770        0x6 Game_files/pingpong.o
                0x00000770                state_set
 .text.score_set
                0x00000776        0x6 Game_files/pingpong.o
                0x00000776                score_set
 .text.bus_init
                0x0000077c        0xe main.o
                0x0000077c                bus_init
 .text.main     0x0000078a       0x2e main.o
                0x0000078a                main
 .text.get_adc  0x000007b8       0x28 Driver_files/adc_driver.o
                0x000007b8                get_adc
 .text.CAN_init
                0x000007e0       0x32 Driver_files/CAN_driver.o
                0x000007e0                CAN_init
 .text.CAN_transmit
                0x00000812       0x66 Driver_files/CAN_driver.o
                0x00000812                CAN_transmit
 .text.CAN_receive
                0x00000878       0x76 Driver_files/CAN_driver.o
                0x00000878                CAN_receive
 .text.get_slider_position
                0x000008ee       0x4e Driver_files/joy_driver.o
                0x000008ee                get_slider_position
 .text.get_joystick_direction
                0x0000093c       0xac Driver_files/joy_driver.o
                0x0000093c                get_joystick_direction
 .text.get_joystick_position
                0x000009e8       0xc0 Driver_files/joy_driver.o
                0x000009e8                get_joystick_position
 .text.calibration_visual_countdown
                0x00000aa8       0x70 Driver_files/joy_driver.o
                0x00000aa8                calibration_visual_countdown
 .text.calibrate_joystick
                0x00000b18      0x120 Driver_files/joy_driver.o
                0x00000b18                calibrate_joystick
 .text.MCP_reset
                0x00000c38       0x10 Driver_files/MCP_driver.o
                0x00000c38                MCP_reset
 .text.MCP_read
                0x00000c48       0x24 Driver_files/MCP_driver.o
                0x00000c48                MCP_read
 .text.MCP_init
                0x00000c6c       0x38 Driver_files/MCP_driver.o
                0x00000c6c                MCP_init
 .text.MCP_write
                0x00000ca4       0x28 Driver_files/MCP_driver.o
                0x00000ca4                MCP_write
 .text.MCP_rts  0x00000ccc       0x42 Driver_files/MCP_driver.o
                0x00000ccc                MCP_rts
 .text.MCP_bit_modify
                0x00000d0e       0x34 Driver_files/MCP_driver.o
                0x00000d0e                MCP_bit_modify
 .text.oled_init
                0x00000d42       0x5c Driver_files/oled_driver.o
                0x00000d42                oled_init
 .text.oled_sram_flush
                0x00000d9e       0x70 Driver_files/oled_driver.o
                0x00000d9e                oled_sram_flush
 .text.__vector_14
                0x00000e0e       0x50 Driver_files/oled_driver.o
                0x00000e0e                __vector_14
 .text.oled_sram_write_string
                0x00000e5e       0x9c Driver_files/oled_driver.o
                0x00000e5e                oled_sram_write_string
 .text.oled_sram_write_char
                0x00000efa       0x68 Driver_files/oled_driver.o
                0x00000efa                oled_sram_write_char
 .text.oled_sram_clear_line
                0x00000f62       0x3c Driver_files/oled_driver.o
                0x00000f62                oled_sram_clear_line
 .text.oled_sram_clear_screen
                0x00000f9e       0x28 Driver_files/oled_driver.o
                0x00000f9e                oled_sram_clear_screen
 .text.oled_sram_write_bit
                0x00000fc6       0x78 Driver_files/oled_driver.o
                0x00000fc6                oled_sram_write_bit
 .text.getSRAM  0x0000103e        0x8 Driver_files/sram_driver.o
                0x0000103e                getSRAM
 .text.setSRAM  0x00001046        0xa Driver_files/sram_driver.o
                0x00001046                setSRAM
 .text.uartSend
                0x00001050        0xc Driver_files/uart_driver.o
                0x00001050                uartSend
 .text.uartInit
                0x0000105c       0x38 Driver_files/uart_driver.o
                0x0000105c                uartInit
 .text.play_draw
                0x00001094       0x5e Game_files/draw.o
                0x00001094                play_draw
 .text.racketHit
                0x000010f2       0x74 Game_files/pong.o
                0x000010f2                racketHit
 .text.updateBallAngle
                0x00001166       0xb2 Game_files/pong.o
                0x00001166                updateBallAngle
 .text.ballInit
                0x00001218       0x3e Game_files/pong.o
                0x00001218                ballInit
 .text.updateBallPosition
                0x00001256       0xea Game_files/pong.o
                0x00001256                updateBallPosition
 .text.updateSliderPosition
                0x00001340       0x3a Game_files/pong.o
                0x00001340                updateSliderPosition
 .text.updateScreen
                0x0000137a       0xf0 Game_files/pong.o
                0x0000137a                updateScreen
 .text.playRound
                0x0000146a       0xe6 Game_files/pong.o
                0x0000146a                playRound
 .text.printScore
                0x00001550       0x82 Game_files/pong.o
                0x00001550                printScore
 .text.printEndScreen
                0x000015d2       0x68 Game_files/pong.o
                0x000015d2                printEndScreen
 .text.playPong
                0x0000163a       0x5a Game_files/pong.o
                0x0000163a                playPong
 .text.detectCollision
                0x00001694       0x38 Game_files/snake.o
                0x00001694                detectCollision
 .text.placeFood
                0x000016cc       0x5a Game_files/snake.o
                0x000016cc                placeFood
 .text.drawBoard
                0x00001726       0xee Game_files/snake.o
                0x00001726                drawBoard
 .text.playSnake
                0x00001814      0x1ba Game_files/snake.o
                0x00001814                playSnake
 .text.make_screen
                0x000019ce      0x250 Interface_files/menu.o
                0x000019ce                make_screen
 .text.menuSystem
                0x00001c1e      0x1ca Interface_files/menu.o
                0x00001c1e                menuSystem
 .text.avr-libc.fplib
                0x00001de8        0xa c:/program files (x86)/atmel/atmel toolchain/avr8 gcc/native/3.4.1061/avr8-gnu-toolchain/bin/../lib/gcc/avr/4.8.1/../../../../avr/lib/avr5\libm.a(addsf3.o)
                0x00001de8                __subsf3
                0x00001dea                __addsf3
 .text.avr-libc.fplib
                0x00001df2       0xc0 c:/program files (x86)/atmel/atmel toolchain/avr8 gcc/native/3.4.1061/avr8-gnu-toolchain/bin/../lib/gcc/avr/4.8.1/../../../../avr/lib/avr5\libm.a(addsf3x.o)
                0x00001e0c                __addsf3x
 .text.avr-libc.fplib
                0x00001eb2        0x8 c:/program files (x86)/atmel/atmel toolchain/avr8 gcc/native/3.4.1061/avr8-gnu-toolchain/bin/../lib/gcc/avr/4.8.1/../../../../avr/lib/avr5\libm.a(cmpsf2.o)
                0x00001eb2                __nesf2
                0x00001eb2                __eqsf2
                0x00001eb2                __cmpsf2
                0x00001eb2                __ltsf2
                0x00001eb2                __lesf2
 .text.avr-libc.fplib
                0x00001eba        0x4 c:/program files (x86)/atmel/atmel toolchain/avr8 gcc/native/3.4.1061/avr8-gnu-toolchain/bin/../lib/gcc/avr/4.8.1/../../../../avr/lib/avr5\libm.a(divsf3.o)
                0x00001eba                __divsf3
 .text.avr-libc.fplib
                0x00001ebe       0xcc c:/program files (x86)/atmel/atmel toolchain/avr8 gcc/native/3.4.1061/avr8-gnu-toolchain/bin/../lib/gcc/avr/4.8.1/../../../../avr/lib/avr5\libm.a(divsf3x.o)
                0x00001ed4                __divsf3x
                0x00001ed8                __divsf3_pse
 .text.avr-libc.fplib
                0x00001f8a        0xa c:/program files (x86)/atmel/atmel toolchain/avr8 gcc/native/3.4.1061/avr8-gnu-toolchain/bin/../lib/gcc/avr/4.8.1/../../../../avr/lib/avr5\libm.a(fixsfsi.o)
                0x00001f8a                __fixsfsi
 .text.avr-libc.fplib
                0x00001f94       0x58 c:/program files (x86)/atmel/atmel toolchain/avr8 gcc/native/3.4.1061/avr8-gnu-toolchain/bin/../lib/gcc/avr/4.8.1/../../../../avr/lib/avr5\libm.a(fixunssfsi.o)
                0x00001f94                __fixunssfsi
 .text.avr-libc.fplib
                0x00001fec       0x7a c:/program files (x86)/atmel/atmel toolchain/avr8 gcc/native/3.4.1061/avr8-gnu-toolchain/bin/../lib/gcc/avr/4.8.1/../../../../avr/lib/avr5\libm.a(floatsisf.o)
                0x00001fec                __floatunsisf
                0x00001ff0                __floatsisf
 .text.avr-libc.fplib
                0x00002066       0x48 c:/program files (x86)/atmel/atmel toolchain/avr8 gcc/native/3.4.1061/avr8-gnu-toolchain/bin/../lib/gcc/avr/4.8.1/../../../../avr/lib/avr5\libm.a(fp_cmp.o)
                0x00002066                __fp_cmp
 .text.avr-libc.fplib
                0x000020ae        0xc c:/program files (x86)/atmel/atmel toolchain/avr8 gcc/native/3.4.1061/avr8-gnu-toolchain/bin/../lib/gcc/avr/4.8.1/../../../../avr/lib/avr5\libm.a(fp_inf.o)
                0x000020ae                __fp_inf
 .text.avr-libc.fplib
                0x000020ba        0x6 c:/program files (x86)/atmel/atmel toolchain/avr8 gcc/native/3.4.1061/avr8-gnu-toolchain/bin/../lib/gcc/avr/4.8.1/../../../../avr/lib/avr5\libm.a(fp_nan.o)
                0x000020ba                __fp_nan
 .text.avr-libc.fplib
                0x000020c0        0xe c:/program files (x86)/atmel/atmel toolchain/avr8 gcc/native/3.4.1061/avr8-gnu-toolchain/bin/../lib/gcc/avr/4.8.1/../../../../avr/lib/avr5\libm.a(fp_pscA.o)
                0x000020c0                __fp_pscA
 .text.avr-libc.fplib
                0x000020ce        0xe c:/program files (x86)/atmel/atmel toolchain/avr8 gcc/native/3.4.1061/avr8-gnu-toolchain/bin/../lib/gcc/avr/4.8.1/../../../../avr/lib/avr5\libm.a(fp_pscB.o)
                0x000020ce                __fp_pscB
 .text.avr-libc.fplib
                0x000020dc       0x22 c:/program files (x86)/atmel/atmel toolchain/avr8 gcc/native/3.4.1061/avr8-gnu-toolchain/bin/../lib/gcc/avr/4.8.1/../../../../avr/lib/avr5\libm.a(fp_round.o)
                0x000020dc                __fp_round
 .text.avr-libc.fplib
                0x000020fe       0x44 c:/program files (x86)/atmel/atmel toolchain/avr8 gcc/native/3.4.1061/avr8-gnu-toolchain/bin/../lib/gcc/avr/4.8.1/../../../../avr/lib/avr5\libm.a(fp_split3.o)
                0x000020fe                __fp_split3
                0x0000210e                __fp_splitA
 .text.avr-libc.fplib
                0x00002142        0xe c:/program files (x86)/atmel/atmel toolchain/avr8 gcc/native/3.4.1061/avr8-gnu-toolchain/bin/../lib/gcc/avr/4.8.1/../../../../avr/lib/avr5\libm.a(fp_zero.o)
                0x00002142                __fp_zero
                0x00002144                __fp_szero
 .text.avr-libc.fplib
                0x00002150        0x8 c:/program files (x86)/atmel/atmel toolchain/avr8 gcc/native/3.4.1061/avr8-gnu-toolchain/bin/../lib/gcc/avr/4.8.1/../../../../avr/lib/avr5\libm.a(gesf2.o)
                0x00002150                __gesf2
                0x00002150                __gtsf2
 .text.avr-libc.fplib
                0x00002158        0x4 c:/program files (x86)/atmel/atmel toolchain/avr8 gcc/native/3.4.1061/avr8-gnu-toolchain/bin/../lib/gcc/avr/4.8.1/../../../../avr/lib/avr5\libm.a(mulsf3.o)
                0x00002158                __mulsf3
 .text.avr-libc.fplib
                0x0000215c       0xc2 c:/program files (x86)/atmel/atmel toolchain/avr8 gcc/native/3.4.1061/avr8-gnu-toolchain/bin/../lib/gcc/avr/4.8.1/../../../../avr/lib/avr5\libm.a(mulsf3x.o)
                0x00002170                __mulsf3x
                0x00002174                __mulsf3_pse
 .text.libgcc.div
                0x0000221e       0x28 c:/program files (x86)/atmel/atmel toolchain/avr8 gcc/native/3.4.1061/avr8-gnu-toolchain/bin/../lib/gcc/avr/4.8.1/avr5\libgcc.a(_divmodhi4.o)
                0x0000221e                _div
                0x0000221e                __divmodhi4
 .text.libgcc.div
                0x00002246       0x2e c:/program files (x86)/atmel/atmel toolchain/avr8 gcc/native/3.4.1061/avr8-gnu-toolchain/bin/../lib/gcc/avr/4.8.1/avr5\libgcc.a(_divmodsi4.o)
                0x00002246                __divmodsi4
 .text.libgcc.div
                0x00002274       0x10 c:/program files (x86)/atmel/atmel toolchain/avr8 gcc/native/3.4.1061/avr8-gnu-toolchain/bin/../lib/gcc/avr/4.8.1/avr5\libgcc.a(_negsi2.o)
                0x00002274                __negsi2
 .text.libgcc.div
                0x00002284       0x28 c:/program files (x86)/atmel/atmel toolchain/avr8 gcc/native/3.4.1061/avr8-gnu-toolchain/bin/../lib/gcc/avr/4.8.1/avr5\libgcc.a(_udivmodhi4.o)
                0x00002284                __udivmodhi4
 .text.libgcc.div
                0x000022ac       0x44 c:/program files (x86)/atmel/atmel toolchain/avr8 gcc/native/3.4.1061/avr8-gnu-toolchain/bin/../lib/gcc/avr/4.8.1/avr5\libgcc.a(_udivmodsi4.o)
                0x000022ac                __udivmodsi4
 .text.avr-libc
                0x000022f0      0x24e c:/program files (x86)/atmel/atmel toolchain/avr8 gcc/native/3.4.1061/avr8-gnu-toolchain/bin/../lib/gcc/avr/4.8.1/../../../../avr/lib/avr5\libc.a(malloc.o)
                0x000022f0                malloc
                0x00002420                free
 .text.avr-libc
                0x0000253e       0xbc c:/program files (x86)/atmel/atmel toolchain/avr8 gcc/native/3.4.1061/avr8-gnu-toolchain/bin/../lib/gcc/avr/4.8.1/../../../../avr/lib/avr5\libc.a(rand.o)
                0x000025d4                rand_r
                0x000025da                rand
                0x000025e4                srand
 .text.avr-libc
                0x000025fa       0x96 c:/program files (x86)/atmel/atmel toolchain/avr8 gcc/native/3.4.1061/avr8-gnu-toolchain/bin/../lib/gcc/avr/4.8.1/../../../../avr/lib/avr5\libc.a(fdevopen.o)
                0x000025fa                fdevopen
 .text.avr-libc
                0x00002690       0x28 c:/program files (x86)/atmel/atmel toolchain/avr8 gcc/native/3.4.1061/avr8-gnu-toolchain/bin/../lib/gcc/avr/4.8.1/../../../../avr/lib/avr5\libc.a(printf.o)
                0x00002690                printf
 .text.avr-libc
                0x000026b8       0x44 c:/program files (x86)/atmel/atmel toolchain/avr8 gcc/native/3.4.1061/avr8-gnu-toolchain/bin/../lib/gcc/avr/4.8.1/../../../../avr/lib/avr5\libc.a(sprintf.o)
                0x000026b8                sprintf
 .text.avr-libc
                0x000026fc      0x3a4 c:/program files (x86)/atmel/atmel toolchain/avr8 gcc/native/3.4.1061/avr8-gnu-toolchain/bin/../lib/gcc/avr/4.8.1/../../../../avr/lib/avr5\libc.a(vfprintf_std.o)
                0x000026fc                vfprintf
 .text.avr-libc
                0x00002aa0       0x38 c:/program files (x86)/atmel/atmel toolchain/avr8 gcc/native/3.4.1061/avr8-gnu-toolchain/bin/../lib/gcc/avr/4.8.1/../../../../avr/lib/avr5\libc.a(calloc.o)
                0x00002aa0                calloc
 .text.avr-libc
                0x00002ad8       0x16 c:/program files (x86)/atmel/atmel toolchain/avr8 gcc/native/3.4.1061/avr8-gnu-toolchain/bin/../lib/gcc/avr/4.8.1/../../../../avr/lib/avr5\libc.a(strnlen_P.o)
                0x00002ad8                strnlen_P
 .text.avr-libc
                0x00002aee        0xe c:/program files (x86)/atmel/atmel toolchain/avr8 gcc/native/3.4.1061/avr8-gnu-toolchain/bin/../lib/gcc/avr/4.8.1/../../../../avr/lib/avr5\libc.a(memset.o)
                0x00002aee                memset
 .text.avr-libc
                0x00002afc       0x16 c:/program files (x86)/atmel/atmel toolchain/avr8 gcc/native/3.4.1061/avr8-gnu-toolchain/bin/../lib/gcc/avr/4.8.1/../../../../avr/lib/avr5\libc.a(strnlen.o)
                0x00002afc                strnlen
 .text.avr-libc
                0x00002b12       0x64 c:/program files (x86)/atmel/atmel toolchain/avr8 gcc/native/3.4.1061/avr8-gnu-toolchain/bin/../lib/gcc/avr/4.8.1/../../../../avr/lib/avr5\libc.a(fputc.o)
                0x00002b12                fputc
 .text.avr-libc
                0x00002b76       0xbc c:/program files (x86)/atmel/atmel toolchain/avr8 gcc/native/3.4.1061/avr8-gnu-toolchain/bin/../lib/gcc/avr/4.8.1/../../../../avr/lib/avr5\libc.a(ultoa_invert.o)
                0x00002b76                __ultoa_invert
 .text.libgcc.mul
                0x00002c32       0x16 c:/program files (x86)/atmel/atmel toolchain/avr8 gcc/native/3.4.1061/avr8-gnu-toolchain/bin/../lib/gcc/avr/4.8.1/avr5\libgcc.a(_muluhisi3.o)
                0x00002c32                __muluhisi3
 .text.libgcc.mul
                0x00002c48       0x10 c:/program files (x86)/atmel/atmel toolchain/avr8 gcc/native/3.4.1061/avr8-gnu-toolchain/bin/../lib/gcc/avr/4.8.1/avr5\libgcc.a(_mulshisi3.o)
                0x00002c48                __mulshisi3
                0x00002c4e                __mulohisi3
 .text.libgcc.prologue
                0x00002c58       0x38 c:/program files (x86)/atmel/atmel toolchain/avr8 gcc/native/3.4.1061/avr8-gnu-toolchain/bin/../lib/gcc/avr/4.8.1/avr5\libgcc.a(_prologue.o)
                0x00002c58                __prologue_saves__
 .text.libgcc.prologue
                0x00002c90       0x36 c:/program files (x86)/atmel/atmel toolchain/avr8 gcc/native/3.4.1061/avr8-gnu-toolchain/bin/../lib/gcc/avr/4.8.1/avr5\libgcc.a(_epilogue.o)
                0x00002c90                __epilogue_restores__
 .text.libgcc.mul
                0x00002cc6       0x1e c:/program files (x86)/atmel/atmel toolchain/avr8 gcc/native/3.4.1061/avr8-gnu-toolchain/bin/../lib/gcc/avr/4.8.1/avr5\libgcc.a(_umulhisi3.o)
                0x00002cc6                __umulhisi3
                0x00002ce4                . = ALIGN (0x2)
 *(.fini9)
 .fini9         0x00002ce4        0x0 c:/program files (x86)/atmel/atmel toolchain/avr8 gcc/native/3.4.1061/avr8-gnu-toolchain/bin/../lib/gcc/avr/4.8.1/avr5\libgcc.a(_exit.o)
                0x00002ce4                _exit
                0x00002ce4                exit
 *(.fini9)
 *(.fini8)
 *(.fini8)
 *(.fini7)
 *(.fini7)
 *(.fini6)
 *(.fini6)
 *(.fini5)
 *(.fini5)
 *(.fini4)
 *(.fini4)
 *(.fini3)
 *(.fini3)
 *(.fini2)
 *(.fini2)
 *(.fini1)
 *(.fini1)
 *(.fini0)
 .fini0         0x00002ce4        0x4 c:/program files (x86)/atmel/atmel toolchain/avr8 gcc/native/3.4.1061/avr8-gnu-toolchain/bin/../lib/gcc/avr/4.8.1/avr5\libgcc.a(_exit.o)
 *(.fini0)
                0x00002ce8                _etext = .

.data           0x00800100      0x122 load address 0x00002ce8
                0x00800100                PROVIDE (__data_start, .)
 *(.data)
 .data          0x00800100        0x6 c:/program files (x86)/atmel/atmel toolchain/avr8 gcc/native/3.4.1061/avr8-gnu-toolchain/bin/../lib/gcc/avr/4.8.1/../../../../avr/lib/avr5\libc.a(malloc.o)
                0x00800100                __malloc_heap_end
                0x00800102                __malloc_heap_start
                0x00800104                __malloc_margin
 .data          0x00800106        0x4 c:/program files (x86)/atmel/atmel toolchain/avr8 gcc/native/3.4.1061/avr8-gnu-toolchain/bin/../lib/gcc/avr/4.8.1/../../../../avr/lib/avr5\libc.a(rand.o)
 *(.data*)
 .data.yMean    0x0080010a        0x4 Driver_files/joy_driver.o
                0x0080010a                yMean
 .data.xMean    0x0080010e        0x4 Driver_files/joy_driver.o
                0x0080010e                xMean
 *(.rodata)
 *(.rodata*)
 .rodata.str1.1
                0x00800112       0x40 Game_files/pingpong.o
 .rodata.str1.1
                0x00800152        0x7 main.o
 .rodata.str1.1
                0x00800159       0x26 Driver_files/joy_driver.o
 .rodata.str1.1
                0x0080017f       0x34 Driver_files/MCP_driver.o
 .rodata.str1.1
                0x008001b3       0x23 Game_files/pong.o
 .rodata.str1.1
                0x008001d6       0x4c Interface_files/menu.o
                                 0x53 (size before relaxing)
 *(.gnu.linkonce.d*)
                0x00800222                . = ALIGN (0x2)
                0x00800222                _edata = .
                0x00800222                PROVIDE (__data_end, .)

.bss            0x00800222        0xc
                0x00800222                PROVIDE (__bss_start, .)
 *(.bss)
 *(.bss*)
 *(COMMON)
 COMMON         0x00800222        0x2 Game_files/pingpong.o
                0x00800222                current_state
                0x00800223                current_score
 COMMON         0x00800224        0x4 c:/program files (x86)/atmel/atmel toolchain/avr8 gcc/native/3.4.1061/avr8-gnu-toolchain/bin/../lib/gcc/avr/4.8.1/../../../../avr/lib/avr5\libc.a(malloc.o)
                0x00800224                __brkval
                0x00800226                __flp
 COMMON         0x00800228        0x6 c:/program files (x86)/atmel/atmel toolchain/avr8 gcc/native/3.4.1061/avr8-gnu-toolchain/bin/../lib/gcc/avr/4.8.1/../../../../avr/lib/avr5\libc.a(iob.o)
                0x00800228                __iob
                0x0080022e                PROVIDE (__bss_end, .)
                0x00002ce8                __data_load_start = LOADADDR (.data)
                0x00002e0a                __data_load_end = (__data_load_start + SIZEOF (.data))

.noinit         0x0080022e        0x0
                0x0080022e                PROVIDE (__noinit_start, .)
 *(.noinit*)
                0x0080022e                PROVIDE (__noinit_end, .)
                0x0080022e                _end = .
                0x0080022e                PROVIDE (__heap_start, .)

.eeprom         0x00810000        0x0
 *(.eeprom*)
                0x00810000                __eeprom_end = .

.fuse
 *(.fuse)
 *(.lfuse)
 *(.hfuse)
 *(.efuse)

.lock
 *(.lock*)

.signature
 *(.signature*)

.user_signatures
 *(.user_signatures*)

.stab
 *(.stab)

.stabstr
 *(.stabstr)

.stab.excl
 *(.stab.excl)

.stab.exclstr
 *(.stab.exclstr)

.stab.index
 *(.stab.index)

.stab.indexstr
 *(.stab.indexstr)

.comment        0x00000000       0x5c
 *(.comment)
 .comment       0x00000000       0x30 Driver_files/EEPROM_driver.o
                                 0x31 (size before relaxing)
 .comment       0x00000000       0x31 Driver_files/message_handler.o
 .comment       0x00000000       0x31 Driver_files/SPI_driver.o
 .comment       0x00000000       0x31 Game_files/highscore.o
 .comment       0x00000000       0x31 Game_files/pingpong.o
 .comment       0x00000000       0x31 main.o
 .comment       0x00000000       0x31 Driver_files/adc_driver.o
 .comment       0x00000000       0x31 Driver_files/CAN_driver.o
 .comment       0x00000000       0x31 Driver_files/joy_driver.o
 .comment       0x00000000       0x31 Driver_files/MCP_driver.o
 .comment       0x00000000       0x31 Driver_files/oled_driver.o
 .comment       0x00000000       0x31 Driver_files/sram_driver.o
 .comment       0x00000000       0x31 Driver_files/uart_driver.o
 .comment       0x00000000       0x31 Game_files/draw.o
 .comment       0x00000000       0x31 Game_files/pong.o
 .comment       0x00000000       0x31 Game_files/snake.o
 .comment       0x00000000       0x31 Interface_files/menu.o
 .comment       0x00000000       0x31 c:/program files (x86)/atmel/atmel toolchain/avr8 gcc/native/3.4.1061/avr8-gnu-toolchain/bin/../lib/gcc/avr/4.8.1/../../../../avr/lib/avr5\libc.a(malloc.o)
 .comment       0x00000000       0x31 c:/program files (x86)/atmel/atmel toolchain/avr8 gcc/native/3.4.1061/avr8-gnu-toolchain/bin/../lib/gcc/avr/4.8.1/../../../../avr/lib/avr5\libc.a(rand.o)
 .comment       0x00000000       0x31 c:/program files (x86)/atmel/atmel toolchain/avr8 gcc/native/3.4.1061/avr8-gnu-toolchain/bin/../lib/gcc/avr/4.8.1/../../../../avr/lib/avr5\libc.a(fdevopen.o)
 .comment       0x00000000       0x31 c:/program files (x86)/atmel/atmel toolchain/avr8 gcc/native/3.4.1061/avr8-gnu-toolchain/bin/../lib/gcc/avr/4.8.1/../../../../avr/lib/avr5\libc.a(iob.o)
 .comment       0x00000000       0x31 c:/program files (x86)/atmel/atmel toolchain/avr8 gcc/native/3.4.1061/avr8-gnu-toolchain/bin/../lib/gcc/avr/4.8.1/../../../../avr/lib/avr5\libc.a(printf.o)
 .comment       0x00000000       0x31 c:/program files (x86)/atmel/atmel toolchain/avr8 gcc/native/3.4.1061/avr8-gnu-toolchain/bin/../lib/gcc/avr/4.8.1/../../../../avr/lib/avr5\libc.a(sprintf.o)
 .comment       0x00000030       0x2c c:/program files (x86)/atmel/atmel toolchain/avr8 gcc/native/3.4.1061/avr8-gnu-toolchain/bin/../lib/gcc/avr/4.8.1/../../../../avr/lib/avr5\libc.a(vfprintf_std.o)
                                 0x2d (size before relaxing)
 .comment       0x00000000       0x31 c:/program files (x86)/atmel/atmel toolchain/avr8 gcc/native/3.4.1061/avr8-gnu-toolchain/bin/../lib/gcc/avr/4.8.1/../../../../avr/lib/avr5\libc.a(calloc.o)
 .comment       0x00000000       0x31 c:/program files (x86)/atmel/atmel toolchain/avr8 gcc/native/3.4.1061/avr8-gnu-toolchain/bin/../lib/gcc/avr/4.8.1/../../../../avr/lib/avr5\libc.a(fputc.o)

.note.gnu.build-id
 *(.note.gnu.build-id)

.debug
 *(.debug)

.line
 *(.line)

.debug_srcinfo
 *(.debug_srcinfo)

.debug_sfnames
 *(.debug_sfnames)

.debug_aranges  0x00000000      0x430
 *(.debug_aranges)
 .debug_aranges
                0x00000000       0x28 Driver_files/EEPROM_driver.o
 .debug_aranges
                0x00000028       0x38 Driver_files/message_handler.o
 .debug_aranges
                0x00000060       0x48 Driver_files/SPI_driver.o
 .debug_aranges
                0x000000a8       0x38 Game_files/highscore.o
 .debug_aranges
                0x000000e0       0x30 Game_files/pingpong.o
 .debug_aranges
                0x00000110       0x28 main.o
 .debug_aranges
                0x00000138       0x28 Driver_files/adc_driver.o
 .debug_aranges
                0x00000160       0x30 Driver_files/CAN_driver.o
 .debug_aranges
                0x00000190       0x40 Driver_files/joy_driver.o
 .debug_aranges
                0x000001d0       0x68 Driver_files/MCP_driver.o
 .debug_aranges
                0x00000238       0xb0 Driver_files/oled_driver.o
 .debug_aranges
                0x000002e8       0x30 Driver_files/sram_driver.o
 .debug_aranges
                0x00000318       0x30 Driver_files/uart_driver.o
 .debug_aranges
                0x00000348       0x20 Game_files/draw.o
 .debug_aranges
                0x00000368       0x68 Game_files/pong.o
 .debug_aranges
                0x000003d0       0x38 Game_files/snake.o
 .debug_aranges
                0x00000408       0x28 Interface_files/menu.o

.debug_pubnames
 *(.debug_pubnames)

.debug_info     0x00000000     0x4abb
 *(.debug_info .gnu.linkonce.wi.*)
 .debug_info    0x00000000       0xdc Driver_files/EEPROM_driver.o
 .debug_info    0x000000dc      0x33b Driver_files/message_handler.o
 .debug_info    0x00000417      0x141 Driver_files/SPI_driver.o
 .debug_info    0x00000558      0x3a4 Game_files/highscore.o
 .debug_info    0x000008fc      0x51f Game_files/pingpong.o
 .debug_info    0x00000e1b      0x179 main.o
 .debug_info    0x00000f94      0x14f Driver_files/adc_driver.o
 .debug_info    0x000010e3      0x35a Driver_files/CAN_driver.o
 .debug_info    0x0000143d      0x5a8 Driver_files/joy_driver.o
 .debug_info    0x000019e5      0x67f Driver_files/MCP_driver.o
 .debug_info    0x00002064      0xe06 Driver_files/oled_driver.o
 .debug_info    0x00002e6a      0x21a Driver_files/sram_driver.o
 .debug_info    0x00003084      0x1f3 Driver_files/uart_driver.o
 .debug_info    0x00003277      0x273 Game_files/draw.o
 .debug_info    0x000034ea      0x9d4 Game_files/pong.o
 .debug_info    0x00003ebe      0x5f7 Game_files/snake.o
 .debug_info    0x000044b5      0x606 Interface_files/menu.o

.debug_abbrev   0x00000000     0x1bf7
 *(.debug_abbrev)
 .debug_abbrev  0x00000000       0x8b Driver_files/EEPROM_driver.o
 .debug_abbrev  0x0000008b      0x1a1 Driver_files/message_handler.o
 .debug_abbrev  0x0000022c       0xd4 Driver_files/SPI_driver.o
 .debug_abbrev  0x00000300      0x150 Game_files/highscore.o
 .debug_abbrev  0x00000450      0x232 Game_files/pingpong.o
 .debug_abbrev  0x00000682      0x10a main.o
 .debug_abbrev  0x0000078c      0x108 Driver_files/adc_driver.o
 .debug_abbrev  0x00000894      0x19f Driver_files/CAN_driver.o
 .debug_abbrev  0x00000a33      0x272 Driver_files/joy_driver.o
 .debug_abbrev  0x00000ca5      0x1d6 Driver_files/MCP_driver.o
 .debug_abbrev  0x00000e7b      0x266 Driver_files/oled_driver.o
 .debug_abbrev  0x000010e1      0x132 Driver_files/sram_driver.o
 .debug_abbrev  0x00001213      0x131 Driver_files/uart_driver.o
 .debug_abbrev  0x00001344      0x19a Game_files/draw.o
 .debug_abbrev  0x000014de      0x26b Game_files/pong.o
 .debug_abbrev  0x00001749      0x27d Game_files/snake.o
 .debug_abbrev  0x000019c6      0x231 Interface_files/menu.o

.debug_line     0x00000000     0x1cc2
 *(.debug_line .debug_line.* .debug_line_end)
 .debug_line    0x00000000       0xe0 Driver_files/EEPROM_driver.o
 .debug_line    0x000000e0      0x154 Driver_files/message_handler.o
 .debug_line    0x00000234      0x114 Driver_files/SPI_driver.o
 .debug_line    0x00000348      0x183 Game_files/highscore.o
 .debug_line    0x000004cb      0x204 Game_files/pingpong.o
 .debug_line    0x000006cf      0x15a main.o
 .debug_line    0x00000829      0x14d Driver_files/adc_driver.o
 .debug_line    0x00000976      0x123 Driver_files/CAN_driver.o
 .debug_line    0x00000a99      0x1f9 Driver_files/joy_driver.o
 .debug_line    0x00000c92      0x1e1 Driver_files/MCP_driver.o
 .debug_line    0x00000e73      0x300 Driver_files/oled_driver.o
 .debug_line    0x00001173      0x111 Driver_files/sram_driver.o
 .debug_line    0x00001284       0xf9 Driver_files/uart_driver.o
 .debug_line    0x0000137d      0x17a Game_files/draw.o
 .debug_line    0x000014f7      0x2b1 Game_files/pong.o
 .debug_line    0x000017a8      0x302 Game_files/snake.o
 .debug_line    0x00001aaa      0x218 Interface_files/menu.o

.debug_frame    0x00000000      0xd38
 *(.debug_frame)
 .debug_frame   0x00000000       0x34 Driver_files/EEPROM_driver.o
 .debug_frame   0x00000034       0xbc Driver_files/message_handler.o
 .debug_frame   0x000000f0       0x74 Driver_files/SPI_driver.o
 .debug_frame   0x00000164      0x148 Game_files/highscore.o
 .debug_frame   0x000002ac       0x74 Game_files/pingpong.o
 .debug_frame   0x00000320       0x40 main.o
 .debug_frame   0x00000360       0x34 Driver_files/adc_driver.o
 .debug_frame   0x00000394       0x64 Driver_files/CAN_driver.o
 .debug_frame   0x000003f8      0x114 Driver_files/joy_driver.o
 .debug_frame   0x0000050c       0xfc Driver_files/MCP_driver.o
 .debug_frame   0x00000608      0x2c4 Driver_files/oled_driver.o
 .debug_frame   0x000008cc       0xc0 Driver_files/sram_driver.o
 .debug_frame   0x0000098c       0x44 Driver_files/uart_driver.o
 .debug_frame   0x000009d0       0x24 Game_files/draw.o
 .debug_frame   0x000009f4      0x1d4 Game_files/pong.o
 .debug_frame   0x00000bc8       0xc8 Game_files/snake.o
 .debug_frame   0x00000c90       0xa8 Interface_files/menu.o

.debug_str      0x00000000      0xafb
 *(.debug_str)
 .debug_str     0x00000000      0x13b Driver_files/EEPROM_driver.o
                                0x174 (size before relaxing)
 .debug_str     0x0000013b      0x134 Driver_files/message_handler.o
                                0x283 (size before relaxing)
 .debug_str     0x0000026f       0x81 Driver_files/SPI_driver.o
                                0x189 (size before relaxing)
 .debug_str     0x000002f0       0x7b Game_files/highscore.o
                                0x1e9 (size before relaxing)
 .debug_str     0x0000036b       0xdb Game_files/pingpong.o
                                0x2aa (size before relaxing)
 .debug_str     0x00000446       0x41 main.o
                                0x188 (size before relaxing)
 .debug_str     0x00000487       0x45 Driver_files/adc_driver.o
                                0x1ab (size before relaxing)
 .debug_str     0x000004cc       0x5a Driver_files/CAN_driver.o
                                0x1c9 (size before relaxing)
 .debug_str     0x00000526       0xa5 Driver_files/joy_driver.o
                                0x2f3 (size before relaxing)
 .debug_str     0x000005cb       0x5d Driver_files/MCP_driver.o
                                0x229 (size before relaxing)
 .debug_str     0x00000628      0x159 Driver_files/oled_driver.o
                                0x316 (size before relaxing)
 .debug_str     0x00000781       0x7b Driver_files/sram_driver.o
                                0x1d6 (size before relaxing)
 .debug_str     0x000007fc       0x5f Driver_files/uart_driver.o
                                0x197 (size before relaxing)
 .debug_str     0x0000085b       0x1f Game_files/draw.o
                                0x21e (size before relaxing)
 .debug_str     0x0000087a      0x13f Game_files/pong.o
                                0x364 (size before relaxing)
 .debug_str     0x000009b9       0x79 Game_files/snake.o
                                0x28b (size before relaxing)
 .debug_str     0x00000a32       0xc9 Interface_files/menu.o
                                0x322 (size before relaxing)

.debug_loc      0x00000000     0x3647
 *(.debug_loc)
 .debug_loc     0x00000000       0x24 Driver_files/EEPROM_driver.o
 .debug_loc     0x00000024      0x159 Driver_files/message_handler.o
 .debug_loc     0x0000017d       0x40 Driver_files/SPI_driver.o
 .debug_loc     0x000001bd      0x5d1 Game_files/highscore.o
 .debug_loc     0x0000078e      0x134 Game_files/pingpong.o
 .debug_loc     0x000008c2       0x3c main.o
 .debug_loc     0x000008fe       0x26 Driver_files/adc_driver.o
 .debug_loc     0x00000924      0x135 Driver_files/CAN_driver.o
 .debug_loc     0x00000a59      0x4cd Driver_files/joy_driver.o
 .debug_loc     0x00000f26      0x32b Driver_files/MCP_driver.o
 .debug_loc     0x00001251      0xf86 Driver_files/oled_driver.o
 .debug_loc     0x000021d7      0x243 Driver_files/sram_driver.o
 .debug_loc     0x0000241a       0x5d Driver_files/uart_driver.o
 .debug_loc     0x00002477       0x49 Game_files/draw.o
 .debug_loc     0x000024c0      0x85a Game_files/pong.o
 .debug_loc     0x00002d1a      0x51a Game_files/snake.o
 .debug_loc     0x00003234      0x413 Interface_files/menu.o

.debug_macinfo
 *(.debug_macinfo)

.debug_weaknames
 *(.debug_weaknames)

.debug_funcnames
 *(.debug_funcnames)

.debug_typenames
 *(.debug_typenames)

.debug_varnames
 *(.debug_varnames)

.debug_pubtypes
 *(.debug_pubtypes)

.debug_ranges   0x00000000      0x468
 *(.debug_ranges)
 .debug_ranges  0x00000000       0x18 Driver_files/EEPROM_driver.o
 .debug_ranges  0x00000018       0x28 Driver_files/message_handler.o
 .debug_ranges  0x00000040       0x38 Driver_files/SPI_driver.o
 .debug_ranges  0x00000078       0x40 Game_files/highscore.o
 .debug_ranges  0x000000b8       0x20 Game_files/pingpong.o
 .debug_ranges  0x000000d8       0x18 main.o
 .debug_ranges  0x000000f0       0x18 Driver_files/adc_driver.o
 .debug_ranges  0x00000108       0x20 Driver_files/CAN_driver.o
 .debug_ranges  0x00000128       0x48 Driver_files/joy_driver.o
 .debug_ranges  0x00000170       0x58 Driver_files/MCP_driver.o
 .debug_ranges  0x000001c8      0x130 Driver_files/oled_driver.o
 .debug_ranges  0x000002f8       0x50 Driver_files/sram_driver.o
 .debug_ranges  0x00000348       0x20 Driver_files/uart_driver.o
 .debug_ranges  0x00000368       0x10 Game_files/draw.o
 .debug_ranges  0x00000378       0x58 Game_files/pong.o
 .debug_ranges  0x000003d0       0x40 Game_files/snake.o
 .debug_ranges  0x00000410       0x58 Interface_files/menu.o

.debug_macro
 *(.debug_macro)
OUTPUT(ByggernBellLund_6_2.elf elf32-avr)
LOAD linker stubs
